Archive member included to satisfy reference by file (symbol)

c:/program files (x86)/atmel/studio/7.0/toolchain/arm/arm-gnu-toolchain/bin/../lib/gcc/arm-none-eabi/6.3.1/thumb/v7e-m\libgcc.a(_aeabi_uldivmod.o)
                              src/main.o (__aeabi_uldivmod)
c:/program files (x86)/atmel/studio/7.0/toolchain/arm/arm-gnu-toolchain/bin/../lib/gcc/arm-none-eabi/6.3.1/thumb/v7e-m\libgcc.a(_udivmoddi4.o)
                              c:/program files (x86)/atmel/studio/7.0/toolchain/arm/arm-gnu-toolchain/bin/../lib/gcc/arm-none-eabi/6.3.1/thumb/v7e-m\libgcc.a(_aeabi_uldivmod.o) (__udivmoddi4)
c:/program files (x86)/atmel/studio/7.0/toolchain/arm/arm-gnu-toolchain/bin/../lib/gcc/arm-none-eabi/6.3.1/thumb/v7e-m\libgcc.a(_dvmd_tls.o)
                              c:/program files (x86)/atmel/studio/7.0/toolchain/arm/arm-gnu-toolchain/bin/../lib/gcc/arm-none-eabi/6.3.1/thumb/v7e-m\libgcc.a(_aeabi_uldivmod.o) (__aeabi_ldiv0)
c:/program files (x86)/atmel/studio/7.0/toolchain/arm/arm-gnu-toolchain/bin/../lib/gcc/arm-none-eabi/6.3.1/../../../../arm-none-eabi/lib/thumb/v7e-m\libc.a(lib_a-exit.o)
                              c:/program files (x86)/atmel/studio/7.0/toolchain/arm/arm-gnu-toolchain/bin/../lib/gcc/arm-none-eabi/6.3.1/../../../../arm-none-eabi/lib/thumb/v7e-m/crt0.o (exit)
c:/program files (x86)/atmel/studio/7.0/toolchain/arm/arm-gnu-toolchain/bin/../lib/gcc/arm-none-eabi/6.3.1/../../../../arm-none-eabi/lib/thumb/v7e-m\libc.a(lib_a-impure.o)
                              c:/program files (x86)/atmel/studio/7.0/toolchain/arm/arm-gnu-toolchain/bin/../lib/gcc/arm-none-eabi/6.3.1/../../../../arm-none-eabi/lib/thumb/v7e-m\libc.a(lib_a-exit.o) (_global_impure_ptr)
c:/program files (x86)/atmel/studio/7.0/toolchain/arm/arm-gnu-toolchain/bin/../lib/gcc/arm-none-eabi/6.3.1/../../../../arm-none-eabi/lib/thumb/v7e-m\libc.a(lib_a-init.o)
                              c:/program files (x86)/atmel/studio/7.0/toolchain/arm/arm-gnu-toolchain/bin/../lib/gcc/arm-none-eabi/6.3.1/../../../../arm-none-eabi/lib/thumb/v7e-m/crt0.o (__libc_init_array)
c:/program files (x86)/atmel/studio/7.0/toolchain/arm/arm-gnu-toolchain/bin/../lib/gcc/arm-none-eabi/6.3.1/../../../../arm-none-eabi/lib/thumb/v7e-m\libc.a(lib_a-iprintf.o)
                              src/main.o (iprintf)
c:/program files (x86)/atmel/studio/7.0/toolchain/arm/arm-gnu-toolchain/bin/../lib/gcc/arm-none-eabi/6.3.1/../../../../arm-none-eabi/lib/thumb/v7e-m\libc.a(lib_a-memcpy.o)
                              src/main.o (memcpy)
c:/program files (x86)/atmel/studio/7.0/toolchain/arm/arm-gnu-toolchain/bin/../lib/gcc/arm-none-eabi/6.3.1/../../../../arm-none-eabi/lib/thumb/v7e-m\libc.a(lib_a-memset.o)
                              c:/program files (x86)/atmel/studio/7.0/toolchain/arm/arm-gnu-toolchain/bin/../lib/gcc/arm-none-eabi/6.3.1/../../../../arm-none-eabi/lib/thumb/v7e-m/crt0.o (memset)
c:/program files (x86)/atmel/studio/7.0/toolchain/arm/arm-gnu-toolchain/bin/../lib/gcc/arm-none-eabi/6.3.1/../../../../arm-none-eabi/lib/thumb/v7e-m\libc.a(lib_a-puts.o)
                              src/main.o (puts)
c:/program files (x86)/atmel/studio/7.0/toolchain/arm/arm-gnu-toolchain/bin/../lib/gcc/arm-none-eabi/6.3.1/../../../../arm-none-eabi/lib/thumb/v7e-m\libc.a(lib_a-setbuf.o)
                              src/main.o (setbuf)
c:/program files (x86)/atmel/studio/7.0/toolchain/arm/arm-gnu-toolchain/bin/../lib/gcc/arm-none-eabi/6.3.1/../../../../arm-none-eabi/lib/thumb/v7e-m\libc.a(lib_a-setvbuf.o)
                              c:/program files (x86)/atmel/studio/7.0/toolchain/arm/arm-gnu-toolchain/bin/../lib/gcc/arm-none-eabi/6.3.1/../../../../arm-none-eabi/lib/thumb/v7e-m\libc.a(lib_a-setbuf.o) (setvbuf)
c:/program files (x86)/atmel/studio/7.0/toolchain/arm/arm-gnu-toolchain/bin/../lib/gcc/arm-none-eabi/6.3.1/../../../../arm-none-eabi/lib/thumb/v7e-m\libc.a(lib_a-strlen.o)
                              c:/program files (x86)/atmel/studio/7.0/toolchain/arm/arm-gnu-toolchain/bin/../lib/gcc/arm-none-eabi/6.3.1/../../../../arm-none-eabi/lib/thumb/v7e-m\libc.a(lib_a-puts.o) (strlen)
c:/program files (x86)/atmel/studio/7.0/toolchain/arm/arm-gnu-toolchain/bin/../lib/gcc/arm-none-eabi/6.3.1/../../../../arm-none-eabi/lib/thumb/v7e-m\libc.a(lib_a-vfiprintf.o)
                              c:/program files (x86)/atmel/studio/7.0/toolchain/arm/arm-gnu-toolchain/bin/../lib/gcc/arm-none-eabi/6.3.1/../../../../arm-none-eabi/lib/thumb/v7e-m\libc.a(lib_a-iprintf.o) (_vfiprintf_r)
c:/program files (x86)/atmel/studio/7.0/toolchain/arm/arm-gnu-toolchain/bin/../lib/gcc/arm-none-eabi/6.3.1/../../../../arm-none-eabi/lib/thumb/v7e-m\libc.a(lib_a-wsetup.o)
                              c:/program files (x86)/atmel/studio/7.0/toolchain/arm/arm-gnu-toolchain/bin/../lib/gcc/arm-none-eabi/6.3.1/../../../../arm-none-eabi/lib/thumb/v7e-m\libc.a(lib_a-vfiprintf.o) (__swsetup_r)
[...]
Memory Configuration

Name             Origin             Length             Attributes
rom              0x00400000         0x00200000         xr
ram              0x20400000         0x00060000         xrw
*default*        0x00000000         0xffffffff

Linker script and memory map

LOAD c:/program files (x86)/atmel/studio/7.0/toolchain/arm/arm-gnu-toolchain/bin/../lib/gcc/arm-none-eabi/6.3.1/thumb/v7e-m/crti.o
LOAD c:/program files (x86)/atmel/studio/7.0/toolchain/arm/arm-gnu-toolchain/bin/../lib/gcc/arm-none-eabi/6.3.1/thumb/v7e-m/crtbegin.o
LOAD c:/program files (x86)/atmel/studio/7.0/toolchain/arm/arm-gnu-toolchain/bin/../lib/gcc/arm-none-eabi/6.3.1/../../../../arm-none-eabi/lib/thumb/v7e-m/crt0.o
LOAD src/ASF/common/services/delay/sam/cycle_counter.o
LOAD src/ASF/common/services/spi/sam_spi/spi_master.o
LOAD src/ASF/common/utils/stdio/read.o
LOAD src/ASF/sam/drivers/usart/usart.o
LOAD src/ASF/common/utils/stdio/write.o
LOAD src/ASF/common/services/serial/usart_serial.o
LOAD src/ASF/sam/drivers/spi/spi.o
LOAD src/ASF/sam/drivers/uart/uart.o
LOAD src/ASF/common/services/clock/same70/sysclk.o
LOAD src/ASF/common/utils/interrupt/interrupt_sam_nvic.o
LOAD src/ASF/sam/boards/same70_xplained/init.o
LOAD src/ASF/sam/drivers/mpu/mpu.o
LOAD src/ASF/sam/drivers/pio/pio.o
LOAD src/ASF/sam/drivers/pio/pio_handler.o
LOAD src/ASF/sam/drivers/pmc/pmc.o
LOAD src/ASF/sam/drivers/pmc/sleep.o
LOAD src/ASF/sam/utils/cmsis/same70/source/templates/gcc/startup_same70.o
LOAD src/ASF/sam/utils/cmsis/same70/source/templates/system_same70.o
LOAD src/ASF/sam/utils/syscalls/gcc/syscalls.o
LOAD src/main.o
START GROUP
LOAD ../src/ASF/thirdparty/CMSIS/Lib/GCC\libarm_cortexM7lfsp_math_softfp.a
LOAD c:/program files (x86)/atmel/studio/7.0/toolchain/arm/arm-gnu-toolchain/bin/../lib/gcc/arm-none-eabi/6.3.1/../../../../arm-none-eabi/lib/thumb/v7e-m\libm.a
END GROUP
START GROUP
LOAD c:/program files (x86)/atmel/studio/7.0/toolchain/arm/arm-gnu-toolchain/bin/../lib/gcc/arm-none-eabi/6.3.1/thumb/v7e-m\libgcc.a
LOAD c:/program files (x86)/atmel/studio/7.0/toolchain/arm/arm-gnu-toolchain/bin/../lib/gcc/arm-none-eabi/6.3.1/../../../../arm-none-eabi/lib/thumb/v7e-m\libc.a
END GROUP
LOAD c:/program files (x86)/atmel/studio/7.0/toolchain/arm/arm-gnu-toolchain/bin/../lib/gcc/arm-none-eabi/6.3.1/thumb/v7e-m/crtend.o
LOAD c:/program files (x86)/atmel/studio/7.0/toolchain/arm/arm-gnu-toolchain/bin/../lib/gcc/arm-none-eabi/6.3.1/thumb/v7e-m/crtn.o
                0x00002000                STACK_SIZE = DEFINED (STACK_SIZE)?STACK_SIZE:0x2000
                0x2045fffc                __ram_end__ = ((ORIGIN (ram) + LENGTH (ram)) - 0x4)
                0x00000200                HEAP_SIZE = DEFINED (HEAP_SIZE)?HEAP_SIZE:0x200

.text           0x00400000     0x4b08
                0x00400000                . = ALIGN (0x4)
                0x00400000                _sfixed = .
 *(.vectors .vectors.*)
 .vectors       0x00400000      0x168 src/ASF/sam/utils/cmsis/same70/source/templates/gcc/startup_same70.o
                0x00400000                exception_table
 *(.text .text.* .gnu.linkonce.t.*)
 .text          0x00400168       0x6c c:/program files (x86)/atmel/studio/7.0/toolchain/arm/arm-gnu-toolchain/bin/../lib/gcc/arm-none-eabi/6.3.1/thumb/v7e-m/crtbegin.o
 .text._read    0x004001d4       0x3c src/ASF/common/utils/stdio/read.o
                0x004001d4                _read
 .text.usart_set_async_baudrate
                0x00400210       0x5a src/ASF/sam/drivers/usart/usart.o
                0x00400210                usart_set_async_baudrate
 *fill*         0x0040026a        0x2 
 .text.usart_reset
                0x0040026c       0x28 src/ASF/sam/drivers/usart/usart.o
                0x0040026c                usart_reset
 .text.usart_init_rs232
                0x00400294       0x54 src/ASF/sam/drivers/usart/usart.o
                0x00400294                usart_init_rs232
 .text.usart_enable_tx
                0x004002e8        0x6 src/ASF/sam/drivers/usart/usart.o
                0x004002e8                usart_enable_tx
 .text.usart_enable_rx
                0x004002ee        0x6 src/ASF/sam/drivers/usart/usart.o
                0x004002ee                usart_enable_rx
 .text.usart_write
                0x004002f4       0x16 src/ASF/sam/drivers/usart/usart.o
                0x004002f4                usart_write
 .text.usart_read
                0x0040030a       0x18 src/ASF/sam/drivers/usart/usart.o
                0x0040030a                usart_read
 *fill*         0x00400322        0x2 
 .text._write   0x00400324       0x50 src/ASF/common/utils/stdio/write.o
                0x00400324                _write
 .text.spi_enable_clock
                0x00400374       0x2c src/ASF/sam/drivers/spi/spi.o
                0x00400374                spi_enable_clock
 .text.spi_set_peripheral_chip_select_value
                0x004003a0       0x16 src/ASF/sam/drivers/spi/spi.o
                0x004003a0                spi_set_peripheral_chip_select_value
 .text.spi_read
                0x004003b6       0x30 src/ASF/sam/drivers/spi/spi.o
                0x004003b6                spi_read
 .text.spi_write
                0x004003e6       0x34 src/ASF/sam/drivers/spi/spi.o
                0x004003e6                spi_write
 .text.spi_set_clock_polarity
                0x0040041a       0x1e src/ASF/sam/drivers/spi/spi.o
                0x0040041a                spi_set_clock_polarity
 .text.spi_set_clock_phase
                0x00400438       0x1e src/ASF/sam/drivers/spi/spi.o
                0x00400438                spi_set_clock_phase
 .text.spi_set_bits_per_transfer
                0x00400456       0x14 src/ASF/sam/drivers/spi/spi.o
                0x00400456                spi_set_bits_per_transfer
 .text.spi_set_baudrate_div
                0x0040046a       0x28 src/ASF/sam/drivers/spi/spi.o
                0x0040046a                spi_set_baudrate_div
 .text.spi_set_transfer_delay
                0x00400492       0x1e src/ASF/sam/drivers/spi/spi.o
                0x00400492                spi_set_transfer_delay
 .text.uart_write
                0x004004b0       0x12 src/ASF/sam/drivers/uart/uart.o
                0x004004b0                uart_write
 .text.uart_read
                0x004004c2       0x14 src/ASF/sam/drivers/uart/uart.o
                0x004004c2                uart_read
 *fill*         0x004004d6        0x2 
 .text.sysclk_init
                0x004004d8       0x70 src/ASF/common/services/clock/same70/sysclk.o
                0x004004d8                sysclk_init
 .text.board_init
                0x00400548      0x21c src/ASF/sam/boards/same70_xplained/init.o
                0x00400548                board_init
 .text.pio_get_interrupt_status
                0x00400764        0x4 src/ASF/sam/drivers/pio/pio.o
                0x00400764                pio_get_interrupt_status
 .text.pio_get_interrupt_mask
                0x00400768        0x4 src/ASF/sam/drivers/pio/pio.o
                0x00400768                pio_get_interrupt_mask
 .text.pio_handler_process
                0x0040076c       0x50 src/ASF/sam/drivers/pio/pio_handler.o
                0x0040076c                pio_handler_process
 .text.PIOA_Handler
                0x004007bc       0x14 src/ASF/sam/drivers/pio/pio_handler.o
                0x004007bc                PIOA_Handler
 .text.PIOB_Handler
                0x004007d0       0x14 src/ASF/sam/drivers/pio/pio_handler.o
                0x004007d0                PIOB_Handler
 .text.PIOC_Handler
                0x004007e4       0x14 src/ASF/sam/drivers/pio/pio_handler.o
                0x004007e4                PIOC_Handler
 .text.PIOD_Handler
                0x004007f8       0x14 src/ASF/sam/drivers/pio/pio_handler.o
                0x004007f8                PIOD_Handler
 .text.PIOE_Handler
                0x0040080c       0x14 src/ASF/sam/drivers/pio/pio_handler.o
                0x0040080c                PIOE_Handler
 .text.pmc_mck_set_division
                0x00400820       0x38 src/ASF/sam/drivers/pmc/pmc.o
                0x00400820                pmc_mck_set_division
 .text.pmc_switch_mck_to_pllack
                0x00400858       0x64 src/ASF/sam/drivers/pmc/pmc.o
                0x00400858                pmc_switch_mck_to_pllack
 .text.pmc_switch_mainck_to_xtal
                0x004008bc       0x54 src/ASF/sam/drivers/pmc/pmc.o
                0x004008bc                pmc_switch_mainck_to_xtal
 .text.pmc_osc_is_ready_mainck
                0x00400910       0x10 src/ASF/sam/drivers/pmc/pmc.o
                0x00400910                pmc_osc_is_ready_mainck
 .text.pmc_disable_pllack
                0x00400920       0x10 src/ASF/sam/drivers/pmc/pmc.o
                0x00400920                pmc_disable_pllack
 .text.pmc_is_locked_pllack
                0x00400930       0x10 src/ASF/sam/drivers/pmc/pmc.o
                0x00400930                pmc_is_locked_pllack
 .text.pmc_enable_periph_clk
                0x00400940       0x20 src/ASF/sam/drivers/pmc/pmc.o
                0x00400940                pmc_enable_periph_clk
 .text.Dummy_Handler
                0x00400960        0x2 src/ASF/sam/utils/cmsis/same70/source/templates/gcc/startup_same70.o
                0x00400960                DACC_Handler
                0x00400960                DebugMon_Handler
                0x00400960                UART3_Handler
                0x00400960                UART2_Handler
                0x00400960                TRNG_Handler
                0x00400960                HardFault_Handler
                0x00400960                TC2_Handler
                0x00400960                SysTick_Handler
                0x00400960                AFEC1_Handler
                0x00400960                PendSV_Handler
                0x00400960                NMI_Handler
                0x00400960                TC7_Handler
                0x00400960                QSPI_Handler
                0x00400960                ISI_Handler
                0x00400960                MCAN0_INT0_Handler
                0x00400960                TC9_Handler
                0x00400960                RSWDT_Handler
                0x00400960                USART0_Handler
                0x00400960                RTT_Handler
                0x00400960                USBHS_Handler
                0x00400960                IXC_Handler
                0x00400960                CCF_Handler
                0x00400960                RTC_Handler
                0x00400960                UsageFault_Handler
                0x00400960                TC6_Handler
                0x00400960                WDT_Handler
                0x00400960                MCAN1_INT1_Handler
                0x00400960                TC4_Handler
                0x00400960                TC1_Handler
                0x00400960                HSMCI_Handler
                0x00400960                UART1_Handler
                0x00400960                TC3_Handler
                0x00400960                Dummy_Handler
                0x00400960                TWIHS1_Handler
                0x00400960                XDMAC_Handler
                0x00400960                UART4_Handler
                0x00400960                PWM1_Handler
                0x00400960                USART1_Handler
                0x00400960                PWM0_Handler
                0x00400960                AFEC0_Handler
                0x00400960                CCW_Handler
                0x00400960                SSC_Handler
                0x00400960                TC11_Handler
                0x00400960                ACC_Handler
                0x00400960                PMC_Handler
                0x00400960                GMAC_Handler
                0x00400960                MCAN0_INT1_Handler
                0x00400960                GMAC_Q5_Handler
                0x00400960                MemManage_Handler
                0x00400960                SUPC_Handler
                0x00400960                SVC_Handler
                0x00400960                TC8_Handler
                0x00400960                MCAN1_INT0_Handler
                0x00400960                EFC_Handler
                0x00400960                GMAC_Q1_Handler
                0x00400960                USART2_Handler
                0x00400960                SDRAMC_Handler
                0x00400960                GMAC_Q2_Handler
                0x00400960                SPI1_Handler
                0x00400960                TC10_Handler
                0x00400960                GMAC_Q3_Handler
                0x00400960                TWIHS2_Handler
                0x00400960                I2SC0_Handler
                0x00400960                UART0_Handler
                0x00400960                I2SC1_Handler
                0x00400960                GMAC_Q4_Handler
                0x00400960                FPU_Handler
                0x00400960                BusFault_Handler
                0x00400960                RSTC_Handler
                0x00400960                TC0_Handler
                0x00400960                TC5_Handler
                0x00400960                ICM_Handler
                0x00400960                AES_Handler
                0x00400960                TWIHS0_Handler
                0x00400960                SPI0_Handler
 *fill*         0x00400962        0x2 
 .text.Reset_Handler
                0x00400964       0xc8 src/ASF/sam/utils/cmsis/same70/source/templates/gcc/startup_same70.o
                0x00400964                Reset_Handler
 .text.SystemCoreClockUpdate
                0x00400a2c      0x10c src/ASF/sam/utils/cmsis/same70/source/templates/system_same70.o
                0x00400a2c                SystemCoreClockUpdate
 .text.system_init_flash
                0x00400b38       0x8c src/ASF/sam/utils/cmsis/same70/source/templates/system_same70.o
                0x00400b38                system_init_flash
 .text._sbrk    0x00400bc4       0x38 src/ASF/sam/utils/syscalls/gcc/syscalls.o
                0x00400bc4                _sbrk
 .text._close   0x00400bfc        0x6 src/ASF/sam/utils/syscalls/gcc/syscalls.o
                0x00400bfc                _close
 .text._fstat   0x00400c02        0xa src/ASF/sam/utils/syscalls/gcc/syscalls.o
                0x00400c02                _fstat
 .text._isatty  0x00400c0c        0x4 src/ASF/sam/utils/syscalls/gcc/syscalls.o
                0x00400c0c                _isatty
 .text._lseek   0x00400c10        0x4 src/ASF/sam/utils/syscalls/gcc/syscalls.o
                0x00400c10                _lseek
 .text.spi_master_transfer
                0x00400c14       0x58 src/main.o
 .text.usart_serial_getchar
                0x00400c6c       0xdc src/main.o
 .text.usart_serial_putchar
                0x00400d48       0xd4 src/main.o
 .text.nRF24_readRegister
                0x00400e1c       0x28 src/main.o
                0x00400e1c                nRF24_readRegister
 .text.read_register
                0x00400e44       0x2c src/main.o
                0x00400e44                read_register
 .text.nRF24_writeRegister
                0x00400e70       0x2c src/main.o
                0x00400e70                nRF24_writeRegister
 .text.nRF_writeRegister
                0x00400e9c       0x4c src/main.o
                0x00400e9c                nRF_writeRegister
 .text.nRF24_FlushRx
                0x00400ee8       0x20 src/main.o
                0x00400ee8                nRF24_FlushRx
 .text.nRF24_FlushTx
                0x00400f08       0x20 src/main.o
                0x00400f08                nRF24_FlushTx
 .text.nRF24_getStatus
                0x00400f28       0x20 src/main.o
                0x00400f28                nRF24_getStatus
 .text.nRF24_setDataRate
                0x00400f48       0x44 src/main.o
                0x00400f48                nRF24_setDataRate
 .text.getDataRate
                0x00400f8c       0x1c src/main.o
                0x00400f8c                getDataRate
 .text.getCRCLength
                0x00400fa8       0x2c src/main.o
                0x00400fa8                getCRCLength
 .text.nRF24_getPALevel
                0x00400fd4       0x14 src/main.o
                0x00400fd4                nRF24_getPALevel
 .text.print_status
                0x00400fe8       0x34 src/main.o
                0x00400fe8                print_status
 .text.print_address_register
                0x0040101c       0x98 src/main.o
                0x0040101c                print_address_register
 .text.print_byte_register
                0x004010b4       0x54 src/main.o
                0x004010b4                print_byte_register
 .text.printDetails
                0x00401108      0x10c src/main.o
                0x00401108                printDetails
 .text.nRF24_closeReadingPipe
                0x00401214       0x2c src/main.o
                0x00401214                nRF24_closeReadingPipe
 .text.nRF24_setCRCLength
                0x00401240       0x2c src/main.o
                0x00401240                nRF24_setCRCLength
 .text.toggle_features
                0x0040126c       0x24 src/main.o
                0x0040126c                toggle_features
 .text.nRF24_setChannel
                0x00401290       0x18 src/main.o
                0x00401290                nRF24_setChannel
 .text.nRF24_powerUp
                0x004012a8       0x34 src/main.o
                0x004012a8                nRF24_powerUp
 .text.nRF24_startListening
                0x004012dc       0x78 src/main.o
                0x004012dc                nRF24_startListening
 .text.nRF24_begin
                0x00401354       0x90 src/main.o
                0x00401354                nRF24_begin
 .text.nRF24_openWritingPipe
                0x004013e4       0x3c src/main.o
                0x004013e4                nRF24_openWritingPipe
 .text.nRF24_openReadingPipe
                0x00401420       0x90 src/main.o
                0x00401420                nRF24_openReadingPipe
 .text.nRF24_setPALevel
                0x004014b0       0x30 src/main.o
                0x004014b0                nRF24_setPALevel
 .text.main     0x004014e0      0x1dc src/main.o
                0x004014e0                main
 .text          0x004016bc       0x30 c:/program files (x86)/atmel/studio/7.0/toolchain/arm/arm-gnu-toolchain/bin/../lib/gcc/arm-none-eabi/6.3.1/thumb/v7e-m\libgcc.a(_aeabi_uldivmod.o)
                0x004016bc                __aeabi_uldivmod
 .text          0x004016ec      0x2dc c:/program files (x86)/atmel/studio/7.0/toolchain/arm/arm-gnu-toolchain/bin/../lib/gcc/arm-none-eabi/6.3.1/thumb/v7e-m\libgcc.a(_udivmoddi4.o)
                0x004016ec                __udivmoddi4
 .text          0x004019c8        0x4 c:/program files (x86)/atmel/studio/7.0/toolchain/arm/arm-gnu-toolchain/bin/../lib/gcc/arm-none-eabi/6.3.1/thumb/v7e-m\libgcc.a(_dvmd_tls.o)
                0x004019c8                __aeabi_idiv0
                0x004019c8                __aeabi_ldiv0
 .text.__libc_init_array
                0x004019cc       0x50 c:/program files (x86)/atmel/studio/7.0/toolchain/arm/arm-gnu-toolchain/bin/../lib/gcc/arm-none-eabi/6.3.1/../../../../arm-none-eabi/lib/thumb/v7e-m\libc.a(lib_a-init.o)
                0x004019cc                __libc_init_array
 .text.iprintf  0x00401a1c       0x28 c:/program files (x86)/atmel/studio/7.0/toolchain/arm/arm-gnu-toolchain/bin/../lib/gcc/arm-none-eabi/6.3.1/../../../../arm-none-eabi/lib/thumb/v7e-m\libc.a(lib_a-iprintf.o)
                0x00401a1c                iprintf
 .text          0x00401a44      0x134 c:/program files (x86)/atmel/studio/7.0/toolchain/arm/arm-gnu-toolchain/bin/../lib/gcc/arm-none-eabi/6.3.1/../../../../arm-none-eabi/lib/thumb/v7e-m\libc.a(lib_a-memcpy.o)
                0x00401a44                memcpy
 .text.memset   0x00401b78       0x9c c:/program files (x86)/atmel/studio/7.0/toolchain/arm/arm-gnu-toolchain/bin/../lib/gcc/arm-none-eabi/6.3.1/../../../../arm-none-eabi/lib/thumb/v7e-m\libc.a(lib_a-memset.o)
                0x00401b78                memset
 .text._puts_r  0x00401c14       0x9c c:/program files (x86)/atmel/studio/7.0/toolchain/arm/arm-gnu-toolchain/bin/../lib/gcc/arm-none-eabi/6.3.1/../../../../arm-none-eabi/lib/thumb/v7e-m\libc.a(lib_a-puts.o)
                0x00401c14                _puts_r
 .text.puts     0x00401cb0       0x10 c:/program files (x86)/atmel/studio/7.0/toolchain/arm/arm-gnu-toolchain/bin/../lib/gcc/arm-none-eabi/6.3.1/../../../../arm-none-eabi/lib/thumb/v7e-m\libc.a(lib_a-puts.o)
                0x00401cb0                puts
 .text.setbuf   0x00401cc0       0x10 c:/program files (x86)/atmel/studio/7.0/toolchain/arm/arm-gnu-toolchain/bin/../lib/gcc/arm-none-eabi/6.3.1/../../../../arm-none-eabi/lib/thumb/v7e-m\libc.a(lib_a-setbuf.o)
                0x00401cc0                setbuf
 .text.setvbuf  0x00401cd0      0x190 c:/program files (x86)/atmel/studio/7.0/toolchain/arm/arm-gnu-toolchain/bin/../lib/gcc/arm-none-eabi/6.3.1/../../../../arm-none-eabi/lib/thumb/v7e-m\libc.a(lib_a-setvbuf.o)
                0x00401cd0                setvbuf
 *fill*         0x00401e60       0x20 
 .text          0x00401e80       0xdc c:/program files (x86)/atmel/studio/7.0/toolchain/arm/arm-gnu-toolchain/bin/../lib/gcc/arm-none-eabi/6.3.1/../../../../arm-none-eabi/lib/thumb/v7e-m\libc.a(lib_a-strlen.o)
                0x00401e80                strlen
 .text.__sprint_r.part.0
                0x00401f5c       0x80 c:/program files (x86)/atmel/studio/7.0/toolchain/arm/arm-gnu-toolchain/bin/../lib/gcc/arm-none-eabi/6.3.1/../../../../arm-none-eabi/lib/thumb/v7e-m\libc.a(lib_a-vfiprintf.o)
 .text._vfiprintf_r
                0x00401fdc      0xc90 c:/program files (x86)/atmel/studio/7.0/toolchain/arm/arm-gnu-toolchain/bin/../lib/gcc/arm-none-eabi/6.3.1/../../../../arm-none-eabi/lib/thumb/v7e-m\libc.a(lib_a-vfiprintf.o)
                0x00401fdc                _vfiprintf_r
 .text.__sbprintf
                0x00402c6c       0x84 c:/program files (x86)/atmel/studio/7.0/toolchain/arm/arm-gnu-toolchain/bin/../lib/gcc/arm-none-eabi/6.3.1/../../../../arm-none-eabi/lib/thumb/v7e-m\libc.a(lib_a-vfiprintf.o)
 .text.__swsetup_r
                0x00402cf0       0xc8 c:/program files (x86)/atmel/studio/7.0/toolchain/arm/arm-gnu-toolchain/bin/../lib/gcc/arm-none-eabi/6.3.1/../../../../arm-none-eabi/lib/thumb/v7e-m\libc.a(lib_a-wsetup.o)
                0x00402cf0                __swsetup_r
 .text.startup.register_fini
                0x00402db8       0x14 c:/program files (x86)/atmel/studio/7.0/toolchain/arm/arm-gnu-toolchain/bin/../lib/gcc/arm-none-eabi/6.3.1/../../../../arm-none-eabi/lib/thumb/v7e-m\libc.a(lib_a-__call_atexit.o)
 .text.atexit   0x00402dcc        0xc c:/program files (x86)/atmel/studio/7.0/toolchain/arm/arm-gnu-toolchain/bin/../lib/gcc/arm-none-eabi/6.3.1/../../../../arm-none-eabi/lib/thumb/v7e-m\libc.a(lib_a-atexit.o)
                0x00402dcc                atexit
 .text.__sflush_r
                0x00402dd8      0x140 c:/program files (x86)/atmel/studio/7.0/toolchain/arm/arm-gnu-toolchain/bin/../lib/gcc/arm-none-eabi/6.3.1/../../../../arm-none-eabi/lib/thumb/v7e-m\libc.a(lib_a-fflush.o)
                0x00402dd8                __sflush_r
 .text._fflush_r
                0x00402f18       0x54 c:/program files (x86)/atmel/studio/7.0/toolchain/arm/arm-gnu-toolchain/bin/../lib/gcc/arm-none-eabi/6.3.1/../../../../arm-none-eabi/lib/thumb/v7e-m\libc.a(lib_a-fflush.o)
                0x00402f18                _fflush_r
 .text._cleanup_r
                0x00402f6c        0xc c:/program files (x86)/atmel/studio/7.0/toolchain/arm/arm-gnu-toolchain/bin/../lib/gcc/arm-none-eabi/6.3.1/../../../../arm-none-eabi/lib/thumb/v7e-m\libc.a(lib_a-findfp.o)
                0x00402f6c                _cleanup_r
 .text.std.isra.0
                0x00402f78       0x50 c:/program files (x86)/atmel/studio/7.0/toolchain/arm/arm-gnu-toolchain/bin/../lib/gcc/arm-none-eabi/6.3.1/../../../../arm-none-eabi/lib/thumb/v7e-m\libc.a(lib_a-findfp.o)
 .text.__sinit  0x00402fc8       0x58 c:/program files (x86)/atmel/studio/7.0/toolchain/arm/arm-gnu-toolchain/bin/../lib/gcc/arm-none-eabi/6.3.1/../../../../arm-none-eabi/lib/thumb/v7e-m\libc.a(lib_a-findfp.o)
                0x00402fc8                __sinit
 .text.__sfp_lock_acquire
                0x00403020        0xc c:/program files (x86)/atmel/studio/7.0/toolchain/arm/arm-gnu-toolchain/bin/../lib/gcc/arm-none-eabi/6.3.1/../../../../arm-none-eabi/lib/thumb/v7e-m\libc.a(lib_a-findfp.o)
                0x00403020                __sfp_lock_acquire
 .text.__sfp_lock_release
                0x0040302c        0xc c:/program files (x86)/atmel/studio/7.0/toolchain/arm/arm-gnu-toolchain/bin/../lib/gcc/arm-none-eabi/6.3.1/../../../../arm-none-eabi/lib/thumb/v7e-m\libc.a(lib_a-findfp.o)
                0x0040302c                __sfp_lock_release
 .text.__libc_fini_array
                0x00403038       0x34 c:/program files (x86)/atmel/studio/7.0/toolchain/arm/arm-gnu-toolchain/bin/../lib/gcc/arm-none-eabi/6.3.1/../../../../arm-none-eabi/lib/thumb/v7e-m\libc.a(lib_a-fini.o)
                0x00403038                __libc_fini_array
 .text.__fputwc
                0x0040306c       0xa0 c:/program files (x86)/atmel/studio/7.0/toolchain/arm/arm-gnu-toolchain/bin/../lib/gcc/arm-none-eabi/6.3.1/../../../../arm-none-eabi/lib/thumb/v7e-m\libc.a(lib_a-fputwc.o)
                0x0040306c                __fputwc
 .text._fputwc_r
                0x0040310c       0x68 c:/program files (x86)/atmel/studio/7.0/toolchain/arm/arm-gnu-toolchain/bin/../lib/gcc/arm-none-eabi/6.3.1/../../../../arm-none-eabi/lib/thumb/v7e-m\libc.a(lib_a-fputwc.o)
                0x0040310c                _fputwc_r
 .text._malloc_trim_r
                0x00403174       0xa0 c:/program files (x86)/atmel/studio/7.0/toolchain/arm/arm-gnu-toolchain/bin/../lib/gcc/arm-none-eabi/6.3.1/../../../../arm-none-eabi/lib/thumb/v7e-m\libc.a(lib_a-freer.o)
                0x00403174                _malloc_trim_r
 .text._free_r  0x00403214      0x1cc c:/program files (x86)/atmel/studio/7.0/toolchain/arm/arm-gnu-toolchain/bin/../lib/gcc/arm-none-eabi/6.3.1/../../../../arm-none-eabi/lib/thumb/v7e-m\libc.a(lib_a-freer.o)
                0x00403214                _free_r
 .text.__sfvwrite_r
                0x004033e0      0x2f0 c:/program files (x86)/atmel/studio/7.0/toolchain/arm/arm-gnu-toolchain/bin/../lib/gcc/arm-none-eabi/6.3.1/../../../../arm-none-eabi/lib/thumb/v7e-m\libc.a(lib_a-fvwrite.o)
                0x004033e0                __sfvwrite_r
 .text._fwalk_reent
                0x004036d0       0x54 c:/program files (x86)/atmel/studio/7.0/toolchain/arm/arm-gnu-toolchain/bin/../lib/gcc/arm-none-eabi/6.3.1/../../../../arm-none-eabi/lib/thumb/v7e-m\libc.a(lib_a-fwalk.o)
                0x004036d0                _fwalk_reent
 .text.__locale_mb_cur_max
                0x00403724       0x1c c:/program files (x86)/atmel/studio/7.0/toolchain/arm/arm-gnu-toolchain/bin/../lib/gcc/arm-none-eabi/6.3.1/../../../../arm-none-eabi/lib/thumb/v7e-m\libc.a(lib_a-locale.o)
                0x00403724                __locale_mb_cur_max
 .text.__retarget_lock_init_recursive
                0x00403740        0x4 c:/program files (x86)/atmel/studio/7.0/toolchain/arm/arm-gnu-toolchain/bin/../lib/gcc/arm-none-eabi/6.3.1/../../../../arm-none-eabi/lib/thumb/v7e-m\libc.a(lib_a-lock.o)
                0x00403740                __retarget_lock_init_recursive
 .text.__retarget_lock_close_recursive
                0x00403744        0x4 c:/program files (x86)/atmel/studio/7.0/toolchain/arm/arm-gnu-toolchain/bin/../lib/gcc/arm-none-eabi/6.3.1/../../../../arm-none-eabi/lib/thumb/v7e-m\libc.a(lib_a-lock.o)
                0x00403744                __retarget_lock_close_recursive
 .text.__retarget_lock_acquire_recursive
                0x00403748        0x4 c:/program files (x86)/atmel/studio/7.0/toolchain/arm/arm-gnu-toolchain/bin/../lib/gcc/arm-none-eabi/6.3.1/../../../../arm-none-eabi/lib/thumb/v7e-m\libc.a(lib_a-lock.o)
                0x00403748                __retarget_lock_acquire_recursive
 .text.__retarget_lock_release_recursive
                0x0040374c        0x4 c:/program files (x86)/atmel/studio/7.0/toolchain/arm/arm-gnu-toolchain/bin/../lib/gcc/arm-none-eabi/6.3.1/../../../../arm-none-eabi/lib/thumb/v7e-m\libc.a(lib_a-lock.o)
                0x0040374c                __retarget_lock_release_recursive
 .text.__swhatbuf_r
                0x00403750       0x5c c:/program files (x86)/atmel/studio/7.0/toolchain/arm/arm-gnu-toolchain/bin/../lib/gcc/arm-none-eabi/6.3.1/../../../../arm-none-eabi/lib/thumb/v7e-m\libc.a(lib_a-makebuf.o)
                0x00403750                __swhatbuf_r
 .text.__smakebuf_r
                0x004037ac       0x94 c:/program files (x86)/atmel/studio/7.0/toolchain/arm/arm-gnu-toolchain/bin/../lib/gcc/arm-none-eabi/6.3.1/../../../../arm-none-eabi/lib/thumb/v7e-m\libc.a(lib_a-makebuf.o)
                0x004037ac                __smakebuf_r
 .text.malloc   0x00403840       0x10 c:/program files (x86)/atmel/studio/7.0/toolchain/arm/arm-gnu-toolchain/bin/../lib/gcc/arm-none-eabi/6.3.1/../../../../arm-none-eabi/lib/thumb/v7e-m\libc.a(lib_a-malloc.o)
                0x00403840                malloc
 .text._malloc_r
                0x00403850      0x560 c:/program files (x86)/atmel/studio/7.0/toolchain/arm/arm-gnu-toolchain/bin/../lib/gcc/arm-none-eabi/6.3.1/../../../../arm-none-eabi/lib/thumb/v7e-m\libc.a(lib_a-mallocr.o)
                0x00403850                _malloc_r
 .text.__ascii_mbtowc
                0x00403db0       0x2c c:/program files (x86)/atmel/studio/7.0/toolchain/arm/arm-gnu-toolchain/bin/../lib/gcc/arm-none-eabi/6.3.1/../../../../arm-none-eabi/lib/thumb/v7e-m\libc.a(lib_a-mbtowc_r.o)
                0x00403db0                __ascii_mbtowc
 *fill*         0x00403ddc        0x4 
 .text          0x00403de0       0xa0 c:/program files (x86)/atmel/studio/7.0/toolchain/arm/arm-gnu-toolchain/bin/../lib/gcc/arm-none-eabi/6.3.1/../../../../arm-none-eabi/lib/thumb/v7e-m\libc.a(lib_a-memchr.o)
                0x00403de0                memchr
 .text.memmove  0x00403e80       0xc8 c:/program files (x86)/atmel/studio/7.0/toolchain/arm/arm-gnu-toolchain/bin/../lib/gcc/arm-none-eabi/6.3.1/../../../../arm-none-eabi/lib/thumb/v7e-m\libc.a(lib_a-memmove.o)
                0x00403e80                memmove
 .text.__malloc_lock
                0x00403f48        0xc c:/program files (x86)/atmel/studio/7.0/toolchain/arm/arm-gnu-toolchain/bin/../lib/gcc/arm-none-eabi/6.3.1/../../../../arm-none-eabi/lib/thumb/v7e-m\libc.a(lib_a-mlock.o)
                0x00403f48                __malloc_lock
 .text.__malloc_unlock
                0x00403f54        0xc c:/program files (x86)/atmel/studio/7.0/toolchain/arm/arm-gnu-toolchain/bin/../lib/gcc/arm-none-eabi/6.3.1/../../../../arm-none-eabi/lib/thumb/v7e-m\libc.a(lib_a-mlock.o)
                0x00403f54                __malloc_unlock
 .text._realloc_r
                0x00403f60      0x34c c:/program files (x86)/atmel/studio/7.0/toolchain/arm/arm-gnu-toolchain/bin/../lib/gcc/arm-none-eabi/6.3.1/../../../../arm-none-eabi/lib/thumb/v7e-m\libc.a(lib_a-reallocr.o)
                0x00403f60                _realloc_r
 .text._sbrk_r  0x004042ac       0x24 c:/program files (x86)/atmel/studio/7.0/toolchain/arm/arm-gnu-toolchain/bin/../lib/gcc/arm-none-eabi/6.3.1/../../../../arm-none-eabi/lib/thumb/v7e-m\libc.a(lib_a-sbrkr.o)
                0x004042ac                _sbrk_r
 .text.__sread  0x004042d0       0x24 c:/program files (x86)/atmel/studio/7.0/toolchain/arm/arm-gnu-toolchain/bin/../lib/gcc/arm-none-eabi/6.3.1/../../../../arm-none-eabi/lib/thumb/v7e-m\libc.a(lib_a-stdio.o)
                0x004042d0                __sread
 .text.__swrite
                0x004042f4       0x3c c:/program files (x86)/atmel/studio/7.0/toolchain/arm/arm-gnu-toolchain/bin/../lib/gcc/arm-none-eabi/6.3.1/../../../../arm-none-eabi/lib/thumb/v7e-m\libc.a(lib_a-stdio.o)
                0x004042f4                __swrite
 .text.__sseek  0x00404330       0x20 c:/program files (x86)/atmel/studio/7.0/toolchain/arm/arm-gnu-toolchain/bin/../lib/gcc/arm-none-eabi/6.3.1/../../../../arm-none-eabi/lib/thumb/v7e-m\libc.a(lib_a-stdio.o)
                0x00404330                __sseek
 .text.__sclose
                0x00404350        0x8 c:/program files (x86)/atmel/studio/7.0/toolchain/arm/arm-gnu-toolchain/bin/../lib/gcc/arm-none-eabi/6.3.1/../../../../arm-none-eabi/lib/thumb/v7e-m\libc.a(lib_a-stdio.o)
                0x00404350                __sclose
 .text.__swbuf_r
                0x00404358       0xb0 c:/program files (x86)/atmel/studio/7.0/toolchain/arm/arm-gnu-toolchain/bin/../lib/gcc/arm-none-eabi/6.3.1/../../../../arm-none-eabi/lib/thumb/v7e-m\libc.a(lib_a-wbuf.o)
                0x00404358                __swbuf_r
 .text._wcrtomb_r
                0x00404408       0x54 c:/program files (x86)/atmel/studio/7.0/toolchain/arm/arm-gnu-toolchain/bin/../lib/gcc/arm-none-eabi/6.3.1/../../../../arm-none-eabi/lib/thumb/v7e-m\libc.a(lib_a-wcrtomb.o)
                0x00404408                _wcrtomb_r
 .text.__ascii_wctomb
                0x0040445c       0x1c c:/program files (x86)/atmel/studio/7.0/toolchain/arm/arm-gnu-toolchain/bin/../lib/gcc/arm-none-eabi/6.3.1/../../../../arm-none-eabi/lib/thumb/v7e-m\libc.a(lib_a-wctomb_r.o)
                0x0040445c                __ascii_wctomb
 .text._write_r
                0x00404478       0x2c c:/program files (x86)/atmel/studio/7.0/toolchain/arm/arm-gnu-toolchain/bin/../lib/gcc/arm-none-eabi/6.3.1/../../../../arm-none-eabi/lib/thumb/v7e-m\libc.a(lib_a-writer.o)
                0x00404478                _write_r
 .text.__register_exitproc
                0x004044a4       0xc4 c:/program files (x86)/atmel/studio/7.0/toolchain/arm/arm-gnu-toolchain/bin/../lib/gcc/arm-none-eabi/6.3.1/../../../../arm-none-eabi/lib/thumb/v7e-m\libc.a(lib_a-__atexit.o)
                0x004044a4                __register_exitproc
 .text._close_r
                0x00404568       0x24 c:/program files (x86)/atmel/studio/7.0/toolchain/arm/arm-gnu-toolchain/bin/../lib/gcc/arm-none-eabi/6.3.1/../../../../arm-none-eabi/lib/thumb/v7e-m\libc.a(lib_a-closer.o)
                0x00404568                _close_r
 .text._fclose_r
                0x0040458c       0xc4 c:/program files (x86)/atmel/studio/7.0/toolchain/arm/arm-gnu-toolchain/bin/../lib/gcc/arm-none-eabi/6.3.1/../../../../arm-none-eabi/lib/thumb/v7e-m\libc.a(lib_a-fclose.o)
                0x0040458c                _fclose_r
 .text._fstat_r
                0x00404650       0x28 c:/program files (x86)/atmel/studio/7.0/toolchain/arm/arm-gnu-toolchain/bin/../lib/gcc/arm-none-eabi/6.3.1/../../../../arm-none-eabi/lib/thumb/v7e-m\libc.a(lib_a-fstatr.o)
                0x00404650                _fstat_r
 .text._isatty_r
                0x00404678       0x24 c:/program files (x86)/atmel/studio/7.0/toolchain/arm/arm-gnu-toolchain/bin/../lib/gcc/arm-none-eabi/6.3.1/../../../../arm-none-eabi/lib/thumb/v7e-m\libc.a(lib_a-isattyr.o)
                0x00404678                _isatty_r
 .text._lseek_r
                0x0040469c       0x2c c:/program files (x86)/atmel/studio/7.0/toolchain/arm/arm-gnu-toolchain/bin/../lib/gcc/arm-none-eabi/6.3.1/../../../../arm-none-eabi/lib/thumb/v7e-m\libc.a(lib_a-lseekr.o)
                0x0040469c                _lseek_r
 .text._read_r  0x004046c8       0x2c c:/program files (x86)/atmel/studio/7.0/toolchain/arm/arm-gnu-toolchain/bin/../lib/gcc/arm-none-eabi/6.3.1/../../../../arm-none-eabi/lib/thumb/v7e-m\libc.a(lib_a-readr.o)
                0x004046c8                _read_r
 *(.glue_7t)
 .glue_7t       0x004046f4        0x0 linker stubs
 *(.glue_7)
 .glue_7        0x004046f4        0x0 linker stubs
 *(.rodata .rodata* .gnu.linkonce.r.*)
 .rodata        0x004046f4        0x2 src/main.o
 *fill*         0x004046f6        0x2 
 .rodata.main.str1.4
                0x004046f8       0x92 src/main.o
 *fill*         0x0040478a        0x2 
 .rodata.pipe_enable_s
                0x0040478c        0x6 src/main.o
 *fill*         0x00404792        0x2 
 .rodata.pipe_s
                0x00404794        0x6 src/main.o
 *fill*         0x0040479a        0x2 
 .rodata.pipe_size_s
                0x0040479c        0x6 src/main.o
 *fill*         0x004047a2        0x2 
 .rodata.printDetails.str1.4
                0x004047a4       0xd9 src/main.o
 *fill*         0x0040487d        0x3 
 .rodata.print_address_register.str1.4
                0x00404880        0xd src/main.o
                                 0x13 (size before relaxing)
 *fill*         0x0040488d        0x3 
 .rodata.print_byte_register.str1.4
                0x00404890        0x8 src/main.o
 .rodata.print_status.str1.4
                0x00404898       0x46 src/main.o
 *fill*         0x004048de        0x2 
 .rodata.rf24_crclength_e_str_0
                0x004048e0        0x9 src/main.o
 *fill*         0x004048e9        0x3 
 .rodata.rf24_crclength_e_str_1
                0x004048ec        0x7 src/main.o
 *fill*         0x004048f3        0x1 
 .rodata.rf24_crclength_e_str_2
                0x004048f4        0x8 src/main.o
 .rodata.rf24_crclength_e_str_P
                0x004048fc        0xc src/main.o
 .rodata.rf24_datarate_e_str_0
                0x00404908        0x6 src/main.o
 *fill*         0x0040490e        0x2 
 .rodata.rf24_datarate_e_str_1
                0x00404910        0x6 src/main.o
 *fill*         0x00404916        0x2 
 .rodata.rf24_datarate_e_str_2
                0x00404918        0x8 src/main.o
 .rodata.rf24_datarate_e_str_P
                0x00404920        0xc src/main.o
 .rodata.rf24_model_e_str_0
                0x0040492c        0x9 src/main.o
 *fill*         0x00404935        0x3 
 .rodata.rf24_model_e_str_1
                0x00404938        0xa src/main.o
 *fill*         0x00404942        0x2 
 .rodata.rf24_model_e_str_P
                0x00404944        0x8 src/main.o
 .rodata.rf24_pa_dbm_e_str_0
                0x0040494c        0x7 src/main.o
 *fill*         0x00404953        0x1 
 .rodata.rf24_pa_dbm_e_str_1
                0x00404954        0x7 src/main.o
 *fill*         0x0040495b        0x1 
 .rodata.rf24_pa_dbm_e_str_2
                0x0040495c        0x8 src/main.o
 .rodata.rf24_pa_dbm_e_str_3
                0x00404964        0x7 src/main.o
 *fill*         0x0040496b        0x1 
 .rodata.rf24_pa_dbm_e_str_P
                0x0040496c       0x10 src/main.o
 .rodata._global_impure_ptr
                0x0040497c        0x4 c:/program files (x86)/atmel/studio/7.0/toolchain/arm/arm-gnu-toolchain/bin/../lib/gcc/arm-none-eabi/6.3.1/../../../../arm-none-eabi/lib/thumb/v7e-m\libc.a(lib_a-impure.o)
                0x0040497c                _global_impure_ptr
 .rodata._puts_r.str1.4
                0x00404980       0x46 c:/program files (x86)/atmel/studio/7.0/toolchain/arm/arm-gnu-toolchain/bin/../lib/gcc/arm-none-eabi/6.3.1/../../../../arm-none-eabi/lib/thumb/v7e-m\libc.a(lib_a-puts.o)
                                  0x2 (size before relaxing)
 .rodata._vfiprintf_r.str1.4
                0x00404980       0x2f c:/program files (x86)/atmel/studio/7.0/toolchain/arm/arm-gnu-toolchain/bin/../lib/gcc/arm-none-eabi/6.3.1/../../../../arm-none-eabi/lib/thumb/v7e-m\libc.a(lib_a-vfiprintf.o)
 *fill*         0x004049af        0x1 
 .rodata.blanks.7217
                0x004049b0       0x10 c:/program files (x86)/atmel/studio/7.0/toolchain/arm/arm-gnu-toolchain/bin/../lib/gcc/arm-none-eabi/6.3.1/../../../../arm-none-eabi/lib/thumb/v7e-m\libc.a(lib_a-vfiprintf.o)
 .rodata.zeroes.7218
                0x004049c0       0x10 c:/program files (x86)/atmel/studio/7.0/toolchain/arm/arm-gnu-toolchain/bin/../lib/gcc/arm-none-eabi/6.3.1/../../../../arm-none-eabi/lib/thumb/v7e-m\libc.a(lib_a-vfiprintf.o)
 .rodata._setlocale_r.str1.4
                0x004049d0        0xa c:/program files (x86)/atmel/studio/7.0/toolchain/arm/arm-gnu-toolchain/bin/../lib/gcc/arm-none-eabi/6.3.1/../../../../arm-none-eabi/lib/thumb/v7e-m\libc.a(lib_a-locale.o)
                                  0xd (size before relaxing)
 *fill*         0x004049da        0x2 
 .rodata.str1.4
                0x004049dc        0x4 c:/program files (x86)/atmel/studio/7.0/toolchain/arm/arm-gnu-toolchain/bin/../lib/gcc/arm-none-eabi/6.3.1/../../../../arm-none-eabi/lib/thumb/v7e-m\libc.a(lib_a-locale.o)
                                  0x2 (size before relaxing)
 .rodata._ctype_
                0x004049e0      0x101 c:/program files (x86)/atmel/studio/7.0/toolchain/arm/arm-gnu-toolchain/bin/../lib/gcc/arm-none-eabi/6.3.1/../../../../arm-none-eabi/lib/thumb/v7e-m\libc.a(lib_a-ctype_.o)
                0x004049e0                _ctype_
 *(.ARM.extab* .gnu.linkonce.armextab.*)
                0x00404ae4                . = ALIGN (0x4)
 *fill*         0x00404ae1        0x3 
 *(.init)
 .init          0x00404ae4        0x4 c:/program files (x86)/atmel/studio/7.0/toolchain/arm/arm-gnu-toolchain/bin/../lib/gcc/arm-none-eabi/6.3.1/thumb/v7e-m/crti.o
                0x00404ae4                _init
 .init          0x00404ae8        0x8 c:/program files (x86)/atmel/studio/7.0/toolchain/arm/arm-gnu-toolchain/bin/../lib/gcc/arm-none-eabi/6.3.1/thumb/v7e-m/crtn.o
                0x00404af0                . = ALIGN (0x4)
                0x00404af0                __preinit_array_start = .
 *(.preinit_array)
                0x00404af0                __preinit_array_end = .
                0x00404af0                . = ALIGN (0x4)
                0x00404af0                __init_array_start = .
 *(SORT(.init_array.*))
 .init_array.00000
                0x00404af0        0x4 c:/program files (x86)/atmel/studio/7.0/toolchain/arm/arm-gnu-toolchain/bin/../lib/gcc/arm-none-eabi/6.3.1/../../../../arm-none-eabi/lib/thumb/v7e-m\libc.a(lib_a-__call_atexit.o)
 *(.init_array)
 .init_array    0x00404af4        0x4 c:/program files (x86)/atmel/studio/7.0/toolchain/arm/arm-gnu-toolchain/bin/../lib/gcc/arm-none-eabi/6.3.1/thumb/v7e-m/crtbegin.o
                0x00404af8                __init_array_end = .
                0x00404af8                . = ALIGN (0x4)
 *crtbegin.o(.ctors)
 *(EXCLUDE_FILE(*crtend.o) .ctors)
 *(SORT(.ctors.*))
 *crtend.o(.ctors)
                0x00404af8                . = ALIGN (0x4)
 *(.fini)
 .fini          0x00404af8        0x4 c:/program files (x86)/atmel/studio/7.0/toolchain/arm/arm-gnu-toolchain/bin/../lib/gcc/arm-none-eabi/6.3.1/thumb/v7e-m/crti.o
                0x00404af8                _fini
 .fini          0x00404afc        0x8 c:/program files (x86)/atmel/studio/7.0/toolchain/arm/arm-gnu-toolchain/bin/../lib/gcc/arm-none-eabi/6.3.1/thumb/v7e-m/crtn.o
                0x00404b04                . = ALIGN (0x4)
                0x00404b04                __fini_array_start = .
 *(.fini_array)
 .fini_array    0x00404b04        0x4 c:/program files (x86)/atmel/studio/7.0/toolchain/arm/arm-gnu-toolchain/bin/../lib/gcc/arm-none-eabi/6.3.1/thumb/v7e-m/crtbegin.o
 *(SORT(.fini_array.*))
                0x00404b08                __fini_array_end = .
 *crtbegin.o(.dtors)
 *(EXCLUDE_FILE(*crtend.o) .dtors)
 *(SORT(.dtors.*))
 *crtend.o(.dtors)
                0x00404b08                . = ALIGN (0x4)
                0x00404b08                _efixed = .
                [!provide]                PROVIDE (__exidx_start, .)

.vfp11_veneer   0x00404b08        0x0
 .vfp11_veneer  0x00404b08        0x0 linker stubs

.v4_bx          0x00404b08        0x0
 .v4_bx         0x00404b08        0x0 linker stubs

.iplt           0x00404b08        0x0
 .iplt          0x00404b08        0x0 c:/program files (x86)/atmel/studio/7.0/toolchain/arm/arm-gnu-toolchain/bin/../lib/gcc/arm-none-eabi/6.3.1/thumb/v7e-m/crtbegin.o

.ARM.exidx      0x00404b08        0x8
 *(.ARM.exidx* .gnu.linkonce.armexidx.*)
 .ARM.exidx     0x00404b08        0x8 c:/program files (x86)/atmel/studio/7.0/toolchain/arm/arm-gnu-toolchain/bin/../lib/gcc/arm-none-eabi/6.3.1/thumb/v7e-m\libgcc.a(_udivmoddi4.o)
                [!provide]                PROVIDE (__exidx_end, .)

.eh_frame       0x00404b10        0x0
 .eh_frame      0x00404b10        0x0 c:/program files (x86)/atmel/studio/7.0/toolchain/arm/arm-gnu-toolchain/bin/../lib/gcc/arm-none-eabi/6.3.1/thumb/v7e-m/crtbegin.o

.rel.dyn        0x00404b10        0x0
 .rel.iplt      0x00404b10        0x0 c:/program files (x86)/atmel/studio/7.0/toolchain/arm/arm-gnu-toolchain/bin/../lib/gcc/arm-none-eabi/6.3.1/thumb/v7e-m/crtbegin.o

.jcr            0x00404b10        0x0
 .jcr           0x00404b10        0x0 c:/program files (x86)/atmel/studio/7.0/toolchain/arm/arm-gnu-toolchain/bin/../lib/gcc/arm-none-eabi/6.3.1/thumb/v7e-m/crtbegin.o

.igot.plt       0x00404b10        0x0
 .igot.plt      0x00404b10        0x0 c:/program files (x86)/atmel/studio/7.0/toolchain/arm/arm-gnu-toolchain/bin/../lib/gcc/arm-none-eabi/6.3.1/thumb/v7e-m/crtbegin.o
                0x00404b10                . = ALIGN (0x4)
                0x00404b10                _etext = .

.relocate       0x20400000      0x9c0 load address 0x00404b10
                0x20400000                . = ALIGN (0x4)
                0x20400000                _srelocate = .
 *(.ramfunc .ramfunc.*)
 .ramfunc       0x20400000        0xa src/ASF/common/services/delay/sam/cycle_counter.o
                0x20400000                portable_delay_cycles
 *(.data .data.*)
 .data.g_interrupt_enabled
                0x2040000a        0x1 src/ASF/common/utils/interrupt/interrupt_sam_nvic.o
                0x2040000a                g_interrupt_enabled
 *fill*         0x2040000b        0x1 
 .data.SystemCoreClock
                0x2040000c        0x4 src/ASF/sam/utils/cmsis/same70/source/templates/system_same70.o
                0x2040000c                SystemCoreClock
 .data.addr_width
                0x20400010        0x1 src/main.o
                0x20400010                addr_width
 .data.payload_size
                0x20400011        0x1 src/main.o
                0x20400011                payload_size
 *fill*         0x20400012        0x2 
 .data._impure_ptr
                0x20400014        0x4 c:/program files (x86)/atmel/studio/7.0/toolchain/arm/arm-gnu-toolchain/bin/../lib/gcc/arm-none-eabi/6.3.1/../../../../arm-none-eabi/lib/thumb/v7e-m\libc.a(lib_a-impure.o)
                0x20400014                _impure_ptr
 .data.impure_data
                0x20400018      0x428 c:/program files (x86)/atmel/studio/7.0/toolchain/arm/arm-gnu-toolchain/bin/../lib/gcc/arm-none-eabi/6.3.1/../../../../arm-none-eabi/lib/thumb/v7e-m\libc.a(lib_a-impure.o)
 .data.__atexit_recursive_mutex
                0x20400440        0x4 c:/program files (x86)/atmel/studio/7.0/toolchain/arm/arm-gnu-toolchain/bin/../lib/gcc/arm-none-eabi/6.3.1/../../../../arm-none-eabi/lib/thumb/v7e-m\libc.a(lib_a-__call_atexit.o)
                0x20400440                __atexit_recursive_mutex
 .data.__global_locale
                0x20400444      0x16c c:/program files (x86)/atmel/studio/7.0/toolchain/arm/arm-gnu-toolchain/bin/../lib/gcc/arm-none-eabi/6.3.1/../../../../arm-none-eabi/lib/thumb/v7e-m\libc.a(lib_a-locale.o)
                0x20400444                __global_locale
 .data.__malloc_av_
                0x204005b0      0x408 c:/program files (x86)/atmel/studio/7.0/toolchain/arm/arm-gnu-toolchain/bin/../lib/gcc/arm-none-eabi/6.3.1/../../../../arm-none-eabi/lib/thumb/v7e-m\libc.a(lib_a-mallocr.o)
                0x204005b0                __malloc_av_
 .data.__malloc_sbrk_base
                0x204009b8        0x4 c:/program files (x86)/atmel/studio/7.0/toolchain/arm/arm-gnu-toolchain/bin/../lib/gcc/arm-none-eabi/6.3.1/../../../../arm-none-eabi/lib/thumb/v7e-m\libc.a(lib_a-mallocr.o)
                0x204009b8                __malloc_sbrk_base
 .data.__malloc_trim_threshold
                0x204009bc        0x4 c:/program files (x86)/atmel/studio/7.0/toolchain/arm/arm-gnu-toolchain/bin/../lib/gcc/arm-none-eabi/6.3.1/../../../../arm-none-eabi/lib/thumb/v7e-m\libc.a(lib_a-mallocr.o)
                0x204009bc                __malloc_trim_threshold
                0x204009c0                . = ALIGN (0x4)
                0x204009c0                _erelocate = .

.bss            0x204009c0      0x144 load address 0x004054d0
                0x204009c0                . = ALIGN (0x4)
                0x204009c0                _sbss = .
                0x204009c0                _szero = .
 *(.bss .bss.*)
 .bss           0x204009c0       0x1c c:/program files (x86)/atmel/studio/7.0/toolchain/arm/arm-gnu-toolchain/bin/../lib/gcc/arm-none-eabi/6.3.1/thumb/v7e-m/crtbegin.o
 .bss.ul_reg_val.9514
                0x204009dc        0x4 src/ASF/sam/drivers/usart/usart.o
 .bss.gs_interrupt_sources
                0x204009e0       0x70 src/ASF/sam/drivers/pio/pio_handler.o
 .bss.heap.6420
                0x20400a50        0x4 src/ASF/sam/utils/syscalls/gcc/syscalls.o
 .bss.data.10867
                0x20400a54        0x2 src/main.o
 *fill*         0x20400a56        0x2 
 .bss.__malloc_current_mallinfo
                0x20400a58       0x28 c:/program files (x86)/atmel/studio/7.0/toolchain/arm/arm-gnu-toolchain/bin/../lib/gcc/arm-none-eabi/6.3.1/../../../../arm-none-eabi/lib/thumb/v7e-m\libc.a(lib_a-mallocr.o)
                0x20400a58                __malloc_current_mallinfo
 .bss.__malloc_max_sbrked_mem
                0x20400a80        0x4 c:/program files (x86)/atmel/studio/7.0/toolchain/arm/arm-gnu-toolchain/bin/../lib/gcc/arm-none-eabi/6.3.1/../../../../arm-none-eabi/lib/thumb/v7e-m\libc.a(lib_a-mallocr.o)
                0x20400a80                __malloc_max_sbrked_mem
 .bss.__malloc_max_total_mem
                0x20400a84        0x4 c:/program files (x86)/atmel/studio/7.0/toolchain/arm/arm-gnu-toolchain/bin/../lib/gcc/arm-none-eabi/6.3.1/../../../../arm-none-eabi/lib/thumb/v7e-m\libc.a(lib_a-mallocr.o)
                0x20400a84                __malloc_max_total_mem
 .bss.__malloc_top_pad
                0x20400a88        0x4 c:/program files (x86)/atmel/studio/7.0/toolchain/arm/arm-gnu-toolchain/bin/../lib/gcc/arm-none-eabi/6.3.1/../../../../arm-none-eabi/lib/thumb/v7e-m\libc.a(lib_a-mallocr.o)
                0x20400a88                __malloc_top_pad
 *(COMMON)
 COMMON         0x20400a8c        0x4 src/ASF/common/utils/stdio/read.o
                0x20400a8c                ptr_get
 COMMON         0x20400a90        0x8 src/ASF/common/utils/stdio/write.o
                0x20400a90                ptr_put
                0x20400a94                stdio_base
 COMMON         0x20400a98       0x44 src/main.o
                0x20400a98                g_uc_role
                0x20400aa0                dataIn
                0x20400ab8                pipe0_reading_address
                0x20400ac0                dataOut
                0x20400ad8                txDelay
 COMMON         0x20400adc       0x21 c:/program files (x86)/atmel/studio/7.0/toolchain/arm/arm-gnu-toolchain/bin/../lib/gcc/arm-none-eabi/6.3.1/../../../../arm-none-eabi/lib/thumb/v7e-m\libc.a(lib_a-lock.o)
                0x20400adc                __lock___atexit_recursive_mutex
                0x20400ae0                __lock___arc4random_mutex
                0x20400ae4                __lock___env_recursive_mutex
                0x20400ae8                __lock___sinit_recursive_mutex
                0x20400aec                __lock___malloc_recursive_mutex
                0x20400af0                __lock___at_quick_exit_mutex
                0x20400af4                __lock___dd_hash_mutex
                0x20400af8                __lock___tz_mutex
                0x20400afc                __lock___sfp_recursive_mutex
 *fill*         0x20400afd        0x3 
 COMMON         0x20400b00        0x4 c:/program files (x86)/atmel/studio/7.0/toolchain/arm/arm-gnu-toolchain/bin/../lib/gcc/arm-none-eabi/6.3.1/../../../../arm-none-eabi/lib/thumb/v7e-m\libc.a(lib_a-reent.o)
                0x20400b00                errno
                0x20400b04                . = ALIGN (0x4)
                0x20400b04                _ebss = .
                0x20400b04                _ezero = .

.stack          0x20400b04     0x2004 load address 0x00405614
                0x20400b08                . = ALIGN (0x8)
 *fill*         0x20400b04        0x4 
                0x20400b08                _sstack = .
                0x20402b08                . = (. + STACK_SIZE)
 *fill*         0x20400b08     0x2000 
                0x20402b08                . = ALIGN (0x8)
                0x20402b08                _estack = .

.heap           0x20402b08      0x200 load address 0x00407618
                0x20402b08                . = ALIGN (0x8)
                0x20402b08                _sheap = .
                0x20402d08                . = (. + HEAP_SIZE)
 *fill*         0x20402b08      0x200 
                0x20402d08                . = ALIGN (0x8)
                0x20402d08                _eheap = .
                0x20402d08                . = ALIGN (0x4)
                0x20402d08                _end = .
                0x2045ffff                _ram_end_ = ((ORIGIN (ram) + LENGTH (ram)) - 0x1)
OUTPUT(nRF24L01_SPI.elf elf32-littlearm)

.ARM.attributes
                0x00000000       0x2e
 .ARM.attributes
                0x00000000       0x1e c:/program files (x86)/atmel/studio/7.0/toolchain/arm/arm-gnu-toolchain/bin/../lib/gcc/arm-none-eabi/6.3.1/thumb/v7e-m/crti.o
 .ARM.attributes
                0x0000001e       0x2e c:/program files (x86)/atmel/studio/7.0/toolchain/arm/arm-gnu-toolchain/bin/../lib/gcc/arm-none-eabi/6.3.1/thumb/v7e-m/crtbegin.o
 .ARM.attributes
                0x0000004c       0x37 src/ASF/common/services/delay/sam/cycle_counter.o
 .ARM.attributes
                0x00000083       0x37 src/ASF/common/utils/stdio/read.o
 .ARM.attributes
                0x000000ba       0x37 src/ASF/sam/drivers/usart/usart.o
 .ARM.attributes
                0x000000f1       0x37 src/ASF/common/utils/stdio/write.o
 .ARM.attributes
                0x00000128       0x37 src/ASF/sam/drivers/spi/spi.o
 .ARM.attributes
                0x0000015f       0x37 src/ASF/sam/drivers/uart/uart.o
 .ARM.attributes
                0x00000196       0x37 src/ASF/common/services/clock/same70/sysclk.o
 .ARM.attributes
                0x000001cd       0x37 src/ASF/common/utils/interrupt/interrupt_sam_nvic.o
 .ARM.attributes
                0x00000204       0x37 src/ASF/sam/boards/same70_xplained/init.o
 .ARM.attributes
                0x0000023b       0x37 src/ASF/sam/drivers/pio/pio.o
 .ARM.attributes
                0x00000272       0x37 src/ASF/sam/drivers/pio/pio_handler.o
 .ARM.attributes
                0x000002a9       0x37 src/ASF/sam/drivers/pmc/pmc.o
 .ARM.attributes
                0x000002e0       0x37 src/ASF/sam/utils/cmsis/same70/source/templates/gcc/startup_same70.o
 .ARM.attributes
                0x00000317       0x37 src/ASF/sam/utils/cmsis/same70/source/templates/system_same70.o
 .ARM.attributes
                0x0000034e       0x37 src/ASF/sam/utils/syscalls/gcc/syscalls.o
 .ARM.attributes
                0x00000385       0x37 src/main.o
 .ARM.attributes
                0x000003bc       0x1e c:/program files (x86)/atmel/studio/7.0/toolchain/arm/arm-gnu-toolchain/bin/../lib/gcc/arm-none-eabi/6.3.1/thumb/v7e-m\libgcc.a(_aeabi_uldivmod.o)
 .ARM.attributes
                0x000003da       0x2e c:/program files (x86)/atmel/studio/7.0/toolchain/arm/arm-gnu-toolchain/bin/../lib/gcc/arm-none-eabi/6.3.1/thumb/v7e-m\libgcc.a(_udivmoddi4.o)
 .ARM.attributes
                0x00000408       0x1e c:/program files (x86)/atmel/studio/7.0/toolchain/arm/arm-gnu-toolchain/bin/../lib/gcc/arm-none-eabi/6.3.1/thumb/v7e-m\libgcc.a(_dvmd_tls.o)
 .ARM.attributes
                0x00000426       0x2e c:/program files (x86)/atmel/studio/7.0/toolchain/arm/arm-gnu-toolchain/bin/../lib/gcc/arm-none-eabi/6.3.1/../../../../arm-none-eabi/lib/thumb/v7e-m\libc.a(lib_a-impure.o)
 .ARM.attributes
                0x00000454       0x2e c:/program files (x86)/atmel/studio/7.0/toolchain/arm/arm-gnu-toolchain/bin/../lib/gcc/arm-none-eabi/6.3.1/../../../../arm-none-eabi/lib/thumb/v7e-m\libc.a(lib_a-init.o)
 .ARM.attributes
                0x00000482       0x2e c:/program files (x86)/atmel/studio/7.0/toolchain/arm/arm-gnu-toolchain/bin/../lib/gcc/arm-none-eabi/6.3.1/../../../../arm-none-eabi/lib/thumb/v7e-m\libc.a(lib_a-iprintf.o)
 .ARM.attributes
                0x000004b0       0x1c c:/program files (x86)/atmel/studio/7.0/toolchain/arm/arm-gnu-toolchain/bin/../lib/gcc/arm-none-eabi/6.3.1/../../../../arm-none-eabi/lib/thumb/v7e-m\libc.a(lib_a-memcpy.o)
 .ARM.attributes
                0x000004cc       0x2e c:/program files (x86)/atmel/studio/7.0/toolchain/arm/arm-gnu-toolchain/bin/../lib/gcc/arm-none-eabi/6.3.1/../../../../arm-none-eabi/lib/thumb/v7e-m\libc.a(lib_a-memset.o)
 .ARM.attributes
                0x000004fa       0x2e c:/program files (x86)/atmel/studio/7.0/toolchain/arm/arm-gnu-toolchain/bin/../lib/gcc/arm-none-eabi/6.3.1/../../../../arm-none-eabi/lib/thumb/v7e-m\libc.a(lib_a-puts.o)
 .ARM.attributes
                0x00000528       0x2e c:/program files (x86)/atmel/studio/7.0/toolchain/arm/arm-gnu-toolchain/bin/../lib/gcc/arm-none-eabi/6.3.1/../../../../arm-none-eabi/lib/thumb/v7e-m\libc.a(lib_a-setbuf.o)
 .ARM.attributes
                0x00000556       0x2e c:/program files (x86)/atmel/studio/7.0/toolchain/arm/arm-gnu-toolchain/bin/../lib/gcc/arm-none-eabi/6.3.1/../../../../arm-none-eabi/lib/thumb/v7e-m\libc.a(lib_a-setvbuf.o)
 .ARM.attributes
                0x00000584       0x1c c:/program files (x86)/atmel/studio/7.0/toolchain/arm/arm-gnu-toolchain/bin/../lib/gcc/arm-none-eabi/6.3.1/../../../../arm-none-eabi/lib/thumb/v7e-m\libc.a(lib_a-strlen.o)
 .ARM.attributes
                0x000005a0       0x2e c:/program files (x86)/atmel/studio/7.0/toolchain/arm/arm-gnu-toolchain/bin/../lib/gcc/arm-none-eabi/6.3.1/../../../../arm-none-eabi/lib/thumb/v7e-m\libc.a(lib_a-vfiprintf.o)
 .ARM.attributes
                0x000005ce       0x2e c:/program files (x86)/atmel/studio/7.0/toolchain/arm/arm-gnu-toolchain/bin/../lib/gcc/arm-none-eabi/6.3.1/../../../../arm-none-eabi/lib/thumb/v7e-m\libc.a(lib_a-wsetup.o)
 .ARM.attributes
                0x000005fc       0x2e c:/program files (x86)/atmel/studio/7.0/toolchain/arm/arm-gnu-toolchain/bin/../lib/gcc/arm-none-eabi/6.3.1/../../../../arm-none-eabi/lib/thumb/v7e-m\libc.a(lib_a-__call_atexit.o)
 .ARM.attributes
                0x0000062a       0x2e c:/program files (x86)/atmel/studio/7.0/toolchain/arm/arm-gnu-toolchain/bin/../lib/gcc/arm-none-eabi/6.3.1/../../../../arm-none-eabi/lib/thumb/v7e-m\libc.a(lib_a-atexit.o)
 .ARM.attributes
                0x00000658       0x2e c:/program files (x86)/atmel/studio/7.0/toolchain/arm/arm-gnu-toolchain/bin/../lib/gcc/arm-none-eabi/6.3.1/../../../../arm-none-eabi/lib/thumb/v7e-m\libc.a(lib_a-fflush.o)
 .ARM.attributes
                0x00000686       0x2e c:/program files (x86)/atmel/studio/7.0/toolchain/arm/arm-gnu-toolchain/bin/../lib/gcc/arm-none-eabi/6.3.1/../../../../arm-none-eabi/lib/thumb/v7e-m\libc.a(lib_a-findfp.o)
 .ARM.attributes
                0x000006b4       0x2e c:/program files (x86)/atmel/studio/7.0/toolchain/arm/arm-gnu-toolchain/bin/../lib/gcc/arm-none-eabi/6.3.1/../../../../arm-none-eabi/lib/thumb/v7e-m\libc.a(lib_a-fini.o)
 .ARM.attributes
                0x000006e2       0x2e c:/program files (x86)/atmel/studio/7.0/toolchain/arm/arm-gnu-toolchain/bin/../lib/gcc/arm-none-eabi/6.3.1/../../../../arm-none-eabi/lib/thumb/v7e-m\libc.a(lib_a-fputwc.o)
 .ARM.attributes
                0x00000710       0x2e c:/program files (x86)/atmel/studio/7.0/toolchain/arm/arm-gnu-toolchain/bin/../lib/gcc/arm-none-eabi/6.3.1/../../../../arm-none-eabi/lib/thumb/v7e-m\libc.a(lib_a-freer.o)
 .ARM.attributes
                0x0000073e       0x2e c:/program files (x86)/atmel/studio/7.0/toolchain/arm/arm-gnu-toolchain/bin/../lib/gcc/arm-none-eabi/6.3.1/../../../../arm-none-eabi/lib/thumb/v7e-m\libc.a(lib_a-fvwrite.o)
 .ARM.attributes
                0x0000076c       0x2e c:/program files (x86)/atmel/studio/7.0/toolchain/arm/arm-gnu-toolchain/bin/../lib/gcc/arm-none-eabi/6.3.1/../../../../arm-none-eabi/lib/thumb/v7e-m\libc.a(lib_a-fwalk.o)
 .ARM.attributes
                0x0000079a       0x2e c:/program files (x86)/atmel/studio/7.0/toolchain/arm/arm-gnu-toolchain/bin/../lib/gcc/arm-none-eabi/6.3.1/../../../../arm-none-eabi/lib/thumb/v7e-m\libc.a(lib_a-locale.o)
 .ARM.attributes
                0x000007c8       0x2e c:/program files (x86)/atmel/studio/7.0/toolchain/arm/arm-gnu-toolchain/bin/../lib/gcc/arm-none-eabi/6.3.1/../../../../arm-none-eabi/lib/thumb/v7e-m\libc.a(lib_a-lock.o)
 .ARM.attributes
                0x000007f6       0x2e c:/program files (x86)/atmel/studio/7.0/toolchain/arm/arm-gnu-toolchain/bin/../lib/gcc/arm-none-eabi/6.3.1/../../../../arm-none-eabi/lib/thumb/v7e-m\libc.a(lib_a-makebuf.o)
 .ARM.attributes
                0x00000824       0x2e c:/program files (x86)/atmel/studio/7.0/toolchain/arm/arm-gnu-toolchain/bin/../lib/gcc/arm-none-eabi/6.3.1/../../../../arm-none-eabi/lib/thumb/v7e-m\libc.a(lib_a-malloc.o)
 .ARM.attributes
                0x00000852       0x2e c:/program files (x86)/atmel/studio/7.0/toolchain/arm/arm-gnu-toolchain/bin/../lib/gcc/arm-none-eabi/6.3.1/../../../../arm-none-eabi/lib/thumb/v7e-m\libc.a(lib_a-mallocr.o)
 .ARM.attributes
                0x00000880       0x2e c:/program files (x86)/atmel/studio/7.0/toolchain/arm/arm-gnu-toolchain/bin/../lib/gcc/arm-none-eabi/6.3.1/../../../../arm-none-eabi/lib/thumb/v7e-m\libc.a(lib_a-mbtowc_r.o)
 .ARM.attributes
                0x000008ae       0x1c c:/program files (x86)/atmel/studio/7.0/toolchain/arm/arm-gnu-toolchain/bin/../lib/gcc/arm-none-eabi/6.3.1/../../../../arm-none-eabi/lib/thumb/v7e-m\libc.a(lib_a-memchr.o)
 .ARM.attributes
                0x000008ca       0x2e c:/program files (x86)/atmel/studio/7.0/toolchain/arm/arm-gnu-toolchain/bin/../lib/gcc/arm-none-eabi/6.3.1/../../../../arm-none-eabi/lib/thumb/v7e-m\libc.a(lib_a-memmove.o)
 .ARM.attributes
                0x000008f8       0x2e c:/program files (x86)/atmel/studio/7.0/toolchain/arm/arm-gnu-toolchain/bin/../lib/gcc/arm-none-eabi/6.3.1/../../../../arm-none-eabi/lib/thumb/v7e-m\libc.a(lib_a-mlock.o)
 .ARM.attributes
                0x00000926       0x2e c:/program files (x86)/atmel/studio/7.0/toolchain/arm/arm-gnu-toolchain/bin/../lib/gcc/arm-none-eabi/6.3.1/../../../../arm-none-eabi/lib/thumb/v7e-m\libc.a(lib_a-reallocr.o)
 .ARM.attributes
                0x00000954       0x2e c:/program files (x86)/atmel/studio/7.0/toolchain/arm/arm-gnu-toolchain/bin/../lib/gcc/arm-none-eabi/6.3.1/../../../../arm-none-eabi/lib/thumb/v7e-m\libc.a(lib_a-sbrkr.o)
 .ARM.attributes
                0x00000982       0x2e c:/program files (x86)/atmel/studio/7.0/toolchain/arm/arm-gnu-toolchain/bin/../lib/gcc/arm-none-eabi/6.3.1/../../../../arm-none-eabi/lib/thumb/v7e-m\libc.a(lib_a-stdio.o)
 .ARM.attributes
                0x000009b0       0x2e c:/program files (x86)/atmel/studio/7.0/toolchain/arm/arm-gnu-toolchain/bin/../lib/gcc/arm-none-eabi/6.3.1/../../../../arm-none-eabi/lib/thumb/v7e-m\libc.a(lib_a-wbuf.o)
 .ARM.attributes
                0x000009de       0x2e c:/program files (x86)/atmel/studio/7.0/toolchain/arm/arm-gnu-toolchain/bin/../lib/gcc/arm-none-eabi/6.3.1/../../../../arm-none-eabi/lib/thumb/v7e-m\libc.a(lib_a-wcrtomb.o)
 .ARM.attributes
                0x00000a0c       0x2e c:/program files (x86)/atmel/studio/7.0/toolchain/arm/arm-gnu-toolchain/bin/../lib/gcc/arm-none-eabi/6.3.1/../../../../arm-none-eabi/lib/thumb/v7e-m\libc.a(lib_a-wctomb_r.o)
 .ARM.attributes
                0x00000a3a       0x2e c:/program files (x86)/atmel/studio/7.0/toolchain/arm/arm-gnu-toolchain/bin/../lib/gcc/arm-none-eabi/6.3.1/../../../../arm-none-eabi/lib/thumb/v7e-m\libc.a(lib_a-writer.o)
 .ARM.attributes
                0x00000a68       0x2e c:/program files (x86)/atmel/studio/7.0/toolchain/arm/arm-gnu-toolchain/bin/../lib/gcc/arm-none-eabi/6.3.1/../../../../arm-none-eabi/lib/thumb/v7e-m\libc.a(lib_a-__atexit.o)
 .ARM.attributes
                0x00000a96       0x2e c:/program files (x86)/atmel/studio/7.0/toolchain/arm/arm-gnu-toolchain/bin/../lib/gcc/arm-none-eabi/6.3.1/../../../../arm-none-eabi/lib/thumb/v7e-m\libc.a(lib_a-closer.o)
 .ARM.attributes
                0x00000ac4       0x2e c:/program files (x86)/atmel/studio/7.0/toolchain/arm/arm-gnu-toolchain/bin/../lib/gcc/arm-none-eabi/6.3.1/../../../../arm-none-eabi/lib/thumb/v7e-m\libc.a(lib_a-ctype_.o)
 .ARM.attributes
                0x00000af2       0x2e c:/program files (x86)/atmel/studio/7.0/toolchain/arm/arm-gnu-toolchain/bin/../lib/gcc/arm-none-eabi/6.3.1/../../../../arm-none-eabi/lib/thumb/v7e-m\libc.a(lib_a-fclose.o)
 .ARM.attributes
                0x00000b20       0x2e c:/program files (x86)/atmel/studio/7.0/toolchain/arm/arm-gnu-toolchain/bin/../lib/gcc/arm-none-eabi/6.3.1/../../../../arm-none-eabi/lib/thumb/v7e-m\libc.a(lib_a-fstatr.o)
 .ARM.attributes
                0x00000b4e       0x2e c:/program files (x86)/atmel/studio/7.0/toolchain/arm/arm-gnu-toolchain/bin/../lib/gcc/arm-none-eabi/6.3.1/../../../../arm-none-eabi/lib/thumb/v7e-m\libc.a(lib_a-isattyr.o)
 .ARM.attributes
                0x00000b7c       0x2e c:/program files (x86)/atmel/studio/7.0/toolchain/arm/arm-gnu-toolchain/bin/../lib/gcc/arm-none-eabi/6.3.1/../../../../arm-none-eabi/lib/thumb/v7e-m\libc.a(lib_a-lseekr.o)
 .ARM.attributes
                0x00000baa       0x2e c:/program files (x86)/atmel/studio/7.0/toolchain/arm/arm-gnu-toolchain/bin/../lib/gcc/arm-none-eabi/6.3.1/../../../../arm-none-eabi/lib/thumb/v7e-m\libc.a(lib_a-readr.o)
 .ARM.attributes
                0x00000bd8       0x2e c:/program files (x86)/atmel/studio/7.0/toolchain/arm/arm-gnu-toolchain/bin/../lib/gcc/arm-none-eabi/6.3.1/../../../../arm-none-eabi/lib/thumb/v7e-m\libc.a(lib_a-reent.o)
 .ARM.attributes
                0x00000c06       0x1e c:/program files (x86)/atmel/studio/7.0/toolchain/arm/arm-gnu-toolchain/bin/../lib/gcc/arm-none-eabi/6.3.1/thumb/v7e-m/crtn.o

.comment        0x00000000       0x59
 .comment       0x00000000       0x59 src/ASF/common/services/delay/sam/cycle_counter.o
                                 0x5a (size before relaxing)
 .comment       0x00000059       0x5a src/ASF/common/utils/stdio/read.o
 .comment       0x00000059       0x5a src/ASF/sam/drivers/usart/usart.o
 .comment       0x00000059       0x5a src/ASF/common/utils/stdio/write.o
 .comment       0x00000059       0x5a src/ASF/sam/drivers/spi/spi.o
 .comment       0x00000059       0x5a src/ASF/sam/drivers/uart/uart.o
 .comment       0x00000059       0x5a src/ASF/common/services/clock/same70/sysclk.o
 .comment       0x00000059       0x5a src/ASF/common/utils/interrupt/interrupt_sam_nvic.o
 .comment       0x00000059       0x5a src/ASF/sam/boards/same70_xplained/init.o
 .comment       0x00000059       0x5a src/ASF/sam/drivers/pio/pio.o
 .comment       0x00000059       0x5a src/ASF/sam/drivers/pio/pio_handler.o
 .comment       0x00000059       0x5a src/ASF/sam/drivers/pmc/pmc.o
 .comment       0x00000059       0x5a src/ASF/sam/utils/cmsis/same70/source/templates/gcc/startup_same70.o
 .comment       0x00000059       0x5a src/ASF/sam/utils/cmsis/same70/source/templates/system_same70.o
 .comment       0x00000059       0x5a src/ASF/sam/utils/syscalls/gcc/syscalls.o
 .comment       0x00000059       0x5a src/main.o

.debug_info     0x00000000    0x16dd1
 .debug_info    0x00000000      0xa45 src/ASF/common/services/delay/sam/cycle_counter.o
 .debug_info    0x00000a45      0xac9 src/ASF/common/utils/stdio/read.o
 .debug_info    0x0000150e     0x23ac src/ASF/sam/drivers/usart/usart.o
 .debug_info    0x000038ba      0xac6 src/ASF/common/utils/stdio/write.o
 .debug_info    0x00004380     0x1181 src/ASF/sam/drivers/spi/spi.o
 .debug_info    0x00005501     0x1072 src/ASF/sam/drivers/uart/uart.o
 .debug_info    0x00006573     0x12a4 src/ASF/common/services/clock/same70/sysclk.o
 .debug_info    0x00007817      0xaff src/ASF/common/utils/interrupt/interrupt_sam_nvic.o
 .debug_info    0x00008316     0x230f src/ASF/sam/boards/same70_xplained/init.o
 .debug_info    0x0000a625     0x2174 src/ASF/sam/drivers/pio/pio.o
 .debug_info    0x0000c799     0x1bb2 src/ASF/sam/drivers/pio/pio_handler.o
 .debug_info    0x0000e34b     0x1f1c src/ASF/sam/drivers/pmc/pmc.o
 .debug_info    0x00010267     0x15fe src/ASF/sam/utils/cmsis/same70/source/templates/gcc/startup_same70.o
 .debug_info    0x00011865      0x5d0 src/ASF/sam/utils/cmsis/same70/source/templates/system_same70.o
 .debug_info    0x00011e35      0xdb0 src/ASF/sam/utils/syscalls/gcc/syscalls.o
 .debug_info    0x00012be5     0x41ec src/main.o

.debug_abbrev   0x00000000     0x2f3f
 .debug_abbrev  0x00000000      0x1b3 src/ASF/common/services/delay/sam/cycle_counter.o
 .debug_abbrev  0x000001b3      0x1fe src/ASF/common/utils/stdio/read.o
 .debug_abbrev  0x000003b1      0x3ca src/ASF/sam/drivers/usart/usart.o
 .debug_abbrev  0x0000077b      0x1e9 src/ASF/common/utils/stdio/write.o
 .debug_abbrev  0x00000964      0x3b2 src/ASF/sam/drivers/spi/spi.o
 .debug_abbrev  0x00000d16      0x27b src/ASF/sam/drivers/uart/uart.o
 .debug_abbrev  0x00000f91      0x31f src/ASF/common/services/clock/same70/sysclk.o
 .debug_abbrev  0x000012b0      0x221 src/ASF/common/utils/interrupt/interrupt_sam_nvic.o
 .debug_abbrev  0x000014d1      0x338 src/ASF/sam/boards/same70_xplained/init.o
 .debug_abbrev  0x00001809      0x410 src/ASF/sam/drivers/pio/pio.o
 .debug_abbrev  0x00001c19      0x34d src/ASF/sam/drivers/pio/pio_handler.o
 .debug_abbrev  0x00001f66      0x398 src/ASF/sam/drivers/pmc/pmc.o
 .debug_abbrev  0x000022fe      0x2f3 src/ASF/sam/utils/cmsis/same70/source/templates/gcc/startup_same70.o
 .debug_abbrev  0x000025f1      0x102 src/ASF/sam/utils/cmsis/same70/source/templates/system_same70.o
 .debug_abbrev  0x000026f3      0x264 src/ASF/sam/utils/syscalls/gcc/syscalls.o
 .debug_abbrev  0x00002957      0x5e8 src/main.o

.debug_aranges  0x00000000      0xb98
 .debug_aranges
                0x00000000       0x20 src/ASF/common/services/delay/sam/cycle_counter.o
 .debug_aranges
                0x00000020       0x20 src/ASF/common/utils/stdio/read.o
 .debug_aranges
                0x00000040      0x2a8 src/ASF/sam/drivers/usart/usart.o
 .debug_aranges
                0x000002e8       0x20 src/ASF/common/utils/stdio/write.o
 .debug_aranges
                0x00000308       0x90 src/ASF/sam/drivers/spi/spi.o
 .debug_aranges
                0x00000398       0xd8 src/ASF/sam/drivers/uart/uart.o
 .debug_aranges
                0x00000470       0x40 src/ASF/common/services/clock/same70/sysclk.o
 .debug_aranges
                0x000004b0       0x28 src/ASF/common/utils/interrupt/interrupt_sam_nvic.o
 .debug_aranges
                0x000004d8       0x20 src/ASF/sam/boards/same70_xplained/init.o
 .debug_aranges
                0x000004f8      0x1a8 src/ASF/sam/drivers/pio/pio.o
 .debug_aranges
                0x000006a0       0x60 src/ASF/sam/drivers/pio/pio_handler.o
 .debug_aranges
                0x00000700      0x270 src/ASF/sam/drivers/pmc/pmc.o
 .debug_aranges
                0x00000970       0x28 src/ASF/sam/utils/cmsis/same70/source/templates/gcc/startup_same70.o
 .debug_aranges
                0x00000998       0x30 src/ASF/sam/utils/cmsis/same70/source/templates/system_same70.o
 .debug_aranges
                0x000009c8       0x60 src/ASF/sam/utils/syscalls/gcc/syscalls.o
 .debug_aranges
                0x00000a28      0x170 src/main.o

.debug_ranges   0x00000000      0xbb8
 .debug_ranges  0x00000000       0x10 src/ASF/common/services/delay/sam/cycle_counter.o
 .debug_ranges  0x00000010       0x10 src/ASF/common/utils/stdio/read.o
 .debug_ranges  0x00000020      0x298 src/ASF/sam/drivers/usart/usart.o
 .debug_ranges  0x000002b8       0x10 src/ASF/common/utils/stdio/write.o
 .debug_ranges  0x000002c8       0x80 src/ASF/sam/drivers/spi/spi.o
 .debug_ranges  0x00000348       0xc8 src/ASF/sam/drivers/uart/uart.o
 .debug_ranges  0x00000410       0x30 src/ASF/common/services/clock/same70/sysclk.o
 .debug_ranges  0x00000440       0x18 src/ASF/common/utils/interrupt/interrupt_sam_nvic.o
 .debug_ranges  0x00000458       0x10 src/ASF/sam/boards/same70_xplained/init.o
 .debug_ranges  0x00000468      0x2a0 src/ASF/sam/drivers/pio/pio.o
 .debug_ranges  0x00000708       0x68 src/ASF/sam/drivers/pio/pio_handler.o
 .debug_ranges  0x00000770      0x260 src/ASF/sam/drivers/pmc/pmc.o
 .debug_ranges  0x000009d0       0x18 src/ASF/sam/utils/cmsis/same70/source/templates/gcc/startup_same70.o
 .debug_ranges  0x000009e8       0x20 src/ASF/sam/utils/cmsis/same70/source/templates/system_same70.o
 .debug_ranges  0x00000a08       0x50 src/ASF/sam/utils/syscalls/gcc/syscalls.o
 .debug_ranges  0x00000a58      0x160 src/main.o

.debug_macro    0x00000000    0x20251
 .debug_macro   0x00000000      0x69b src/ASF/common/services/delay/sam/cycle_counter.o
 .debug_macro   0x0000069b      0x8ce src/ASF/common/services/delay/sam/cycle_counter.o
 .debug_macro   0x00000f69      0x16d src/ASF/common/services/delay/sam/cycle_counter.o
 .debug_macro   0x000010d6      0x708 src/ASF/common/services/delay/sam/cycle_counter.o
 .debug_macro   0x000017de       0x76 src/ASF/common/services/delay/sam/cycle_counter.o
 .debug_macro   0x00001854       0x16 src/ASF/common/services/delay/sam/cycle_counter.o
 .debug_macro   0x0000186a      0x6da src/ASF/common/services/delay/sam/cycle_counter.o
 .debug_macro   0x00001f44       0x22 src/ASF/common/services/delay/sam/cycle_counter.o
 .debug_macro   0x00001f66       0x87 src/ASF/common/services/delay/sam/cycle_counter.o
 .debug_macro   0x00001fed       0x51 src/ASF/common/services/delay/sam/cycle_counter.o
 .debug_macro   0x0000203e       0xef src/ASF/common/services/delay/sam/cycle_counter.o
 .debug_macro   0x0000212d       0x6a src/ASF/common/services/delay/sam/cycle_counter.o
 .debug_macro   0x00002197      0x1df src/ASF/common/services/delay/sam/cycle_counter.o
 .debug_macro   0x00002376       0x51 src/ASF/common/services/delay/sam/cycle_counter.o
 .debug_macro   0x000023c7       0x1c src/ASF/common/services/delay/sam/cycle_counter.o
 .debug_macro   0x000023e3       0x22 src/ASF/common/services/delay/sam/cycle_counter.o
 .debug_macro   0x00002405       0xdf src/ASF/common/services/delay/sam/cycle_counter.o
 .debug_macro   0x000024e4     0x12cd src/ASF/common/services/delay/sam/cycle_counter.o
 .debug_macro   0x000037b1      0x11f src/ASF/common/services/delay/sam/cycle_counter.o
 .debug_macro   0x000038d0       0x19 src/ASF/common/services/delay/sam/cycle_counter.o
 .debug_macro   0x000038e9      0x191 src/ASF/common/services/delay/sam/cycle_counter.o
 .debug_macro   0x00003a7a      0x2ee src/ASF/common/services/delay/sam/cycle_counter.o
 .debug_macro   0x00003d68      0xa23 src/ASF/common/services/delay/sam/cycle_counter.o
 .debug_macro   0x0000478b      0x1b4 src/ASF/common/services/delay/sam/cycle_counter.o
 .debug_macro   0x0000493f      0x35f src/ASF/common/services/delay/sam/cycle_counter.o
 .debug_macro   0x00004c9e      0x15a src/ASF/common/services/delay/sam/cycle_counter.o
 .debug_macro   0x00004df8     0x18b3 src/ASF/common/services/delay/sam/cycle_counter.o
 .debug_macro   0x000066ab       0x1c src/ASF/common/services/delay/sam/cycle_counter.o
 .debug_macro   0x000066c7      0x6a2 src/ASF/common/services/delay/sam/cycle_counter.o
 .debug_macro   0x00006d69      0x27f src/ASF/common/services/delay/sam/cycle_counter.o
 .debug_macro   0x00006fe8      0x3ba src/ASF/common/services/delay/sam/cycle_counter.o
 .debug_macro   0x000073a2      0x4f0 src/ASF/common/services/delay/sam/cycle_counter.o
 .debug_macro   0x00007892      0x5cb src/ASF/common/services/delay/sam/cycle_counter.o
 .debug_macro   0x00007e5d     0x1527 src/ASF/common/services/delay/sam/cycle_counter.o
 .debug_macro   0x00009384     0x2a40 src/ASF/common/services/delay/sam/cycle_counter.o
 .debug_macro   0x0000bdc4     0x113e src/ASF/common/services/delay/sam/cycle_counter.o
 .debug_macro   0x0000cf02      0xcdb src/ASF/common/services/delay/sam/cycle_counter.o
 .debug_macro   0x0000dbdd      0x3c6 src/ASF/common/services/delay/sam/cycle_counter.o
 .debug_macro   0x0000dfa3       0xa0 src/ASF/common/services/delay/sam/cycle_counter.o
 .debug_macro   0x0000e043       0x76 src/ASF/common/services/delay/sam/cycle_counter.o
 .debug_macro   0x0000e0b9      0x442 src/ASF/common/services/delay/sam/cycle_counter.o
 .debug_macro   0x0000e4fb       0x64 src/ASF/common/services/delay/sam/cycle_counter.o
 .debug_macro   0x0000e55f      0x299 src/ASF/common/services/delay/sam/cycle_counter.o
 .debug_macro   0x0000e7f8      0x201 src/ASF/common/services/delay/sam/cycle_counter.o
 .debug_macro   0x0000e9f9      0x280 src/ASF/common/services/delay/sam/cycle_counter.o
 .debug_macro   0x0000ec79      0x539 src/ASF/common/services/delay/sam/cycle_counter.o
 .debug_macro   0x0000f1b2      0x64f src/ASF/common/services/delay/sam/cycle_counter.o
 .debug_macro   0x0000f801      0x6fd src/ASF/common/services/delay/sam/cycle_counter.o
 .debug_macro   0x0000fefe       0x64 src/ASF/common/services/delay/sam/cycle_counter.o
 .debug_macro   0x0000ff62      0x4c4 src/ASF/common/services/delay/sam/cycle_counter.o
 .debug_macro   0x00010426      0x237 src/ASF/common/services/delay/sam/cycle_counter.o
 .debug_macro   0x0001065d      0xa06 src/ASF/common/services/delay/sam/cycle_counter.o
 .debug_macro   0x00011063     0x14ec src/ASF/common/services/delay/sam/cycle_counter.o
 .debug_macro   0x0001254f       0x40 src/ASF/common/services/delay/sam/cycle_counter.o
 .debug_macro   0x0001258f       0x76 src/ASF/common/services/delay/sam/cycle_counter.o
 .debug_macro   0x00012605      0xdd1 src/ASF/common/services/delay/sam/cycle_counter.o
 .debug_macro   0x000133d6       0x88 src/ASF/common/services/delay/sam/cycle_counter.o
 .debug_macro   0x0001345e       0x7c src/ASF/common/services/delay/sam/cycle_counter.o
 .debug_macro   0x000134da       0x52 src/ASF/common/services/delay/sam/cycle_counter.o
 .debug_macro   0x0001352c      0x133 src/ASF/common/services/delay/sam/cycle_counter.o
 .debug_macro   0x0001365f      0x133 src/ASF/common/services/delay/sam/cycle_counter.o
 .debug_macro   0x00013792      0x133 src/ASF/common/services/delay/sam/cycle_counter.o
 .debug_macro   0x000138c5       0x76 src/ASF/common/services/delay/sam/cycle_counter.o
 .debug_macro   0x0001393b       0x76 src/ASF/common/services/delay/sam/cycle_counter.o
 .debug_macro   0x000139b1      0x2fe src/ASF/common/services/delay/sam/cycle_counter.o
 .debug_macro   0x00013caf       0xca src/ASF/common/services/delay/sam/cycle_counter.o
 .debug_macro   0x00013d79       0xca src/ASF/common/services/delay/sam/cycle_counter.o
 .debug_macro   0x00013e43       0xca src/ASF/common/services/delay/sam/cycle_counter.o
 .debug_macro   0x00013f0d      0x13b src/ASF/common/services/delay/sam/cycle_counter.o
 .debug_macro   0x00014048      0x13b src/ASF/common/services/delay/sam/cycle_counter.o
 .debug_macro   0x00014183      0x2cd src/ASF/common/services/delay/sam/cycle_counter.o
 .debug_macro   0x00014450       0xbe src/ASF/common/services/delay/sam/cycle_counter.o
 .debug_macro   0x0001450e       0x64 src/ASF/common/services/delay/sam/cycle_counter.o
 .debug_macro   0x00014572       0x46 src/ASF/common/services/delay/sam/cycle_counter.o
 .debug_macro   0x000145b8       0x64 src/ASF/common/services/delay/sam/cycle_counter.o
 .debug_macro   0x0001461c       0xa6 src/ASF/common/services/delay/sam/cycle_counter.o
 .debug_macro   0x000146c2      0x4b7 src/ASF/common/services/delay/sam/cycle_counter.o
 .debug_macro   0x00014b79      0x133 src/ASF/common/services/delay/sam/cycle_counter.o
 .debug_macro   0x00014cac       0x52 src/ASF/common/services/delay/sam/cycle_counter.o
 .debug_macro   0x00014cfe      0x2fe src/ASF/common/services/delay/sam/cycle_counter.o
 .debug_macro   0x00014ffc       0x76 src/ASF/common/services/delay/sam/cycle_counter.o
 .debug_macro   0x00015072       0xbe src/ASF/common/services/delay/sam/cycle_counter.o
 .debug_macro   0x00015130       0x70 src/ASF/common/services/delay/sam/cycle_counter.o
 .debug_macro   0x000151a0       0x34 src/ASF/common/services/delay/sam/cycle_counter.o
 .debug_macro   0x000151d4      0x9b8 src/ASF/common/services/delay/sam/cycle_counter.o
 .debug_macro   0x00015b8c       0x70 src/ASF/common/services/delay/sam/cycle_counter.o
 .debug_macro   0x00015bfc       0x8e src/ASF/common/services/delay/sam/cycle_counter.o
 .debug_macro   0x00015c8a       0x5e src/ASF/common/services/delay/sam/cycle_counter.o
 .debug_macro   0x00015ce8       0xfa src/ASF/common/services/delay/sam/cycle_counter.o
 .debug_macro   0x00015de2       0x4c src/ASF/common/services/delay/sam/cycle_counter.o
 .debug_macro   0x00015e2e       0x4c src/ASF/common/services/delay/sam/cycle_counter.o
 .debug_macro   0x00015e7a       0x16 src/ASF/common/services/delay/sam/cycle_counter.o
 .debug_macro   0x00015e90       0xfa src/ASF/common/services/delay/sam/cycle_counter.o
 .debug_macro   0x00015f8a       0x52 src/ASF/common/services/delay/sam/cycle_counter.o
 .debug_macro   0x00015fdc       0x16 src/ASF/common/services/delay/sam/cycle_counter.o
 .debug_macro   0x00015ff2       0x52 src/ASF/common/services/delay/sam/cycle_counter.o
 .debug_macro   0x00016044       0x2e src/ASF/common/services/delay/sam/cycle_counter.o
 .debug_macro   0x00016072      0x1b3 src/ASF/common/services/delay/sam/cycle_counter.o
 .debug_macro   0x00016225      0x1b3 src/ASF/common/services/delay/sam/cycle_counter.o
 .debug_macro   0x000163d8      0x1b3 src/ASF/common/services/delay/sam/cycle_counter.o
 .debug_macro   0x0001658b      0x1b3 src/ASF/common/services/delay/sam/cycle_counter.o
 .debug_macro   0x0001673e      0x1b3 src/ASF/common/services/delay/sam/cycle_counter.o
 .debug_macro   0x000168f1       0x1c src/ASF/common/services/delay/sam/cycle_counter.o
 .debug_macro   0x0001690d       0x34 src/ASF/common/services/delay/sam/cycle_counter.o
 .debug_macro   0x00016941       0x22 src/ASF/common/services/delay/sam/cycle_counter.o
 .debug_macro   0x00016963       0x1c src/ASF/common/services/delay/sam/cycle_counter.o
 .debug_macro   0x0001697f       0x5e src/ASF/common/services/delay/sam/cycle_counter.o
 .debug_macro   0x000169dd       0x10 src/ASF/common/services/delay/sam/cycle_counter.o
 .debug_macro   0x000169ed       0x1c src/ASF/common/services/delay/sam/cycle_counter.o
 .debug_macro   0x00016a09       0x52 src/ASF/common/services/delay/sam/cycle_counter.o
 .debug_macro   0x00016a5b       0x52 src/ASF/common/services/delay/sam/cycle_counter.o
 .debug_macro   0x00016aad       0x52 src/ASF/common/services/delay/sam/cycle_counter.o
 .debug_macro   0x00016aff      0x33e src/ASF/common/services/delay/sam/cycle_counter.o
 .debug_macro   0x00016e3d     0x10ab src/ASF/common/services/delay/sam/cycle_counter.o
 .debug_macro   0x00017ee8      0x107 src/ASF/common/services/delay/sam/cycle_counter.o
 .debug_macro   0x00017fef       0x58 src/ASF/common/services/delay/sam/cycle_counter.o
 .debug_macro   0x00018047       0x35 src/ASF/common/services/delay/sam/cycle_counter.o
 .debug_macro   0x0001807c       0x9c src/ASF/common/services/delay/sam/cycle_counter.o
 .debug_macro   0x00018118       0x16 src/ASF/common/services/delay/sam/cycle_counter.o
 .debug_macro   0x0001812e       0x35 src/ASF/common/services/delay/sam/cycle_counter.o
 .debug_macro   0x00018163      0x34d src/ASF/common/services/delay/sam/cycle_counter.o
 .debug_macro   0x000184b0       0x10 src/ASF/common/services/delay/sam/cycle_counter.o
 .debug_macro   0x000184c0       0x58 src/ASF/common/services/delay/sam/cycle_counter.o
 .debug_macro   0x00018518       0x1f src/ASF/common/services/delay/sam/cycle_counter.o
 .debug_macro   0x00018537       0x43 src/ASF/common/services/delay/sam/cycle_counter.o
 .debug_macro   0x0001857a       0x20 src/ASF/common/services/delay/sam/cycle_counter.o
 .debug_macro   0x0001859a      0x187 src/ASF/common/services/delay/sam/cycle_counter.o
 .debug_macro   0x00018721       0x10 src/ASF/common/services/delay/sam/cycle_counter.o
 .debug_macro   0x00018731       0x1c src/ASF/common/services/delay/sam/cycle_counter.o
 .debug_macro   0x0001874d       0x52 src/ASF/common/services/delay/sam/cycle_counter.o
 .debug_macro   0x0001879f       0x40 src/ASF/common/services/delay/sam/cycle_counter.o
 .debug_macro   0x000187df       0x10 src/ASF/common/services/delay/sam/cycle_counter.o
 .debug_macro   0x000187ef       0x40 src/ASF/common/services/delay/sam/cycle_counter.o
 .debug_macro   0x0001882f       0xd7 src/ASF/common/services/delay/sam/cycle_counter.o
 .debug_macro   0x00018906       0x16 src/ASF/common/services/delay/sam/cycle_counter.o
 .debug_macro   0x0001891c      0x18b src/ASF/common/services/delay/sam/cycle_counter.o
 .debug_macro   0x00018aa7       0x22 src/ASF/common/services/delay/sam/cycle_counter.o
 .debug_macro   0x00018ac9       0x16 src/ASF/common/services/delay/sam/cycle_counter.o
 .debug_macro   0x00018adf       0x16 src/ASF/common/services/delay/sam/cycle_counter.o
 .debug_macro   0x00018af5       0x29 src/ASF/common/services/delay/sam/cycle_counter.o
 .debug_macro   0x00018b1e       0x73 src/ASF/common/services/delay/sam/cycle_counter.o
 .debug_macro   0x00018b91       0x3e src/ASF/common/services/delay/sam/cycle_counter.o
 .debug_macro   0x00018bcf      0x3ca src/ASF/common/services/delay/sam/cycle_counter.o
 .debug_macro   0x00018f99       0x22 src/ASF/common/services/delay/sam/cycle_counter.o
 .debug_macro   0x00018fbb      0x68a src/ASF/common/utils/stdio/read.o
 .debug_macro   0x00019645      0x6d1 src/ASF/sam/drivers/usart/usart.o
 .debug_macro   0x00019d16       0x28 src/ASF/sam/drivers/usart/usart.o
 .debug_macro   0x00019d3e      0x68a src/ASF/common/utils/stdio/write.o
 .debug_macro   0x0001a3c8      0x70f src/ASF/sam/drivers/spi/spi.o
 .debug_macro   0x0001aad7       0x10 src/ASF/sam/drivers/spi/spi.o
 .debug_macro   0x0001aae7      0x69b src/ASF/sam/drivers/uart/uart.o
 .debug_macro   0x0001b182       0x16 src/ASF/sam/drivers/uart/uart.o
 .debug_macro   0x0001b198      0x706 src/ASF/common/services/clock/same70/sysclk.o
 .debug_macro   0x0001b89e      0x2d2 src/ASF/common/services/clock/same70/sysclk.o
 .debug_macro   0x0001bb70      0x68a src/ASF/common/utils/interrupt/interrupt_sam_nvic.o
 .debug_macro   0x0001c1fa      0x742 src/ASF/sam/boards/same70_xplained/init.o
 .debug_macro   0x0001c93c       0x34 src/ASF/sam/boards/same70_xplained/init.o
 .debug_macro   0x0001c970       0x82 src/ASF/sam/boards/same70_xplained/init.o
 .debug_macro   0x0001c9f2       0x94 src/ASF/sam/boards/same70_xplained/init.o
 .debug_macro   0x0001ca86      0x6a1 src/ASF/sam/drivers/pio/pio.o
 .debug_macro   0x0001d127       0x8e src/ASF/sam/drivers/pio/pio.o
 .debug_macro   0x0001d1b5      0x6ac src/ASF/sam/drivers/pio/pio_handler.o
 .debug_macro   0x0001d861      0x6a1 src/ASF/sam/drivers/pmc/pmc.o
 .debug_macro   0x0001df02       0x6a src/ASF/sam/drivers/pmc/pmc.o
 .debug_macro   0x0001df6c      0x69a src/ASF/sam/utils/cmsis/same70/source/templates/gcc/startup_same70.o
 .debug_macro   0x0001e606       0x10 src/ASF/sam/utils/cmsis/same70/source/templates/gcc/startup_same70.o
 .debug_macro   0x0001e616      0x486 src/ASF/sam/utils/cmsis/same70/source/templates/system_same70.o
 .debug_macro   0x0001ea9c      0x1d6 src/ASF/sam/utils/syscalls/gcc/syscalls.o
 .debug_macro   0x0001ec72       0x52 src/ASF/sam/utils/syscalls/gcc/syscalls.o
 .debug_macro   0x0001ecc4       0x8d src/ASF/sam/utils/syscalls/gcc/syscalls.o
 .debug_macro   0x0001ed51       0x57 src/ASF/sam/utils/syscalls/gcc/syscalls.o
 .debug_macro   0x0001eda8       0x97 src/ASF/sam/utils/syscalls/gcc/syscalls.o
 .debug_macro   0x0001ee3f      0x353 src/ASF/sam/utils/syscalls/gcc/syscalls.o
 .debug_macro   0x0001f192       0xf6 src/ASF/sam/utils/syscalls/gcc/syscalls.o
 .debug_macro   0x0001f288       0x4c src/ASF/sam/utils/syscalls/gcc/syscalls.o
 .debug_macro   0x0001f2d4       0x16 src/ASF/sam/utils/syscalls/gcc/syscalls.o
 .debug_macro   0x0001f2ea       0x10 src/ASF/sam/utils/syscalls/gcc/syscalls.o
 .debug_macro   0x0001f2fa       0x10 src/ASF/sam/utils/syscalls/gcc/syscalls.o
 .debug_macro   0x0001f30a       0x35 src/ASF/sam/utils/syscalls/gcc/syscalls.o
 .debug_macro   0x0001f33f      0x122 src/ASF/sam/utils/syscalls/gcc/syscalls.o
 .debug_macro   0x0001f461      0x8a1 src/main.o
 .debug_macro   0x0001fd02       0x28 src/main.o
 .debug_macro   0x0001fd2a       0x22 src/main.o
 .debug_macro   0x0001fd4c       0x40 src/main.o
 .debug_macro   0x0001fd8c       0x88 src/main.o
 .debug_macro   0x0001fe14      0x1cf src/main.o
 .debug_macro   0x0001ffe3       0x16 src/main.o
 .debug_macro   0x0001fff9       0x1c src/main.o
 .debug_macro   0x00020015       0x16 src/main.o
 .debug_macro   0x0002002b      0x226 src/main.o

.debug_line     0x00000000     0xbf17
 .debug_line    0x00000000      0xa20 src/ASF/common/services/delay/sam/cycle_counter.o
 .debug_line    0x00000a20      0xa1a src/ASF/common/utils/stdio/read.o
 .debug_line    0x0000143a     0x10a9 src/ASF/sam/drivers/usart/usart.o
 .debug_line    0x000024e3      0xa12 src/ASF/common/utils/stdio/write.o
 .debug_line    0x00002ef5      0xc73 src/ASF/sam/drivers/spi/spi.o
 .debug_line    0x00003b68      0xbac src/ASF/sam/drivers/uart/uart.o
 .debug_line    0x00004714      0xb82 src/ASF/common/services/clock/same70/sysclk.o
 .debug_line    0x00005296      0xa2f src/ASF/common/utils/interrupt/interrupt_sam_nvic.o
 .debug_line    0x00005cc5      0xcad src/ASF/sam/boards/same70_xplained/init.o
 .debug_line    0x00006972      0xf16 src/ASF/sam/drivers/pio/pio.o
 .debug_line    0x00007888      0xafe src/ASF/sam/drivers/pio/pio_handler.o
 .debug_line    0x00008386     0x10da src/ASF/sam/drivers/pmc/pmc.o
 .debug_line    0x00009460      0xa9f src/ASF/sam/utils/cmsis/same70/source/templates/gcc/startup_same70.o
 .debug_line    0x00009eff      0x81b src/ASF/sam/utils/cmsis/same70/source/templates/system_same70.o
 .debug_line    0x0000a71a      0x40b src/ASF/sam/utils/syscalls/gcc/syscalls.o
 .debug_line    0x0000ab25     0x13f2 src/main.o

.debug_str      0x00000000    0x94d6c
 .debug_str     0x00000000    0x89fac src/ASF/common/services/delay/sam/cycle_counter.o
                              0x8a69b (size before relaxing)
 .debug_str     0x00089fac       0x3f src/ASF/common/utils/stdio/read.o
                              0x8a514 (size before relaxing)
 .debug_str     0x00089feb      0xba1 src/ASF/sam/drivers/usart/usart.o
                              0x8b0a6 (size before relaxing)
 .debug_str     0x0008ab8c       0x2e src/ASF/common/utils/stdio/write.o
                              0x8a515 (size before relaxing)
 .debug_str     0x0008abba     0x4654 src/ASF/sam/drivers/spi/spi.o
                              0x8eba9 (size before relaxing)
 .debug_str     0x0008f20e      0x2fd src/ASF/sam/drivers/uart/uart.o
                              0x8a832 (size before relaxing)
 .debug_str     0x0008f50b      0x4e5 src/ASF/common/services/clock/same70/sysclk.o
                              0x8ec41 (size before relaxing)
 .debug_str     0x0008f9f0       0x94 src/ASF/common/utils/interrupt/interrupt_sam_nvic.o
                              0x8a56b (size before relaxing)
 .debug_str     0x0008fa84     0x101d src/ASF/sam/boards/same70_xplained/init.o
                              0x8f880 (size before relaxing)
 .debug_str     0x00090aa1      0x5a6 src/ASF/sam/drivers/pio/pio.o
                              0x8b0cd (size before relaxing)
 .debug_str     0x00091047      0x4af src/ASF/sam/drivers/pio/pio_handler.o
                              0x8b2a8 (size before relaxing)
 .debug_str     0x000914f6      0x6da src/ASF/sam/drivers/pmc/pmc.o
                              0x8b2a3 (size before relaxing)
 .debug_str     0x00091bd0      0x76f src/ASF/sam/utils/cmsis/same70/source/templates/gcc/startup_same70.o
                              0x8ae04 (size before relaxing)
 .debug_str     0x0009233f      0x137 src/ASF/sam/utils/cmsis/same70/source/templates/system_same70.o
                              0x7a0be (size before relaxing)
 .debug_str     0x00092476      0x787 src/ASF/sam/utils/syscalls/gcc/syscalls.o
                               0x7476 (size before relaxing)
 .debug_str     0x00092bfd     0x216f src/main.o
                              0x9211a (size before relaxing)

.debug_frame    0x00000000     0x2720
 .debug_frame   0x00000000       0x20 src/ASF/common/services/delay/sam/cycle_counter.o
 .debug_frame   0x00000020       0x30 src/ASF/common/utils/stdio/read.o
 .debug_frame   0x00000050      0x5c0 src/ASF/sam/drivers/usart/usart.o
 .debug_frame   0x00000610       0x48 src/ASF/common/utils/stdio/write.o
 .debug_frame   0x00000658      0x140 src/ASF/sam/drivers/spi/spi.o
 .debug_frame   0x00000798      0x19c src/ASF/sam/drivers/uart/uart.o
 .debug_frame   0x00000934       0x88 src/ASF/common/services/clock/same70/sysclk.o
 .debug_frame   0x000009bc       0x30 src/ASF/common/utils/interrupt/interrupt_sam_nvic.o
 .debug_frame   0x000009ec       0x30 src/ASF/sam/boards/same70_xplained/init.o
 .debug_frame   0x00000a1c      0x390 src/ASF/sam/drivers/pio/pio.o
 .debug_frame   0x00000dac      0x110 src/ASF/sam/drivers/pio/pio_handler.o
 .debug_frame   0x00000ebc      0x4ec src/ASF/sam/drivers/pmc/pmc.o
 .debug_frame   0x000013a8       0x38 src/ASF/sam/utils/cmsis/same70/source/templates/gcc/startup_same70.o
 .debug_frame   0x000013e0       0x40 src/ASF/sam/utils/cmsis/same70/source/templates/system_same70.o
 .debug_frame   0x00001420       0xa0 src/ASF/sam/utils/syscalls/gcc/syscalls.o
 .debug_frame   0x000014c0      0x4e0 src/main.o
 .debug_frame   0x000019a0       0x2c c:/program files (x86)/atmel/studio/7.0/toolchain/arm/arm-gnu-toolchain/bin/../lib/gcc/arm-none-eabi/6.3.1/thumb/v7e-m\libgcc.a(_aeabi_uldivmod.o)
 .debug_frame   0x000019cc       0x34 c:/program files (x86)/atmel/studio/7.0/toolchain/arm/arm-gnu-toolchain/bin/../lib/gcc/arm-none-eabi/6.3.1/thumb/v7e-m\libgcc.a(_udivmoddi4.o)
 .debug_frame   0x00001a00       0x2c c:/program files (x86)/atmel/studio/7.0/toolchain/arm/arm-gnu-toolchain/bin/../lib/gcc/arm-none-eabi/6.3.1/../../../../arm-none-eabi/lib/thumb/v7e-m\libc.a(lib_a-init.o)
 .debug_frame   0x00001a2c       0x74 c:/program files (x86)/atmel/studio/7.0/toolchain/arm/arm-gnu-toolchain/bin/../lib/gcc/arm-none-eabi/6.3.1/../../../../arm-none-eabi/lib/thumb/v7e-m\libc.a(lib_a-iprintf.o)
 .debug_frame   0x00001aa0       0x34 c:/program files (x86)/atmel/studio/7.0/toolchain/arm/arm-gnu-toolchain/bin/../lib/gcc/arm-none-eabi/6.3.1/../../../../arm-none-eabi/lib/thumb/v7e-m\libc.a(lib_a-memset.o)