Archive member included to satisfy reference by file (symbol)

c:/program files (x86)/atmel/studio/7.0/toolchain/arm/arm-gnu-toolchain/bin/../lib/gcc/arm-none-eabi/6.3.1/thumb/v7e-m\libgcc.a(_aeabi_uldivmod.o)
                              src/nRF24.o (__aeabi_uldivmod)
c:/program files (x86)/atmel/studio/7.0/toolchain/arm/arm-gnu-toolchain/bin/../lib/gcc/arm-none-eabi/6.3.1/thumb/v7e-m\libgcc.a(_udivmoddi4.o)
                              c:/program files (x86)/atmel/studio/7.0/toolchain/arm/arm-gnu-toolchain/bin/../lib/gcc/arm-none-eabi/6.3.1/thumb/v7e-m\libgcc.a(_aeabi_uldivmod.o) (__udivmoddi4)
c:/program files (x86)/atmel/studio/7.0/toolchain/arm/arm-gnu-toolchain/bin/../lib/gcc/arm-none-eabi/6.3.1/thumb/v7e-m\libgcc.a(_dvmd_tls.o)
                              c:/program files (x86)/atmel/studio/7.0/toolchain/arm/arm-gnu-toolchain/bin/../lib/gcc/arm-none-eabi/6.3.1/thumb/v7e-m\libgcc.a(_aeabi_uldivmod.o) (__aeabi_ldiv0)
c:/program files (x86)/atmel/studio/7.0/toolchain/arm/arm-gnu-toolchain/bin/../lib/gcc/arm-none-eabi/6.3.1/../../../../arm-none-eabi/lib/thumb/v7e-m\libc.a(lib_a-exit.o)
                              c:/program files (x86)/atmel/studio/7.0/toolchain/arm/arm-gnu-toolchain/bin/../lib/gcc/arm-none-eabi/6.3.1/../../../../arm-none-eabi/lib/thumb/v7e-m/crt0.o (exit)
c:/program files (x86)/atmel/studio/7.0/toolchain/arm/arm-gnu-toolchain/bin/../lib/gcc/arm-none-eabi/6.3.1/../../../../arm-none-eabi/lib/thumb/v7e-m\libc.a(lib_a-impure.o)
                              c:/program files (x86)/atmel/studio/7.0/toolchain/arm/arm-gnu-toolchain/bin/../lib/gcc/arm-none-eabi/6.3.1/../../../../arm-none-eabi/lib/thumb/v7e-m\libc.a(lib_a-exit.o) (_global_impure_ptr)
c:/program files (x86)/atmel/studio/7.0/toolchain/arm/arm-gnu-toolchain/bin/../lib/gcc/arm-none-eabi/6.3.1/../../../../arm-none-eabi/lib/thumb/v7e-m\libc.a(lib_a-init.o)
                              c:/program files (x86)/atmel/studio/7.0/toolchain/arm/arm-gnu-toolchain/bin/../lib/gcc/arm-none-eabi/6.3.1/../../../../arm-none-eabi/lib/thumb/v7e-m/crt0.o (__libc_init_array)
c:/program files (x86)/atmel/studio/7.0/toolchain/arm/arm-gnu-toolchain/bin/../lib/gcc/arm-none-eabi/6.3.1/../../../../arm-none-eabi/lib/thumb/v7e-m\libc.a(lib_a-iprintf.o)
                              src/SAM_SPI.o (iprintf)
c:/program files (x86)/atmel/studio/7.0/toolchain/arm/arm-gnu-toolchain/bin/../lib/gcc/arm-none-eabi/6.3.1/../../../../arm-none-eabi/lib/thumb/v7e-m\libc.a(lib_a-memcpy.o)
                              src/nRF24.o (memcpy)
c:/program files (x86)/atmel/studio/7.0/toolchain/arm/arm-gnu-toolchain/bin/../lib/gcc/arm-none-eabi/6.3.1/../../../../arm-none-eabi/lib/thumb/v7e-m\libc.a(lib_a-memset.o)
                              c:/program files (x86)/atmel/studio/7.0/toolchain/arm/arm-gnu-toolchain/bin/../lib/gcc/arm-none-eabi/6.3.1/../../../../arm-none-eabi/lib/thumb/v7e-m/crt0.o (memset)
c:/program files (x86)/atmel/studio/7.0/toolchain/arm/arm-gnu-toolchain/bin/../lib/gcc/arm-none-eabi/6.3.1/../../../../arm-none-eabi/lib/thumb/v7e-m\libc.a(lib_a-puts.o)
                              src/SAM_SPI.o (puts)
c:/program files (x86)/atmel/studio/7.0/toolchain/arm/arm-gnu-toolchain/bin/../lib/gcc/arm-none-eabi/6.3.1/../../../../arm-none-eabi/lib/thumb/v7e-m\libc.a(lib_a-setbuf.o)
                              src/main.o (setbuf)
c:/program files (x86)/atmel/studio/7.0/toolchain/arm/arm-gnu-toolchain/bin/../lib/gcc/arm-none-eabi/6.3.1/../../../../arm-none-eabi/lib/thumb/v7e-m\libc.a(lib_a-setvbuf.o)
                              c:/program files (x86)/atmel/studio/7.0/toolchain/arm/arm-gnu-toolchain/bin/../lib/gcc/arm-none-eabi/6.3.1/../../../../arm-none-eabi/lib/thumb/v7e-m\libc.a(lib_a-setbuf.o) (setvbuf)
c:/program files (x86)/atmel/studio/7.0/toolchain/arm/arm-gnu-toolchain/bin/../lib/gcc/arm-none-eabi/6.3.1/../../../../arm-none-eabi/lib/thumb/v7e-m\libc.a(lib_a-strlen.o)
                              c:/program files (x86)/atmel/studio/7.0/toolchain/arm/arm-gnu-toolchain/bin/../lib/gcc/arm-none-eabi/6.3.1/../../../../arm-none-eabi/lib/thumb/v7e-m\libc.a(lib_a-puts.o) (strlen)
c:/program files (x86)/atmel/studio/7.0/toolchain/arm/arm-gnu-toolchain/bin/../lib/gcc/arm-none-eabi/6.3.1/../../../../arm-none-eabi/lib/thumb/v7e-m\libc.a(lib_a-vfiprintf.o)
                              c:/program files (x86)/atmel/studio/7.0/toolchain/arm/arm-gnu-toolchain/bin/../lib/gcc/arm-none-eabi/6.3.1/../../../../arm-none-eabi/lib/thumb/v7e-m\libc.a(lib_a-iprintf.o) (_vfiprintf_r)
c:/program files (x86)/atmel/studio/7.0/toolchain/arm/arm-gnu-toolchain/bin/../lib/gcc/arm-none-eabi/6.3.1/../../../../arm-none-eabi/lib/thumb/v7e-m\libc.a(lib_a-wsetup.o)
                              c:/program files (x86)/atmel/studio/7.0/toolchain/arm/arm-gnu-toolchain/bin/../lib/gcc/arm-none-eabi/6.3.1/../../../../arm-none-eabi/lib/thumb/v7e-m\libc.a(lib_a-vfiprintf.o) (__swsetup_r)
[...]
Memory Configuration

Name             Origin             Length             Attributes
rom              0x00400000         0x00200000         xr
ram              0x20400000         0x00060000         xrw
*default*        0x00000000         0xffffffff

Linker script and memory map

LOAD c:/program files (x86)/atmel/studio/7.0/toolchain/arm/arm-gnu-toolchain/bin/../lib/gcc/arm-none-eabi/6.3.1/thumb/v7e-m/crti.o
LOAD c:/program files (x86)/atmel/studio/7.0/toolchain/arm/arm-gnu-toolchain/bin/../lib/gcc/arm-none-eabi/6.3.1/thumb/v7e-m/crtbegin.o
LOAD c:/program files (x86)/atmel/studio/7.0/toolchain/arm/arm-gnu-toolchain/bin/../lib/gcc/arm-none-eabi/6.3.1/../../../../arm-none-eabi/lib/thumb/v7e-m/crt0.o
LOAD src/SAM_SPI.o
LOAD src/ASF/common/services/delay/sam/cycle_counter.o
LOAD src/ASF/common/services/spi/sam_spi/spi_master.o
LOAD src/ASF/common/utils/stdio/read.o
LOAD src/ASF/sam/drivers/usart/usart.o
LOAD src/nRF24.o
LOAD src/ASF/common/utils/stdio/write.o
LOAD src/ASF/common/services/serial/usart_serial.o
LOAD src/ASF/sam/drivers/spi/spi.o
LOAD src/ASF/sam/drivers/uart/uart.o
LOAD src/ASF/common/services/clock/same70/sysclk.o
LOAD src/ASF/common/utils/interrupt/interrupt_sam_nvic.o
LOAD src/ASF/sam/boards/same70_xplained/init.o
LOAD src/ASF/sam/drivers/mpu/mpu.o
LOAD src/ASF/sam/drivers/pio/pio.o
LOAD src/ASF/sam/drivers/pio/pio_handler.o
LOAD src/ASF/sam/drivers/pmc/pmc.o
LOAD src/ASF/sam/drivers/pmc/sleep.o
LOAD src/ASF/sam/utils/cmsis/same70/source/templates/gcc/startup_same70.o
LOAD src/ASF/sam/utils/cmsis/same70/source/templates/system_same70.o
LOAD src/ASF/sam/utils/syscalls/gcc/syscalls.o
LOAD src/main.o
START GROUP
LOAD ../src/ASF/thirdparty/CMSIS/Lib/GCC\libarm_cortexM7lfsp_math_softfp.a
LOAD c:/program files (x86)/atmel/studio/7.0/toolchain/arm/arm-gnu-toolchain/bin/../lib/gcc/arm-none-eabi/6.3.1/../../../../arm-none-eabi/lib/thumb/v7e-m\libm.a
END GROUP
START GROUP
LOAD c:/program files (x86)/atmel/studio/7.0/toolchain/arm/arm-gnu-toolchain/bin/../lib/gcc/arm-none-eabi/6.3.1/thumb/v7e-m\libgcc.a
LOAD c:/program files (x86)/atmel/studio/7.0/toolchain/arm/arm-gnu-toolchain/bin/../lib/gcc/arm-none-eabi/6.3.1/../../../../arm-none-eabi/lib/thumb/v7e-m\libc.a
END GROUP
LOAD c:/program files (x86)/atmel/studio/7.0/toolchain/arm/arm-gnu-toolchain/bin/../lib/gcc/arm-none-eabi/6.3.1/thumb/v7e-m/crtend.o
LOAD c:/program files (x86)/atmel/studio/7.0/toolchain/arm/arm-gnu-toolchain/bin/../lib/gcc/arm-none-eabi/6.3.1/thumb/v7e-m/crtn.o
                0x00002000                STACK_SIZE = DEFINED (STACK_SIZE)?STACK_SIZE:0x2000
                0x2045fffc                __ram_end__ = ((ORIGIN (ram) + LENGTH (ram)) - 0x4)
                0x00000200                HEAP_SIZE = DEFINED (HEAP_SIZE)?HEAP_SIZE:0x200

.text           0x00400000     0x4d04
                0x00400000                . = ALIGN (0x4)
                0x00400000                _sfixed = .
 *(.vectors .vectors.*)
 .vectors       0x00400000      0x168 src/ASF/sam/utils/cmsis/same70/source/templates/gcc/startup_same70.o
                0x00400000                exception_table
 *(.text .text.* .gnu.linkonce.t.*)
 .text          0x00400168       0x6c c:/program files (x86)/atmel/studio/7.0/toolchain/arm/arm-gnu-toolchain/bin/../lib/gcc/arm-none-eabi/6.3.1/thumb/v7e-m/crtbegin.o
 .text.spi_master_initialize
                0x004001d4       0xac src/SAM_SPI.o
                0x004001d4                spi_master_initialize
 .text.spi_set_clock_configuration
                0x00400280       0x44 src/SAM_SPI.o
                0x00400280                spi_set_clock_configuration
 .text.spi_master_transfer
                0x004002c4       0x60 src/SAM_SPI.o
                0x004002c4                spi_master_transfer
 .text._read    0x00400324       0x3c src/ASF/common/utils/stdio/read.o
                0x00400324                _read
 .text.usart_set_async_baudrate
                0x00400360       0x5a src/ASF/sam/drivers/usart/usart.o
                0x00400360                usart_set_async_baudrate
 *fill*         0x004003ba        0x2 
 .text.usart_reset
                0x004003bc       0x28 src/ASF/sam/drivers/usart/usart.o
                0x004003bc                usart_reset
 .text.usart_init_rs232
                0x004003e4       0x54 src/ASF/sam/drivers/usart/usart.o
                0x004003e4                usart_init_rs232
 .text.usart_enable_tx
                0x00400438        0x6 src/ASF/sam/drivers/usart/usart.o
                0x00400438                usart_enable_tx
 .text.usart_enable_rx
                0x0040043e        0x6 src/ASF/sam/drivers/usart/usart.o
                0x0040043e                usart_enable_rx
 .text.usart_write
                0x00400444       0x16 src/ASF/sam/drivers/usart/usart.o
                0x00400444                usart_write
 .text.usart_read
                0x0040045a       0x18 src/ASF/sam/drivers/usart/usart.o
                0x0040045a                usart_read
 *fill*         0x00400472        0x2 
 .text.print_address_register
                0x00400474       0xd0 src/nRF24.o
 .text.writeRegister
                0x00400544       0x4c src/nRF24.o
 .text.nRF24_readRegister
                0x00400590       0x28 src/nRF24.o
                0x00400590                nRF24_readRegister
 .text.print_byte_register
                0x004005b8       0x54 src/nRF24.o
 .text.nRF24_writeRegister
                0x0040060c       0x2c src/nRF24.o
                0x0040060c                nRF24_writeRegister
 .text.nRF24_FlushRx
                0x00400638       0x20 src/nRF24.o
                0x00400638                nRF24_FlushRx
 .text.nRF24_FlushTx
                0x00400658       0x20 src/nRF24.o
                0x00400658                nRF24_FlushTx
 .text.nRF24_getStatus
                0x00400678       0x20 src/nRF24.o
                0x00400678                nRF24_getStatus
 .text.nRF24_setDataRate
                0x00400698       0x44 src/nRF24.o
                0x00400698                nRF24_setDataRate
 .text.getDataRate
                0x004006dc       0x1c src/nRF24.o
                0x004006dc                getDataRate
 .text.nRF24_setCRCLength
                0x004006f8       0x2c src/nRF24.o
                0x004006f8                nRF24_setCRCLength
 .text.getCRCLength
                0x00400724       0x2c src/nRF24.o
                0x00400724                getCRCLength
 .text.nRF24_setPALevel
                0x00400750       0x30 src/nRF24.o
                0x00400750                nRF24_setPALevel
 .text.nRF24_getPALevel
                0x00400780       0x14 src/nRF24.o
                0x00400780                nRF24_getPALevel
 .text.printDetails
                0x00400794      0x144 src/nRF24.o
                0x00400794                printDetails
 .text.nRF24_setAddressWidth
                0x004008d8       0x38 src/nRF24.o
                0x004008d8                nRF24_setAddressWidth
 .text.toggle_features
                0x00400910       0x24 src/nRF24.o
                0x00400910                toggle_features
 .text.nRF24_setChannel
                0x00400934       0x18 src/nRF24.o
                0x00400934                nRF24_setChannel
 .text.nRF24_powerUp
                0x0040094c       0x34 src/nRF24.o
                0x0040094c                nRF24_powerUp
 .text.nRF24_stopListening
                0x00400980       0xb4 src/nRF24.o
                0x00400980                nRF24_stopListening
 .text.nRF24_begin
                0x00400a34       0x98 src/nRF24.o
                0x00400a34                nRF24_begin
 .text.nRF24_openWritingPipe
                0x00400acc       0x3c src/nRF24.o
                0x00400acc                nRF24_openWritingPipe
 .text.nRF24_openReadingPipe
                0x00400b08       0x8c src/nRF24.o
                0x00400b08                nRF24_openReadingPipe
 .text.nRF24_write
                0x00400b94       0xb8 src/nRF24.o
                0x00400b94                nRF24_write
 .text._write   0x00400c4c       0x50 src/ASF/common/utils/stdio/write.o
                0x00400c4c                _write
 .text.spi_enable_clock
                0x00400c9c       0x2c src/ASF/sam/drivers/spi/spi.o
                0x00400c9c                spi_enable_clock
 .text.spi_set_peripheral_chip_select_value
                0x00400cc8       0x16 src/ASF/sam/drivers/spi/spi.o
                0x00400cc8                spi_set_peripheral_chip_select_value
 .text.spi_read
                0x00400cde       0x30 src/ASF/sam/drivers/spi/spi.o
                0x00400cde                spi_read
 .text.spi_write
                0x00400d0e       0x34 src/ASF/sam/drivers/spi/spi.o
                0x00400d0e                spi_write
 .text.spi_set_clock_polarity
                0x00400d42       0x1e src/ASF/sam/drivers/spi/spi.o
                0x00400d42                spi_set_clock_polarity
 .text.spi_set_clock_phase
                0x00400d60       0x1e src/ASF/sam/drivers/spi/spi.o
                0x00400d60                spi_set_clock_phase
 .text.spi_set_bits_per_transfer
                0x00400d7e       0x14 src/ASF/sam/drivers/spi/spi.o
                0x00400d7e                spi_set_bits_per_transfer
 .text.spi_set_baudrate_div
                0x00400d92       0x28 src/ASF/sam/drivers/spi/spi.o
                0x00400d92                spi_set_baudrate_div
 .text.spi_set_transfer_delay
                0x00400dba       0x1e src/ASF/sam/drivers/spi/spi.o
                0x00400dba                spi_set_transfer_delay
 .text.uart_write
                0x00400dd8       0x12 src/ASF/sam/drivers/uart/uart.o
                0x00400dd8                uart_write
 .text.uart_read
                0x00400dea       0x14 src/ASF/sam/drivers/uart/uart.o
                0x00400dea                uart_read
 *fill*         0x00400dfe        0x2 
 .text.sysclk_init
                0x00400e00       0x70 src/ASF/common/services/clock/same70/sysclk.o
                0x00400e00                sysclk_init
 .text.board_init
                0x00400e70      0x21c src/ASF/sam/boards/same70_xplained/init.o
                0x00400e70                board_init
 .text.pio_get_interrupt_status
                0x0040108c        0x4 src/ASF/sam/drivers/pio/pio.o
                0x0040108c                pio_get_interrupt_status
 .text.pio_get_interrupt_mask
                0x00401090        0x4 src/ASF/sam/drivers/pio/pio.o
                0x00401090                pio_get_interrupt_mask
 .text.pio_handler_process
                0x00401094       0x50 src/ASF/sam/drivers/pio/pio_handler.o
                0x00401094                pio_handler_process
 .text.PIOA_Handler
                0x004010e4       0x14 src/ASF/sam/drivers/pio/pio_handler.o
                0x004010e4                PIOA_Handler
 .text.PIOB_Handler
                0x004010f8       0x14 src/ASF/sam/drivers/pio/pio_handler.o
                0x004010f8                PIOB_Handler
 .text.PIOC_Handler
                0x0040110c       0x14 src/ASF/sam/drivers/pio/pio_handler.o
                0x0040110c                PIOC_Handler
 .text.PIOD_Handler
                0x00401120       0x14 src/ASF/sam/drivers/pio/pio_handler.o
                0x00401120                PIOD_Handler
 .text.PIOE_Handler
                0x00401134       0x14 src/ASF/sam/drivers/pio/pio_handler.o
                0x00401134                PIOE_Handler
 .text.pmc_mck_set_division
                0x00401148       0x38 src/ASF/sam/drivers/pmc/pmc.o
                0x00401148                pmc_mck_set_division
 .text.pmc_switch_mck_to_pllack
                0x00401180       0x64 src/ASF/sam/drivers/pmc/pmc.o
                0x00401180                pmc_switch_mck_to_pllack
 .text.pmc_switch_mainck_to_xtal
                0x004011e4       0x54 src/ASF/sam/drivers/pmc/pmc.o
                0x004011e4                pmc_switch_mainck_to_xtal
 .text.pmc_osc_is_ready_mainck
                0x00401238       0x10 src/ASF/sam/drivers/pmc/pmc.o
                0x00401238                pmc_osc_is_ready_mainck
 .text.pmc_disable_pllack
                0x00401248       0x10 src/ASF/sam/drivers/pmc/pmc.o
                0x00401248                pmc_disable_pllack
 .text.pmc_is_locked_pllack
                0x00401258       0x10 src/ASF/sam/drivers/pmc/pmc.o
                0x00401258                pmc_is_locked_pllack
 .text.pmc_enable_periph_clk
                0x00401268       0x20 src/ASF/sam/drivers/pmc/pmc.o
                0x00401268                pmc_enable_periph_clk
 .text.Dummy_Handler
                0x00401288        0x2 src/ASF/sam/utils/cmsis/same70/source/templates/gcc/startup_same70.o
                0x00401288                DACC_Handler
                0x00401288                DebugMon_Handler
                0x00401288                UART3_Handler
                0x00401288                UART2_Handler
                0x00401288                TRNG_Handler
                0x00401288                HardFault_Handler
                0x00401288                TC2_Handler
                0x00401288                SysTick_Handler
                0x00401288                AFEC1_Handler
                0x00401288                PendSV_Handler
                0x00401288                NMI_Handler
                0x00401288                TC7_Handler
                0x00401288                QSPI_Handler
                0x00401288                ISI_Handler
                0x00401288                MCAN0_INT0_Handler
                0x00401288                TC9_Handler
                0x00401288                RSWDT_Handler
                0x00401288                USART0_Handler
                0x00401288                RTT_Handler
                0x00401288                USBHS_Handler
                0x00401288                IXC_Handler
                0x00401288                CCF_Handler
                0x00401288                RTC_Handler
                0x00401288                UsageFault_Handler
                0x00401288                TC6_Handler
                0x00401288                WDT_Handler
                0x00401288                MCAN1_INT1_Handler
                0x00401288                TC4_Handler
                0x00401288                TC1_Handler
                0x00401288                HSMCI_Handler
                0x00401288                UART1_Handler
                0x00401288                TC3_Handler
                0x00401288                Dummy_Handler
                0x00401288                TWIHS1_Handler
                0x00401288                XDMAC_Handler
                0x00401288                UART4_Handler
                0x00401288                PWM1_Handler
                0x00401288                USART1_Handler
                0x00401288                PWM0_Handler
                0x00401288                AFEC0_Handler
                0x00401288                CCW_Handler
                0x00401288                SSC_Handler
                0x00401288                TC11_Handler
                0x00401288                ACC_Handler
                0x00401288                PMC_Handler
                0x00401288                GMAC_Handler
                0x00401288                MCAN0_INT1_Handler
                0x00401288                GMAC_Q5_Handler
                0x00401288                MemManage_Handler
                0x00401288                SUPC_Handler
                0x00401288                SVC_Handler
                0x00401288                TC8_Handler
                0x00401288                MCAN1_INT0_Handler
                0x00401288                EFC_Handler
                0x00401288                GMAC_Q1_Handler
                0x00401288                USART2_Handler
                0x00401288                SDRAMC_Handler
                0x00401288                GMAC_Q2_Handler
                0x00401288                SPI1_Handler
                0x00401288                TC10_Handler
                0x00401288                GMAC_Q3_Handler
                0x00401288                TWIHS2_Handler
                0x00401288                I2SC0_Handler
                0x00401288                UART0_Handler
                0x00401288                I2SC1_Handler
                0x00401288                GMAC_Q4_Handler
                0x00401288                FPU_Handler
                0x00401288                BusFault_Handler
                0x00401288                RSTC_Handler
                0x00401288                TC0_Handler
                0x00401288                TC5_Handler
                0x00401288                ICM_Handler
                0x00401288                AES_Handler
                0x00401288                TWIHS0_Handler
                0x00401288                SPI0_Handler
 *fill*         0x0040128a        0x2 
 .text.Reset_Handler
                0x0040128c       0xc8 src/ASF/sam/utils/cmsis/same70/source/templates/gcc/startup_same70.o
                0x0040128c                Reset_Handler
 .text.SystemCoreClockUpdate
                0x00401354      0x10c src/ASF/sam/utils/cmsis/same70/source/templates/system_same70.o
                0x00401354                SystemCoreClockUpdate
 .text.system_init_flash
                0x00401460       0x8c src/ASF/sam/utils/cmsis/same70/source/templates/system_same70.o
                0x00401460                system_init_flash
 .text._sbrk    0x004014ec       0x38 src/ASF/sam/utils/syscalls/gcc/syscalls.o
                0x004014ec                _sbrk
 .text._close   0x00401524        0x6 src/ASF/sam/utils/syscalls/gcc/syscalls.o
                0x00401524                _close
 .text._fstat   0x0040152a        0xa src/ASF/sam/utils/syscalls/gcc/syscalls.o
                0x0040152a                _fstat
 .text._isatty  0x00401534        0x4 src/ASF/sam/utils/syscalls/gcc/syscalls.o
                0x00401534                _isatty
 .text._lseek   0x00401538        0x4 src/ASF/sam/utils/syscalls/gcc/syscalls.o
                0x00401538                _lseek
 .text.usart_serial_getchar
                0x0040153c       0xdc src/main.o
 .text.usart_serial_putchar
                0x00401618       0xd4 src/main.o
 *fill*         0x004016ec        0x4 
 .text.main     0x004016f0      0x198 src/main.o
                0x004016f0                main
 .text          0x00401888       0x30 c:/program files (x86)/atmel/studio/7.0/toolchain/arm/arm-gnu-toolchain/bin/../lib/gcc/arm-none-eabi/6.3.1/thumb/v7e-m\libgcc.a(_aeabi_uldivmod.o)
                0x00401888                __aeabi_uldivmod
 .text          0x004018b8      0x2dc c:/program files (x86)/atmel/studio/7.0/toolchain/arm/arm-gnu-toolchain/bin/../lib/gcc/arm-none-eabi/6.3.1/thumb/v7e-m\libgcc.a(_udivmoddi4.o)
                0x004018b8                __udivmoddi4
 .text          0x00401b94        0x4 c:/program files (x86)/atmel/studio/7.0/toolchain/arm/arm-gnu-toolchain/bin/../lib/gcc/arm-none-eabi/6.3.1/thumb/v7e-m\libgcc.a(_dvmd_tls.o)
                0x00401b94                __aeabi_idiv0
                0x00401b94                __aeabi_ldiv0
 .text.__libc_init_array
                0x00401b98       0x50 c:/program files (x86)/atmel/studio/7.0/toolchain/arm/arm-gnu-toolchain/bin/../lib/gcc/arm-none-eabi/6.3.1/../../../../arm-none-eabi/lib/thumb/v7e-m\libc.a(lib_a-init.o)
                0x00401b98                __libc_init_array
 .text.iprintf  0x00401be8       0x28 c:/program files (x86)/atmel/studio/7.0/toolchain/arm/arm-gnu-toolchain/bin/../lib/gcc/arm-none-eabi/6.3.1/../../../../arm-none-eabi/lib/thumb/v7e-m\libc.a(lib_a-iprintf.o)
                0x00401be8                iprintf
 .text          0x00401c10      0x134 c:/program files (x86)/atmel/studio/7.0/toolchain/arm/arm-gnu-toolchain/bin/../lib/gcc/arm-none-eabi/6.3.1/../../../../arm-none-eabi/lib/thumb/v7e-m\libc.a(lib_a-memcpy.o)
                0x00401c10                memcpy
 .text.memset   0x00401d44       0x9c c:/program files (x86)/atmel/studio/7.0/toolchain/arm/arm-gnu-toolchain/bin/../lib/gcc/arm-none-eabi/6.3.1/../../../../arm-none-eabi/lib/thumb/v7e-m\libc.a(lib_a-memset.o)
                0x00401d44                memset
 .text._puts_r  0x00401de0       0x9c c:/program files (x86)/atmel/studio/7.0/toolchain/arm/arm-gnu-toolchain/bin/../lib/gcc/arm-none-eabi/6.3.1/../../../../arm-none-eabi/lib/thumb/v7e-m\libc.a(lib_a-puts.o)
                0x00401de0                _puts_r
 .text.puts     0x00401e7c       0x10 c:/program files (x86)/atmel/studio/7.0/toolchain/arm/arm-gnu-toolchain/bin/../lib/gcc/arm-none-eabi/6.3.1/../../../../arm-none-eabi/lib/thumb/v7e-m\libc.a(lib_a-puts.o)
                0x00401e7c                puts
 .text.setbuf   0x00401e8c       0x10 c:/program files (x86)/atmel/studio/7.0/toolchain/arm/arm-gnu-toolchain/bin/../lib/gcc/arm-none-eabi/6.3.1/../../../../arm-none-eabi/lib/thumb/v7e-m\libc.a(lib_a-setbuf.o)
                0x00401e8c                setbuf
 .text.setvbuf  0x00401e9c      0x190 c:/program files (x86)/atmel/studio/7.0/toolchain/arm/arm-gnu-toolchain/bin/../lib/gcc/arm-none-eabi/6.3.1/../../../../arm-none-eabi/lib/thumb/v7e-m\libc.a(lib_a-setvbuf.o)
                0x00401e9c                setvbuf
 *fill*         0x0040202c       0x14 
 .text          0x00402040       0xdc c:/program files (x86)/atmel/studio/7.0/toolchain/arm/arm-gnu-toolchain/bin/../lib/gcc/arm-none-eabi/6.3.1/../../../../arm-none-eabi/lib/thumb/v7e-m\libc.a(lib_a-strlen.o)
                0x00402040                strlen
 .text.__sprint_r.part.0
                0x0040211c       0x80 c:/program files (x86)/atmel/studio/7.0/toolchain/arm/arm-gnu-toolchain/bin/../lib/gcc/arm-none-eabi/6.3.1/../../../../arm-none-eabi/lib/thumb/v7e-m\libc.a(lib_a-vfiprintf.o)
 .text._vfiprintf_r
                0x0040219c      0xc90 c:/program files (x86)/atmel/studio/7.0/toolchain/arm/arm-gnu-toolchain/bin/../lib/gcc/arm-none-eabi/6.3.1/../../../../arm-none-eabi/lib/thumb/v7e-m\libc.a(lib_a-vfiprintf.o)
                0x0040219c                _vfiprintf_r
 .text.__sbprintf
                0x00402e2c       0x84 c:/program files (x86)/atmel/studio/7.0/toolchain/arm/arm-gnu-toolchain/bin/../lib/gcc/arm-none-eabi/6.3.1/../../../../arm-none-eabi/lib/thumb/v7e-m\libc.a(lib_a-vfiprintf.o)
 .text.__swsetup_r
                0x00402eb0       0xc8 c:/program files (x86)/atmel/studio/7.0/toolchain/arm/arm-gnu-toolchain/bin/../lib/gcc/arm-none-eabi/6.3.1/../../../../arm-none-eabi/lib/thumb/v7e-m\libc.a(lib_a-wsetup.o)
                0x00402eb0                __swsetup_r
 .text.startup.register_fini
                0x00402f78       0x14 c:/program files (x86)/atmel/studio/7.0/toolchain/arm/arm-gnu-toolchain/bin/../lib/gcc/arm-none-eabi/6.3.1/../../../../arm-none-eabi/lib/thumb/v7e-m\libc.a(lib_a-__call_atexit.o)
 .text.atexit   0x00402f8c        0xc c:/program files (x86)/atmel/studio/7.0/toolchain/arm/arm-gnu-toolchain/bin/../lib/gcc/arm-none-eabi/6.3.1/../../../../arm-none-eabi/lib/thumb/v7e-m\libc.a(lib_a-atexit.o)
                0x00402f8c                atexit
 .text.__sflush_r
                0x00402f98      0x140 c:/program files (x86)/atmel/studio/7.0/toolchain/arm/arm-gnu-toolchain/bin/../lib/gcc/arm-none-eabi/6.3.1/../../../../arm-none-eabi/lib/thumb/v7e-m\libc.a(lib_a-fflush.o)
                0x00402f98                __sflush_r
 .text._fflush_r
                0x004030d8       0x54 c:/program files (x86)/atmel/studio/7.0/toolchain/arm/arm-gnu-toolchain/bin/../lib/gcc/arm-none-eabi/6.3.1/../../../../arm-none-eabi/lib/thumb/v7e-m\libc.a(lib_a-fflush.o)
                0x004030d8                _fflush_r
 .text._cleanup_r
                0x0040312c        0xc c:/program files (x86)/atmel/studio/7.0/toolchain/arm/arm-gnu-toolchain/bin/../lib/gcc/arm-none-eabi/6.3.1/../../../../arm-none-eabi/lib/thumb/v7e-m\libc.a(lib_a-findfp.o)
                0x0040312c                _cleanup_r
 .text.std.isra.0
                0x00403138       0x50 c:/program files (x86)/atmel/studio/7.0/toolchain/arm/arm-gnu-toolchain/bin/../lib/gcc/arm-none-eabi/6.3.1/../../../../arm-none-eabi/lib/thumb/v7e-m\libc.a(lib_a-findfp.o)
 .text.__sinit  0x00403188       0x58 c:/program files (x86)/atmel/studio/7.0/toolchain/arm/arm-gnu-toolchain/bin/../lib/gcc/arm-none-eabi/6.3.1/../../../../arm-none-eabi/lib/thumb/v7e-m\libc.a(lib_a-findfp.o)
                0x00403188                __sinit
 .text.__sfp_lock_acquire
                0x004031e0        0xc c:/program files (x86)/atmel/studio/7.0/toolchain/arm/arm-gnu-toolchain/bin/../lib/gcc/arm-none-eabi/6.3.1/../../../../arm-none-eabi/lib/thumb/v7e-m\libc.a(lib_a-findfp.o)
                0x004031e0                __sfp_lock_acquire
 .text.__sfp_lock_release
                0x004031ec        0xc c:/program files (x86)/atmel/studio/7.0/toolchain/arm/arm-gnu-toolchain/bin/../lib/gcc/arm-none-eabi/6.3.1/../../../../arm-none-eabi/lib/thumb/v7e-m\libc.a(lib_a-findfp.o)
                0x004031ec                __sfp_lock_release
 .text.__libc_fini_array
                0x004031f8       0x34 c:/program files (x86)/atmel/studio/7.0/toolchain/arm/arm-gnu-toolchain/bin/../lib/gcc/arm-none-eabi/6.3.1/../../../../arm-none-eabi/lib/thumb/v7e-m\libc.a(lib_a-fini.o)
                0x004031f8                __libc_fini_array
 .text.__fputwc
                0x0040322c       0xa0 c:/program files (x86)/atmel/studio/7.0/toolchain/arm/arm-gnu-toolchain/bin/../lib/gcc/arm-none-eabi/6.3.1/../../../../arm-none-eabi/lib/thumb/v7e-m\libc.a(lib_a-fputwc.o)
                0x0040322c                __fputwc
 .text._fputwc_r
                0x004032cc       0x68 c:/program files (x86)/atmel/studio/7.0/toolchain/arm/arm-gnu-toolchain/bin/../lib/gcc/arm-none-eabi/6.3.1/../../../../arm-none-eabi/lib/thumb/v7e-m\libc.a(lib_a-fputwc.o)
                0x004032cc                _fputwc_r
 .text._malloc_trim_r
                0x00403334       0xa0 c:/program files (x86)/atmel/studio/7.0/toolchain/arm/arm-gnu-toolchain/bin/../lib/gcc/arm-none-eabi/6.3.1/../../../../arm-none-eabi/lib/thumb/v7e-m\libc.a(lib_a-freer.o)
                0x00403334                _malloc_trim_r
 .text._free_r  0x004033d4      0x1cc c:/program files (x86)/atmel/studio/7.0/toolchain/arm/arm-gnu-toolchain/bin/../lib/gcc/arm-none-eabi/6.3.1/../../../../arm-none-eabi/lib/thumb/v7e-m\libc.a(lib_a-freer.o)
                0x004033d4                _free_r
 .text.__sfvwrite_r
                0x004035a0      0x2f0 c:/program files (x86)/atmel/studio/7.0/toolchain/arm/arm-gnu-toolchain/bin/../lib/gcc/arm-none-eabi/6.3.1/../../../../arm-none-eabi/lib/thumb/v7e-m\libc.a(lib_a-fvwrite.o)
                0x004035a0                __sfvwrite_r
 .text._fwalk_reent
                0x00403890       0x54 c:/program files (x86)/atmel/studio/7.0/toolchain/arm/arm-gnu-toolchain/bin/../lib/gcc/arm-none-eabi/6.3.1/../../../../arm-none-eabi/lib/thumb/v7e-m\libc.a(lib_a-fwalk.o)
                0x00403890                _fwalk_reent
 .text.__locale_mb_cur_max
                0x004038e4       0x1c c:/program files (x86)/atmel/studio/7.0/toolchain/arm/arm-gnu-toolchain/bin/../lib/gcc/arm-none-eabi/6.3.1/../../../../arm-none-eabi/lib/thumb/v7e-m\libc.a(lib_a-locale.o)
                0x004038e4                __locale_mb_cur_max
 .text.__retarget_lock_init_recursive
                0x00403900        0x4 c:/program files (x86)/atmel/studio/7.0/toolchain/arm/arm-gnu-toolchain/bin/../lib/gcc/arm-none-eabi/6.3.1/../../../../arm-none-eabi/lib/thumb/v7e-m\libc.a(lib_a-lock.o)
                0x00403900                __retarget_lock_init_recursive
 .text.__retarget_lock_close_recursive
                0x00403904        0x4 c:/program files (x86)/atmel/studio/7.0/toolchain/arm/arm-gnu-toolchain/bin/../lib/gcc/arm-none-eabi/6.3.1/../../../../arm-none-eabi/lib/thumb/v7e-m\libc.a(lib_a-lock.o)
                0x00403904                __retarget_lock_close_recursive
 .text.__retarget_lock_acquire_recursive
                0x00403908        0x4 c:/program files (x86)/atmel/studio/7.0/toolchain/arm/arm-gnu-toolchain/bin/../lib/gcc/arm-none-eabi/6.3.1/../../../../arm-none-eabi/lib/thumb/v7e-m\libc.a(lib_a-lock.o)
                0x00403908                __retarget_lock_acquire_recursive
 .text.__retarget_lock_release_recursive
                0x0040390c        0x4 c:/program files (x86)/atmel/studio/7.0/toolchain/arm/arm-gnu-toolchain/bin/../lib/gcc/arm-none-eabi/6.3.1/../../../../arm-none-eabi/lib/thumb/v7e-m\libc.a(lib_a-lock.o)
                0x0040390c                __retarget_lock_release_recursive
 .text.__swhatbuf_r
                0x00403910       0x5c c:/program files (x86)/atmel/studio/7.0/toolchain/arm/arm-gnu-toolchain/bin/../lib/gcc/arm-none-eabi/6.3.1/../../../../arm-none-eabi/lib/thumb/v7e-m\libc.a(lib_a-makebuf.o)
                0x00403910                __swhatbuf_r
 .text.__smakebuf_r
                0x0040396c       0x94 c:/program files (x86)/atmel/studio/7.0/toolchain/arm/arm-gnu-toolchain/bin/../lib/gcc/arm-none-eabi/6.3.1/../../../../arm-none-eabi/lib/thumb/v7e-m\libc.a(lib_a-makebuf.o)
                0x0040396c                __smakebuf_r
 .text.malloc   0x00403a00       0x10 c:/program files (x86)/atmel/studio/7.0/toolchain/arm/arm-gnu-toolchain/bin/../lib/gcc/arm-none-eabi/6.3.1/../../../../arm-none-eabi/lib/thumb/v7e-m\libc.a(lib_a-malloc.o)
                0x00403a00                malloc
 .text._malloc_r
                0x00403a10      0x560 c:/program files (x86)/atmel/studio/7.0/toolchain/arm/arm-gnu-toolchain/bin/../lib/gcc/arm-none-eabi/6.3.1/../../../../arm-none-eabi/lib/thumb/v7e-m\libc.a(lib_a-mallocr.o)
                0x00403a10                _malloc_r
 .text.__ascii_mbtowc
                0x00403f70       0x2c c:/program files (x86)/atmel/studio/7.0/toolchain/arm/arm-gnu-toolchain/bin/../lib/gcc/arm-none-eabi/6.3.1/../../../../arm-none-eabi/lib/thumb/v7e-m\libc.a(lib_a-mbtowc_r.o)
                0x00403f70                __ascii_mbtowc
 *fill*         0x00403f9c        0x4 
 .text          0x00403fa0       0xa0 c:/program files (x86)/atmel/studio/7.0/toolchain/arm/arm-gnu-toolchain/bin/../lib/gcc/arm-none-eabi/6.3.1/../../../../arm-none-eabi/lib/thumb/v7e-m\libc.a(lib_a-memchr.o)
                0x00403fa0                memchr
 .text.memmove  0x00404040       0xc8 c:/program files (x86)/atmel/studio/7.0/toolchain/arm/arm-gnu-toolchain/bin/../lib/gcc/arm-none-eabi/6.3.1/../../../../arm-none-eabi/lib/thumb/v7e-m\libc.a(lib_a-memmove.o)
                0x00404040                memmove
 .text.__malloc_lock
                0x00404108        0xc c:/program files (x86)/atmel/studio/7.0/toolchain/arm/arm-gnu-toolchain/bin/../lib/gcc/arm-none-eabi/6.3.1/../../../../arm-none-eabi/lib/thumb/v7e-m\libc.a(lib_a-mlock.o)
                0x00404108                __malloc_lock
 .text.__malloc_unlock
                0x00404114        0xc c:/program files (x86)/atmel/studio/7.0/toolchain/arm/arm-gnu-toolchain/bin/../lib/gcc/arm-none-eabi/6.3.1/../../../../arm-none-eabi/lib/thumb/v7e-m\libc.a(lib_a-mlock.o)
                0x00404114                __malloc_unlock
 .text._realloc_r
                0x00404120      0x34c c:/program files (x86)/atmel/studio/7.0/toolchain/arm/arm-gnu-toolchain/bin/../lib/gcc/arm-none-eabi/6.3.1/../../../../arm-none-eabi/lib/thumb/v7e-m\libc.a(lib_a-reallocr.o)
                0x00404120                _realloc_r
 .text._sbrk_r  0x0040446c       0x24 c:/program files (x86)/atmel/studio/7.0/toolchain/arm/arm-gnu-toolchain/bin/../lib/gcc/arm-none-eabi/6.3.1/../../../../arm-none-eabi/lib/thumb/v7e-m\libc.a(lib_a-sbrkr.o)
                0x0040446c                _sbrk_r
 .text.__sread  0x00404490       0x24 c:/program files (x86)/atmel/studio/7.0/toolchain/arm/arm-gnu-toolchain/bin/../lib/gcc/arm-none-eabi/6.3.1/../../../../arm-none-eabi/lib/thumb/v7e-m\libc.a(lib_a-stdio.o)
                0x00404490                __sread
 .text.__swrite
                0x004044b4       0x3c c:/program files (x86)/atmel/studio/7.0/toolchain/arm/arm-gnu-toolchain/bin/../lib/gcc/arm-none-eabi/6.3.1/../../../../arm-none-eabi/lib/thumb/v7e-m\libc.a(lib_a-stdio.o)
                0x004044b4                __swrite
 .text.__sseek  0x004044f0       0x20 c:/program files (x86)/atmel/studio/7.0/toolchain/arm/arm-gnu-toolchain/bin/../lib/gcc/arm-none-eabi/6.3.1/../../../../arm-none-eabi/lib/thumb/v7e-m\libc.a(lib_a-stdio.o)
                0x004044f0                __sseek
 .text.__sclose
                0x00404510        0x8 c:/program files (x86)/atmel/studio/7.0/toolchain/arm/arm-gnu-toolchain/bin/../lib/gcc/arm-none-eabi/6.3.1/../../../../arm-none-eabi/lib/thumb/v7e-m\libc.a(lib_a-stdio.o)
                0x00404510                __sclose
 .text.__swbuf_r
                0x00404518       0xb0 c:/program files (x86)/atmel/studio/7.0/toolchain/arm/arm-gnu-toolchain/bin/../lib/gcc/arm-none-eabi/6.3.1/../../../../arm-none-eabi/lib/thumb/v7e-m\libc.a(lib_a-wbuf.o)
                0x00404518                __swbuf_r
 .text._wcrtomb_r
                0x004045c8       0x54 c:/program files (x86)/atmel/studio/7.0/toolchain/arm/arm-gnu-toolchain/bin/../lib/gcc/arm-none-eabi/6.3.1/../../../../arm-none-eabi/lib/thumb/v7e-m\libc.a(lib_a-wcrtomb.o)
                0x004045c8                _wcrtomb_r
 .text.__ascii_wctomb
                0x0040461c       0x1c c:/program files (x86)/atmel/studio/7.0/toolchain/arm/arm-gnu-toolchain/bin/../lib/gcc/arm-none-eabi/6.3.1/../../../../arm-none-eabi/lib/thumb/v7e-m\libc.a(lib_a-wctomb_r.o)
                0x0040461c                __ascii_wctomb
 .text._write_r
                0x00404638       0x2c c:/program files (x86)/atmel/studio/7.0/toolchain/arm/arm-gnu-toolchain/bin/../lib/gcc/arm-none-eabi/6.3.1/../../../../arm-none-eabi/lib/thumb/v7e-m\libc.a(lib_a-writer.o)
                0x00404638                _write_r
 .text.__register_exitproc
                0x00404664       0xc4 c:/program files (x86)/atmel/studio/7.0/toolchain/arm/arm-gnu-toolchain/bin/../lib/gcc/arm-none-eabi/6.3.1/../../../../arm-none-eabi/lib/thumb/v7e-m\libc.a(lib_a-__atexit.o)
                0x00404664                __register_exitproc
 .text._close_r
                0x00404728       0x24 c:/program files (x86)/atmel/studio/7.0/toolchain/arm/arm-gnu-toolchain/bin/../lib/gcc/arm-none-eabi/6.3.1/../../../../arm-none-eabi/lib/thumb/v7e-m\libc.a(lib_a-closer.o)
                0x00404728                _close_r
 .text._fclose_r
                0x0040474c       0xc4 c:/program files (x86)/atmel/studio/7.0/toolchain/arm/arm-gnu-toolchain/bin/../lib/gcc/arm-none-eabi/6.3.1/../../../../arm-none-eabi/lib/thumb/v7e-m\libc.a(lib_a-fclose.o)
                0x0040474c                _fclose_r
 .text._fstat_r
                0x00404810       0x28 c:/program files (x86)/atmel/studio/7.0/toolchain/arm/arm-gnu-toolchain/bin/../lib/gcc/arm-none-eabi/6.3.1/../../../../arm-none-eabi/lib/thumb/v7e-m\libc.a(lib_a-fstatr.o)
                0x00404810                _fstat_r
 .text._isatty_r
                0x00404838       0x24 c:/program files (x86)/atmel/studio/7.0/toolchain/arm/arm-gnu-toolchain/bin/../lib/gcc/arm-none-eabi/6.3.1/../../../../arm-none-eabi/lib/thumb/v7e-m\libc.a(lib_a-isattyr.o)
                0x00404838                _isatty_r
 .text._lseek_r
                0x0040485c       0x2c c:/program files (x86)/atmel/studio/7.0/toolchain/arm/arm-gnu-toolchain/bin/../lib/gcc/arm-none-eabi/6.3.1/../../../../arm-none-eabi/lib/thumb/v7e-m\libc.a(lib_a-lseekr.o)
                0x0040485c                _lseek_r
 .text._read_r  0x00404888       0x2c c:/program files (x86)/atmel/studio/7.0/toolchain/arm/arm-gnu-toolchain/bin/../lib/gcc/arm-none-eabi/6.3.1/../../../../arm-none-eabi/lib/thumb/v7e-m\libc.a(lib_a-readr.o)
                0x00404888                _read_r
 *(.glue_7t)
 .glue_7t       0x004048b4        0x0 linker stubs
 *(.glue_7)
 .glue_7        0x004048b4        0x0 linker stubs
 *(.rodata .rodata* .gnu.linkonce.r.*)
 .rodata.spi_master_initialize.str1.4
                0x004048b4       0x1e src/SAM_SPI.o
 *fill*         0x004048d2        0x2 
 .rodata.spi_set_clock_configuration.str1.4
                0x004048d4       0x1e src/SAM_SPI.o
 *fill*         0x004048f2        0x2 
 .rodata        0x004048f4        0x2 src/nRF24.o
 *fill*         0x004048f6        0x2 
 .rodata.pipe_enable_s
                0x004048f8        0x6 src/nRF24.o
 *fill*         0x004048fe        0x2 
 .rodata.pipe_s
                0x00404900        0x6 src/nRF24.o
 *fill*         0x00404906        0x2 
 .rodata.pipe_size_s
                0x00404908        0x6 src/nRF24.o
 *fill*         0x0040490e        0x2 
 .rodata.printDetails.str1.4
                0x00404910      0x12d src/nRF24.o
 *fill*         0x00404a3d        0x3 
 .rodata.print_address_register.str1.4
                0x00404a40        0xd src/nRF24.o
                                 0x13 (size before relaxing)
 *fill*         0x00404a4d        0x3 
 .rodata.print_byte_register.str1.4
                0x00404a50        0x8 src/nRF24.o
 .rodata.rf24_crclength_e_str_0
                0x00404a58        0x9 src/nRF24.o
 *fill*         0x00404a61        0x3 
 .rodata.rf24_crclength_e_str_1
                0x00404a64        0x7 src/nRF24.o
 *fill*         0x00404a6b        0x1 
 .rodata.rf24_crclength_e_str_2
                0x00404a6c        0x8 src/nRF24.o
 .rodata.rf24_crclength_e_str_P
                0x00404a74        0xc src/nRF24.o
 .rodata.rf24_datarate_e_str_0
                0x00404a80        0x6 src/nRF24.o
 *fill*         0x00404a86        0x2 
 .rodata.rf24_datarate_e_str_1
                0x00404a88        0x6 src/nRF24.o
 *fill*         0x00404a8e        0x2 
 .rodata.rf24_datarate_e_str_2
                0x00404a90        0x8 src/nRF24.o
 .rodata.rf24_datarate_e_str_P
                0x00404a98        0xc src/nRF24.o
 .rodata.rf24_model_e_str_1
                0x00404aa4        0xa src/nRF24.o
 *fill*         0x00404aae        0x2 
 .rodata.rf24_pa_dbm_e_str_0
                0x00404ab0        0x7 src/nRF24.o
 *fill*         0x00404ab7        0x1 
 .rodata.rf24_pa_dbm_e_str_1
                0x00404ab8        0x7 src/nRF24.o
 *fill*         0x00404abf        0x1 
 .rodata.rf24_pa_dbm_e_str_2
                0x00404ac0        0x8 src/nRF24.o
 .rodata.rf24_pa_dbm_e_str_3
                0x00404ac8        0x7 src/nRF24.o
 *fill*         0x00404acf        0x1 
 .rodata.rf24_pa_dbm_e_str_P
                0x00404ad0       0x10 src/nRF24.o
 .rodata.main.str1.4
                0x00404ae0       0x96 src/main.o
 *fill*         0x00404b76        0x2 
 .rodata._global_impure_ptr
                0x00404b78        0x4 c:/program files (x86)/atmel/studio/7.0/toolchain/arm/arm-gnu-toolchain/bin/../lib/gcc/arm-none-eabi/6.3.1/../../../../arm-none-eabi/lib/thumb/v7e-m\libc.a(lib_a-impure.o)
                0x00404b78                _global_impure_ptr
 .rodata._puts_r.str1.4
                0x00404b7c       0x96 c:/program files (x86)/atmel/studio/7.0/toolchain/arm/arm-gnu-toolchain/bin/../lib/gcc/arm-none-eabi/6.3.1/../../../../arm-none-eabi/lib/thumb/v7e-m\libc.a(lib_a-puts.o)
                                  0x2 (size before relaxing)
 .rodata._vfiprintf_r.str1.4
                0x00404b7c       0x2f c:/program files (x86)/atmel/studio/7.0/toolchain/arm/arm-gnu-toolchain/bin/../lib/gcc/arm-none-eabi/6.3.1/../../../../arm-none-eabi/lib/thumb/v7e-m\libc.a(lib_a-vfiprintf.o)
 *fill*         0x00404bab        0x1 
 .rodata.blanks.7217
                0x00404bac       0x10 c:/program files (x86)/atmel/studio/7.0/toolchain/arm/arm-gnu-toolchain/bin/../lib/gcc/arm-none-eabi/6.3.1/../../../../arm-none-eabi/lib/thumb/v7e-m\libc.a(lib_a-vfiprintf.o)
 .rodata.zeroes.7218
                0x00404bbc       0x10 c:/program files (x86)/atmel/studio/7.0/toolchain/arm/arm-gnu-toolchain/bin/../lib/gcc/arm-none-eabi/6.3.1/../../../../arm-none-eabi/lib/thumb/v7e-m\libc.a(lib_a-vfiprintf.o)
 .rodata._setlocale_r.str1.4
                0x00404bcc        0xa c:/program files (x86)/atmel/studio/7.0/toolchain/arm/arm-gnu-toolchain/bin/../lib/gcc/arm-none-eabi/6.3.1/../../../../arm-none-eabi/lib/thumb/v7e-m\libc.a(lib_a-locale.o)
                                  0xd (size before relaxing)
 *fill*         0x00404bd6        0x2 
 .rodata.str1.4
                0x00404bd8        0x4 c:/program files (x86)/atmel/studio/7.0/toolchain/arm/arm-gnu-toolchain/bin/../lib/gcc/arm-none-eabi/6.3.1/../../../../arm-none-eabi/lib/thumb/v7e-m\libc.a(lib_a-locale.o)
                                  0x2 (size before relaxing)
 .rodata._ctype_
                0x00404bdc      0x101 c:/program files (x86)/atmel/studio/7.0/toolchain/arm/arm-gnu-toolchain/bin/../lib/gcc/arm-none-eabi/6.3.1/../../../../arm-none-eabi/lib/thumb/v7e-m\libc.a(lib_a-ctype_.o)
                0x00404bdc                _ctype_
 *(.ARM.extab* .gnu.linkonce.armextab.*)
                0x00404ce0                . = ALIGN (0x4)
 *fill*         0x00404cdd        0x3 
 *(.init)
 .init          0x00404ce0        0x4 c:/program files (x86)/atmel/studio/7.0/toolchain/arm/arm-gnu-toolchain/bin/../lib/gcc/arm-none-eabi/6.3.1/thumb/v7e-m/crti.o
                0x00404ce0                _init
 .init          0x00404ce4        0x8 c:/program files (x86)/atmel/studio/7.0/toolchain/arm/arm-gnu-toolchain/bin/../lib/gcc/arm-none-eabi/6.3.1/thumb/v7e-m/crtn.o
                0x00404cec                . = ALIGN (0x4)
                0x00404cec                __preinit_array_start = .
 *(.preinit_array)
                0x00404cec                __preinit_array_end = .
                0x00404cec                . = ALIGN (0x4)
                0x00404cec                __init_array_start = .
 *(SORT(.init_array.*))
 .init_array.00000
                0x00404cec        0x4 c:/program files (x86)/atmel/studio/7.0/toolchain/arm/arm-gnu-toolchain/bin/../lib/gcc/arm-none-eabi/6.3.1/../../../../arm-none-eabi/lib/thumb/v7e-m\libc.a(lib_a-__call_atexit.o)
 *(.init_array)
 .init_array    0x00404cf0        0x4 c:/program files (x86)/atmel/studio/7.0/toolchain/arm/arm-gnu-toolchain/bin/../lib/gcc/arm-none-eabi/6.3.1/thumb/v7e-m/crtbegin.o
                0x00404cf4                __init_array_end = .
                0x00404cf4                . = ALIGN (0x4)
 *crtbegin.o(.ctors)
 *(EXCLUDE_FILE(*crtend.o) .ctors)
 *(SORT(.ctors.*))
 *crtend.o(.ctors)
                0x00404cf4                . = ALIGN (0x4)
 *(.fini)
 .fini          0x00404cf4        0x4 c:/program files (x86)/atmel/studio/7.0/toolchain/arm/arm-gnu-toolchain/bin/../lib/gcc/arm-none-eabi/6.3.1/thumb/v7e-m/crti.o
                0x00404cf4                _fini
 .fini          0x00404cf8        0x8 c:/program files (x86)/atmel/studio/7.0/toolchain/arm/arm-gnu-toolchain/bin/../lib/gcc/arm-none-eabi/6.3.1/thumb/v7e-m/crtn.o
                0x00404d00                . = ALIGN (0x4)
                0x00404d00                __fini_array_start = .
 *(.fini_array)
 .fini_array    0x00404d00        0x4 c:/program files (x86)/atmel/studio/7.0/toolchain/arm/arm-gnu-toolchain/bin/../lib/gcc/arm-none-eabi/6.3.1/thumb/v7e-m/crtbegin.o
 *(SORT(.fini_array.*))
                0x00404d04                __fini_array_end = .
 *crtbegin.o(.dtors)
 *(EXCLUDE_FILE(*crtend.o) .dtors)
 *(SORT(.dtors.*))
 *crtend.o(.dtors)
                0x00404d04                . = ALIGN (0x4)
                0x00404d04                _efixed = .
                [!provide]                PROVIDE (__exidx_start, .)

.vfp11_veneer   0x00404d04        0x0
 .vfp11_veneer  0x00404d04        0x0 linker stubs

.v4_bx          0x00404d04        0x0
 .v4_bx         0x00404d04        0x0 linker stubs

.iplt           0x00404d04        0x0
 .iplt          0x00404d04        0x0 c:/program files (x86)/atmel/studio/7.0/toolchain/arm/arm-gnu-toolchain/bin/../lib/gcc/arm-none-eabi/6.3.1/thumb/v7e-m/crtbegin.o

.ARM.exidx      0x00404d04        0x8
 *(.ARM.exidx* .gnu.linkonce.armexidx.*)
 .ARM.exidx     0x00404d04        0x8 c:/program files (x86)/atmel/studio/7.0/toolchain/arm/arm-gnu-toolchain/bin/../lib/gcc/arm-none-eabi/6.3.1/thumb/v7e-m\libgcc.a(_udivmoddi4.o)
                [!provide]                PROVIDE (__exidx_end, .)

.eh_frame       0x00404d0c        0x0
 .eh_frame      0x00404d0c        0x0 c:/program files (x86)/atmel/studio/7.0/toolchain/arm/arm-gnu-toolchain/bin/../lib/gcc/arm-none-eabi/6.3.1/thumb/v7e-m/crtbegin.o

.rel.dyn        0x00404d0c        0x0
 .rel.iplt      0x00404d0c        0x0 c:/program files (x86)/atmel/studio/7.0/toolchain/arm/arm-gnu-toolchain/bin/../lib/gcc/arm-none-eabi/6.3.1/thumb/v7e-m/crtbegin.o

.jcr            0x00404d0c        0x0
 .jcr           0x00404d0c        0x0 c:/program files (x86)/atmel/studio/7.0/toolchain/arm/arm-gnu-toolchain/bin/../lib/gcc/arm-none-eabi/6.3.1/thumb/v7e-m/crtbegin.o

.igot.plt       0x00404d0c        0x0
 .igot.plt      0x00404d0c        0x0 c:/program files (x86)/atmel/studio/7.0/toolchain/arm/arm-gnu-toolchain/bin/../lib/gcc/arm-none-eabi/6.3.1/thumb/v7e-m/crtbegin.o
                0x00404d0c                . = ALIGN (0x4)
                0x00404d0c                _etext = .

.relocate       0x20400000      0x9c8 load address 0x00404d0c
                0x20400000                . = ALIGN (0x4)
                0x20400000                _srelocate = .
 *(.ramfunc .ramfunc.*)
 .ramfunc       0x20400000        0xa src/ASF/common/services/delay/sam/cycle_counter.o
                0x20400000                portable_delay_cycles
 *(.data .data.*)
 *fill*         0x2040000a        0x2 
 .data.gs_ul_spi_clock
                0x2040000c        0x4 src/SAM_SPI.o
                0x2040000c                gs_ul_spi_clock
 .data.payload_size
                0x20400010        0x1 src/nRF24.o
                0x20400010                payload_size
 .data.g_interrupt_enabled
                0x20400011        0x1 src/ASF/common/utils/interrupt/interrupt_sam_nvic.o
                0x20400011                g_interrupt_enabled
 *fill*         0x20400012        0x2 
 .data.SystemCoreClock
                0x20400014        0x4 src/ASF/sam/utils/cmsis/same70/source/templates/system_same70.o
                0x20400014                SystemCoreClock
 .data._impure_ptr
                0x20400018        0x4 c:/program files (x86)/atmel/studio/7.0/toolchain/arm/arm-gnu-toolchain/bin/../lib/gcc/arm-none-eabi/6.3.1/../../../../arm-none-eabi/lib/thumb/v7e-m\libc.a(lib_a-impure.o)
                0x20400018                _impure_ptr
 *fill*         0x2040001c        0x4 
 .data.impure_data
                0x20400020      0x428 c:/program files (x86)/atmel/studio/7.0/toolchain/arm/arm-gnu-toolchain/bin/../lib/gcc/arm-none-eabi/6.3.1/../../../../arm-none-eabi/lib/thumb/v7e-m\libc.a(lib_a-impure.o)
 .data.__atexit_recursive_mutex
                0x20400448        0x4 c:/program files (x86)/atmel/studio/7.0/toolchain/arm/arm-gnu-toolchain/bin/../lib/gcc/arm-none-eabi/6.3.1/../../../../arm-none-eabi/lib/thumb/v7e-m\libc.a(lib_a-__call_atexit.o)
                0x20400448                __atexit_recursive_mutex
 .data.__global_locale
                0x2040044c      0x16c c:/program files (x86)/atmel/studio/7.0/toolchain/arm/arm-gnu-toolchain/bin/../lib/gcc/arm-none-eabi/6.3.1/../../../../arm-none-eabi/lib/thumb/v7e-m\libc.a(lib_a-locale.o)
                0x2040044c                __global_locale
 .data.__malloc_av_
                0x204005b8      0x408 c:/program files (x86)/atmel/studio/7.0/toolchain/arm/arm-gnu-toolchain/bin/../lib/gcc/arm-none-eabi/6.3.1/../../../../arm-none-eabi/lib/thumb/v7e-m\libc.a(lib_a-mallocr.o)
                0x204005b8                __malloc_av_
 .data.__malloc_sbrk_base
                0x204009c0        0x4 c:/program files (x86)/atmel/studio/7.0/toolchain/arm/arm-gnu-toolchain/bin/../lib/gcc/arm-none-eabi/6.3.1/../../../../arm-none-eabi/lib/thumb/v7e-m\libc.a(lib_a-mallocr.o)
                0x204009c0                __malloc_sbrk_base
 .data.__malloc_trim_threshold
                0x204009c4        0x4 c:/program files (x86)/atmel/studio/7.0/toolchain/arm/arm-gnu-toolchain/bin/../lib/gcc/arm-none-eabi/6.3.1/../../../../arm-none-eabi/lib/thumb/v7e-m\libc.a(lib_a-mallocr.o)
                0x204009c4                __malloc_trim_threshold
                0x204009c8                . = ALIGN (0x4)
                0x204009c8                _erelocate = .

.bss            0x204009c8      0x124 load address 0x004056d4
                0x204009c8                . = ALIGN (0x4)
                0x204009c8                _sbss = .
                0x204009c8                _szero = .
 *(.bss .bss.*)
 .bss           0x204009c8       0x1c c:/program files (x86)/atmel/studio/7.0/toolchain/arm/arm-gnu-toolchain/bin/../lib/gcc/arm-none-eabi/6.3.1/thumb/v7e-m/crtbegin.o
 .bss.data.10643
                0x204009e4        0x2 src/SAM_SPI.o
 *fill*         0x204009e6        0x2 
 .bss.ul_reg_val.9514
                0x204009e8        0x4 src/ASF/sam/drivers/usart/usart.o
 .bss.dynamic_payloads_enabled
                0x204009ec        0x1 src/nRF24.o
                0x204009ec                dynamic_payloads_enabled
 *fill*         0x204009ed        0x3 
 .bss.gs_interrupt_sources
                0x204009f0       0x70 src/ASF/sam/drivers/pio/pio_handler.o
 .bss.heap.6420
                0x20400a60        0x4 src/ASF/sam/utils/syscalls/gcc/syscalls.o
 .bss.__malloc_current_mallinfo
                0x20400a64       0x28 c:/program files (x86)/atmel/studio/7.0/toolchain/arm/arm-gnu-toolchain/bin/../lib/gcc/arm-none-eabi/6.3.1/../../../../arm-none-eabi/lib/thumb/v7e-m\libc.a(lib_a-mallocr.o)
                0x20400a64                __malloc_current_mallinfo
 .bss.__malloc_max_sbrked_mem
                0x20400a8c        0x4 c:/program files (x86)/atmel/studio/7.0/toolchain/arm/arm-gnu-toolchain/bin/../lib/gcc/arm-none-eabi/6.3.1/../../../../arm-none-eabi/lib/thumb/v7e-m\libc.a(lib_a-mallocr.o)
                0x20400a8c                __malloc_max_sbrked_mem
 .bss.__malloc_max_total_mem
                0x20400a90        0x4 c:/program files (x86)/atmel/studio/7.0/toolchain/arm/arm-gnu-toolchain/bin/../lib/gcc/arm-none-eabi/6.3.1/../../../../arm-none-eabi/lib/thumb/v7e-m\libc.a(lib_a-mallocr.o)
                0x20400a90                __malloc_max_total_mem
 .bss.__malloc_top_pad
                0x20400a94        0x4 c:/program files (x86)/atmel/studio/7.0/toolchain/arm/arm-gnu-toolchain/bin/../lib/gcc/arm-none-eabi/6.3.1/../../../../arm-none-eabi/lib/thumb/v7e-m\libc.a(lib_a-mallocr.o)
                0x20400a94                __malloc_top_pad
 *(COMMON)
 COMMON         0x20400a98        0x4 src/ASF/common/utils/stdio/read.o
                0x20400a98                ptr_get
 COMMON         0x20400a9c       0x10 src/nRF24.o
                0x20400a9c                addr_width
                0x20400aa0                pipe0_reading_address
                0x20400aa8                txDelay
 COMMON         0x20400aac        0x8 src/ASF/common/utils/stdio/write.o
                0x20400aac                ptr_put
                0x20400ab0                stdio_base
 COMMON         0x20400ab4       0x10 src/main.o
                0x20400ab4                dataIn
                0x20400abc                dataOut
 COMMON         0x20400ac4       0x21 c:/program files (x86)/atmel/studio/7.0/toolchain/arm/arm-gnu-toolchain/bin/../lib/gcc/arm-none-eabi/6.3.1/../../../../arm-none-eabi/lib/thumb/v7e-m\libc.a(lib_a-lock.o)
                0x20400ac4                __lock___atexit_recursive_mutex
                0x20400ac8                __lock___arc4random_mutex
                0x20400acc                __lock___env_recursive_mutex
                0x20400ad0                __lock___sinit_recursive_mutex
                0x20400ad4                __lock___malloc_recursive_mutex
                0x20400ad8                __lock___at_quick_exit_mutex
                0x20400adc                __lock___dd_hash_mutex
                0x20400ae0                __lock___tz_mutex
                0x20400ae4                __lock___sfp_recursive_mutex
 *fill*         0x20400ae5        0x3 
 COMMON         0x20400ae8        0x4 c:/program files (x86)/atmel/studio/7.0/toolchain/arm/arm-gnu-toolchain/bin/../lib/gcc/arm-none-eabi/6.3.1/../../../../arm-none-eabi/lib/thumb/v7e-m\libc.a(lib_a-reent.o)
                0x20400ae8                errno
                0x20400aec                . = ALIGN (0x4)
                0x20400aec                _ebss = .
                0x20400aec                _ezero = .

.stack          0x20400aec     0x2004 load address 0x004057f8
                0x20400af0                . = ALIGN (0x8)
 *fill*         0x20400aec        0x4 
                0x20400af0                _sstack = .
                0x20402af0                . = (. + STACK_SIZE)
 *fill*         0x20400af0     0x2000 
                0x20402af0                . = ALIGN (0x8)
                0x20402af0                _estack = .

.heap           0x20402af0      0x200 load address 0x004077fc
                0x20402af0                . = ALIGN (0x8)
                0x20402af0                _sheap = .
                0x20402cf0                . = (. + HEAP_SIZE)
 *fill*         0x20402af0      0x200 
                0x20402cf0                . = ALIGN (0x8)
                0x20402cf0                _eheap = .
                0x20402cf0                . = ALIGN (0x4)
                0x20402cf0                _end = .
                0x2045ffff                _ram_end_ = ((ORIGIN (ram) + LENGTH (ram)) - 0x1)
OUTPUT(nRF24L01_SPI.elf elf32-littlearm)

.ARM.attributes
                0x00000000       0x2e
 .ARM.attributes
                0x00000000       0x1e c:/program files (x86)/atmel/studio/7.0/toolchain/arm/arm-gnu-toolchain/bin/../lib/gcc/arm-none-eabi/6.3.1/thumb/v7e-m/crti.o
 .ARM.attributes
                0x0000001e       0x2e c:/program files (x86)/atmel/studio/7.0/toolchain/arm/arm-gnu-toolchain/bin/../lib/gcc/arm-none-eabi/6.3.1/thumb/v7e-m/crtbegin.o
 .ARM.attributes
                0x0000004c       0x37 src/SAM_SPI.o
 .ARM.attributes
                0x00000083       0x37 src/ASF/common/services/delay/sam/cycle_counter.o
 .ARM.attributes
                0x000000ba       0x37 src/ASF/common/utils/stdio/read.o
 .ARM.attributes
                0x000000f1       0x37 src/ASF/sam/drivers/usart/usart.o
 .ARM.attributes
                0x00000128       0x37 src/nRF24.o
 .ARM.attributes
                0x0000015f       0x37 src/ASF/common/utils/stdio/write.o
 .ARM.attributes
                0x00000196       0x37 src/ASF/sam/drivers/spi/spi.o
 .ARM.attributes
                0x000001cd       0x37 src/ASF/sam/drivers/uart/uart.o
 .ARM.attributes
                0x00000204       0x37 src/ASF/common/services/clock/same70/sysclk.o
 .ARM.attributes
                0x0000023b       0x37 src/ASF/common/utils/interrupt/interrupt_sam_nvic.o
 .ARM.attributes
                0x00000272       0x37 src/ASF/sam/boards/same70_xplained/init.o
 .ARM.attributes
                0x000002a9       0x37 src/ASF/sam/drivers/pio/pio.o
 .ARM.attributes
                0x000002e0       0x37 src/ASF/sam/drivers/pio/pio_handler.o
 .ARM.attributes
                0x00000317       0x37 src/ASF/sam/drivers/pmc/pmc.o
 .ARM.attributes
                0x0000034e       0x37 src/ASF/sam/utils/cmsis/same70/source/templates/gcc/startup_same70.o
 .ARM.attributes
                0x00000385       0x37 src/ASF/sam/utils/cmsis/same70/source/templates/system_same70.o
 .ARM.attributes
                0x000003bc       0x37 src/ASF/sam/utils/syscalls/gcc/syscalls.o
 .ARM.attributes
                0x000003f3       0x37 src/main.o
 .ARM.attributes
                0x0000042a       0x1e c:/program files (x86)/atmel/studio/7.0/toolchain/arm/arm-gnu-toolchain/bin/../lib/gcc/arm-none-eabi/6.3.1/thumb/v7e-m\libgcc.a(_aeabi_uldivmod.o)
 .ARM.attributes
                0x00000448       0x2e c:/program files (x86)/atmel/studio/7.0/toolchain/arm/arm-gnu-toolchain/bin/../lib/gcc/arm-none-eabi/6.3.1/thumb/v7e-m\libgcc.a(_udivmoddi4.o)
 .ARM.attributes
                0x00000476       0x1e c:/program files (x86)/atmel/studio/7.0/toolchain/arm/arm-gnu-toolchain/bin/../lib/gcc/arm-none-eabi/6.3.1/thumb/v7e-m\libgcc.a(_dvmd_tls.o)
 .ARM.attributes
                0x00000494       0x2e c:/program files (x86)/atmel/studio/7.0/toolchain/arm/arm-gnu-toolchain/bin/../lib/gcc/arm-none-eabi/6.3.1/../../../../arm-none-eabi/lib/thumb/v7e-m\libc.a(lib_a-impure.o)
 .ARM.attributes
                0x000004c2       0x2e c:/program files (x86)/atmel/studio/7.0/toolchain/arm/arm-gnu-toolchain/bin/../lib/gcc/arm-none-eabi/6.3.1/../../../../arm-none-eabi/lib/thumb/v7e-m\libc.a(lib_a-init.o)
 .ARM.attributes
                0x000004f0       0x2e c:/program files (x86)/atmel/studio/7.0/toolchain/arm/arm-gnu-toolchain/bin/../lib/gcc/arm-none-eabi/6.3.1/../../../../arm-none-eabi/lib/thumb/v7e-m\libc.a(lib_a-iprintf.o)
 .ARM.attributes
                0x0000051e       0x1c c:/program files (x86)/atmel/studio/7.0/toolchain/arm/arm-gnu-toolchain/bin/../lib/gcc/arm-none-eabi/6.3.1/../../../../arm-none-eabi/lib/thumb/v7e-m\libc.a(lib_a-memcpy.o)
 .ARM.attributes
                0x0000053a       0x2e c:/program files (x86)/atmel/studio/7.0/toolchain/arm/arm-gnu-toolchain/bin/../lib/gcc/arm-none-eabi/6.3.1/../../../../arm-none-eabi/lib/thumb/v7e-m\libc.a(lib_a-memset.o)
 .ARM.attributes
                0x00000568       0x2e c:/program files (x86)/atmel/studio/7.0/toolchain/arm/arm-gnu-toolchain/bin/../lib/gcc/arm-none-eabi/6.3.1/../../../../arm-none-eabi/lib/thumb/v7e-m\libc.a(lib_a-puts.o)
 .ARM.attributes
                0x00000596       0x2e c:/program files (x86)/atmel/studio/7.0/toolchain/arm/arm-gnu-toolchain/bin/../lib/gcc/arm-none-eabi/6.3.1/../../../../arm-none-eabi/lib/thumb/v7e-m\libc.a(lib_a-setbuf.o)
 .ARM.attributes
                0x000005c4       0x2e c:/program files (x86)/atmel/studio/7.0/toolchain/arm/arm-gnu-toolchain/bin/../lib/gcc/arm-none-eabi/6.3.1/../../../../arm-none-eabi/lib/thumb/v7e-m\libc.a(lib_a-setvbuf.o)
 .ARM.attributes
                0x000005f2       0x1c c:/program files (x86)/atmel/studio/7.0/toolchain/arm/arm-gnu-toolchain/bin/../lib/gcc/arm-none-eabi/6.3.1/../../../../arm-none-eabi/lib/thumb/v7e-m\libc.a(lib_a-strlen.o)
 .ARM.attributes
                0x0000060e       0x2e c:/program files (x86)/atmel/studio/7.0/toolchain/arm/arm-gnu-toolchain/bin/../lib/gcc/arm-none-eabi/6.3.1/../../../../arm-none-eabi/lib/thumb/v7e-m\libc.a(lib_a-vfiprintf.o)
 .ARM.attributes
                0x0000063c       0x2e c:/program files (x86)/atmel/studio/7.0/toolchain/arm/arm-gnu-toolchain/bin/../lib/gcc/arm-none-eabi/6.3.1/../../../../arm-none-eabi/lib/thumb/v7e-m\libc.a(lib_a-wsetup.o)
 .ARM.attributes
                0x0000066a       0x2e c:/program files (x86)/atmel/studio/7.0/toolchain/arm/arm-gnu-toolchain/bin/../lib/gcc/arm-none-eabi/6.3.1/../../../../arm-none-eabi/lib/thumb/v7e-m\libc.a(lib_a-__call_atexit.o)
 .ARM.attributes
                0x00000698       0x2e c:/program files (x86)/atmel/studio/7.0/toolchain/arm/arm-gnu-toolchain/bin/../lib/gcc/arm-none-eabi/6.3.1/../../../../arm-none-eabi/lib/thumb/v7e-m\libc.a(lib_a-atexit.o)
 .ARM.attributes
                0x000006c6       0x2e c:/program files (x86)/atmel/studio/7.0/toolchain/arm/arm-gnu-toolchain/bin/../lib/gcc/arm-none-eabi/6.3.1/../../../../arm-none-eabi/lib/thumb/v7e-m\libc.a(lib_a-fflush.o)
 .ARM.attributes
                0x000006f4       0x2e c:/program files (x86)/atmel/studio/7.0/toolchain/arm/arm-gnu-toolchain/bin/../lib/gcc/arm-none-eabi/6.3.1/../../../../arm-none-eabi/lib/thumb/v7e-m\libc.a(lib_a-findfp.o)
 .ARM.attributes
                0x00000722       0x2e c:/program files (x86)/atmel/studio/7.0/toolchain/arm/arm-gnu-toolchain/bin/../lib/gcc/arm-none-eabi/6.3.1/../../../../arm-none-eabi/lib/thumb/v7e-m\libc.a(lib_a-fini.o)
 .ARM.attributes
                0x00000750       0x2e c:/program files (x86)/atmel/studio/7.0/toolchain/arm/arm-gnu-toolchain/bin/../lib/gcc/arm-none-eabi/6.3.1/../../../../arm-none-eabi/lib/thumb/v7e-m\libc.a(lib_a-fputwc.o)
 .ARM.attributes
                0x0000077e       0x2e c:/program files (x86)/atmel/studio/7.0/toolchain/arm/arm-gnu-toolchain/bin/../lib/gcc/arm-none-eabi/6.3.1/../../../../arm-none-eabi/lib/thumb/v7e-m\libc.a(lib_a-freer.o)
 .ARM.attributes
                0x000007ac       0x2e c:/program files (x86)/atmel/studio/7.0/toolchain/arm/arm-gnu-toolchain/bin/../lib/gcc/arm-none-eabi/6.3.1/../../../../arm-none-eabi/lib/thumb/v7e-m\libc.a(lib_a-fvwrite.o)
 .ARM.attributes
                0x000007da       0x2e c:/program files (x86)/atmel/studio/7.0/toolchain/arm/arm-gnu-toolchain/bin/../lib/gcc/arm-none-eabi/6.3.1/../../../../arm-none-eabi/lib/thumb/v7e-m\libc.a(lib_a-fwalk.o)
 .ARM.attributes
                0x00000808       0x2e c:/program files (x86)/atmel/studio/7.0/toolchain/arm/arm-gnu-toolchain/bin/../lib/gcc/arm-none-eabi/6.3.1/../../../../arm-none-eabi/lib/thumb/v7e-m\libc.a(lib_a-locale.o)
 .ARM.attributes
                0x00000836       0x2e c:/program files (x86)/atmel/studio/7.0/toolchain/arm/arm-gnu-toolchain/bin/../lib/gcc/arm-none-eabi/6.3.1/../../../../arm-none-eabi/lib/thumb/v7e-m\libc.a(lib_a-lock.o)
 .ARM.attributes
                0x00000864       0x2e c:/program files (x86)/atmel/studio/7.0/toolchain/arm/arm-gnu-toolchain/bin/../lib/gcc/arm-none-eabi/6.3.1/../../../../arm-none-eabi/lib/thumb/v7e-m\libc.a(lib_a-makebuf.o)
 .ARM.attributes
                0x00000892       0x2e c:/program files (x86)/atmel/studio/7.0/toolchain/arm/arm-gnu-toolchain/bin/../lib/gcc/arm-none-eabi/6.3.1/../../../../arm-none-eabi/lib/thumb/v7e-m\libc.a(lib_a-malloc.o)
 .ARM.attributes
                0x000008c0       0x2e c:/program files (x86)/atmel/studio/7.0/toolchain/arm/arm-gnu-toolchain/bin/../lib/gcc/arm-none-eabi/6.3.1/../../../../arm-none-eabi/lib/thumb/v7e-m\libc.a(lib_a-mallocr.o)
 .ARM.attributes
                0x000008ee       0x2e c:/program files (x86)/atmel/studio/7.0/toolchain/arm/arm-gnu-toolchain/bin/../lib/gcc/arm-none-eabi/6.3.1/../../../../arm-none-eabi/lib/thumb/v7e-m\libc.a(lib_a-mbtowc_r.o)
 .ARM.attributes
                0x0000091c       0x1c c:/program files (x86)/atmel/studio/7.0/toolchain/arm/arm-gnu-toolchain/bin/../lib/gcc/arm-none-eabi/6.3.1/../../../../arm-none-eabi/lib/thumb/v7e-m\libc.a(lib_a-memchr.o)
 .ARM.attributes
                0x00000938       0x2e c:/program files (x86)/atmel/studio/7.0/toolchain/arm/arm-gnu-toolchain/bin/../lib/gcc/arm-none-eabi/6.3.1/../../../../arm-none-eabi/lib/thumb/v7e-m\libc.a(lib_a-memmove.o)
 .ARM.attributes
                0x00000966       0x2e c:/program files (x86)/atmel/studio/7.0/toolchain/arm/arm-gnu-toolchain/bin/../lib/gcc/arm-none-eabi/6.3.1/../../../../arm-none-eabi/lib/thumb/v7e-m\libc.a(lib_a-mlock.o)
 .ARM.attributes
                0x00000994       0x2e c:/program files (x86)/atmel/studio/7.0/toolchain/arm/arm-gnu-toolchain/bin/../lib/gcc/arm-none-eabi/6.3.1/../../../../arm-none-eabi/lib/thumb/v7e-m\libc.a(lib_a-reallocr.o)
 .ARM.attributes
                0x000009c2       0x2e c:/program files (x86)/atmel/studio/7.0/toolchain/arm/arm-gnu-toolchain/bin/../lib/gcc/arm-none-eabi/6.3.1/../../../../arm-none-eabi/lib/thumb/v7e-m\libc.a(lib_a-sbrkr.o)
 .ARM.attributes
                0x000009f0       0x2e c:/program files (x86)/atmel/studio/7.0/toolchain/arm/arm-gnu-toolchain/bin/../lib/gcc/arm-none-eabi/6.3.1/../../../../arm-none-eabi/lib/thumb/v7e-m\libc.a(lib_a-stdio.o)
 .ARM.attributes
                0x00000a1e       0x2e c:/program files (x86)/atmel/studio/7.0/toolchain/arm/arm-gnu-toolchain/bin/../lib/gcc/arm-none-eabi/6.3.1/../../../../arm-none-eabi/lib/thumb/v7e-m\libc.a(lib_a-wbuf.o)
 .ARM.attributes
                0x00000a4c       0x2e c:/program files (x86)/atmel/studio/7.0/toolchain/arm/arm-gnu-toolchain/bin/../lib/gcc/arm-none-eabi/6.3.1/../../../../arm-none-eabi/lib/thumb/v7e-m\libc.a(lib_a-wcrtomb.o)
 .ARM.attributes
                0x00000a7a       0x2e c:/program files (x86)/atmel/studio/7.0/toolchain/arm/arm-gnu-toolchain/bin/../lib/gcc/arm-none-eabi/6.3.1/../../../../arm-none-eabi/lib/thumb/v7e-m\libc.a(lib_a-wctomb_r.o)
 .ARM.attributes
                0x00000aa8       0x2e c:/program files (x86)/atmel/studio/7.0/toolchain/arm/arm-gnu-toolchain/bin/../lib/gcc/arm-none-eabi/6.3.1/../../../../arm-none-eabi/lib/thumb/v7e-m\libc.a(lib_a-writer.o)
 .ARM.attributes
                0x00000ad6       0x2e c:/program files (x86)/atmel/studio/7.0/toolchain/arm/arm-gnu-toolchain/bin/../lib/gcc/arm-none-eabi/6.3.1/../../../../arm-none-eabi/lib/thumb/v7e-m\libc.a(lib_a-__atexit.o)
 .ARM.attributes
                0x00000b04       0x2e c:/program files (x86)/atmel/studio/7.0/toolchain/arm/arm-gnu-toolchain/bin/../lib/gcc/arm-none-eabi/6.3.1/../../../../arm-none-eabi/lib/thumb/v7e-m\libc.a(lib_a-closer.o)
 .ARM.attributes
                0x00000b32       0x2e c:/program files (x86)/atmel/studio/7.0/toolchain/arm/arm-gnu-toolchain/bin/../lib/gcc/arm-none-eabi/6.3.1/../../../../arm-none-eabi/lib/thumb/v7e-m\libc.a(lib_a-ctype_.o)
 .ARM.attributes
                0x00000b60       0x2e c:/program files (x86)/atmel/studio/7.0/toolchain/arm/arm-gnu-toolchain/bin/../lib/gcc/arm-none-eabi/6.3.1/../../../../arm-none-eabi/lib/thumb/v7e-m\libc.a(lib_a-fclose.o)
 .ARM.attributes
                0x00000b8e       0x2e c:/program files (x86)/atmel/studio/7.0/toolchain/arm/arm-gnu-toolchain/bin/../lib/gcc/arm-none-eabi/6.3.1/../../../../arm-none-eabi/lib/thumb/v7e-m\libc.a(lib_a-fstatr.o)
 .ARM.attributes
                0x00000bbc       0x2e c:/program files (x86)/atmel/studio/7.0/toolchain/arm/arm-gnu-toolchain/bin/../lib/gcc/arm-none-eabi/6.3.1/../../../../arm-none-eabi/lib/thumb/v7e-m\libc.a(lib_a-isattyr.o)
 .ARM.attributes
                0x00000bea       0x2e c:/program files (x86)/atmel/studio/7.0/toolchain/arm/arm-gnu-toolchain/bin/../lib/gcc/arm-none-eabi/6.3.1/../../../../arm-none-eabi/lib/thumb/v7e-m\libc.a(lib_a-lseekr.o)
 .ARM.attributes
                0x00000c18       0x2e c:/program files (x86)/atmel/studio/7.0/toolchain/arm/arm-gnu-toolchain/bin/../lib/gcc/arm-none-eabi/6.3.1/../../../../arm-none-eabi/lib/thumb/v7e-m\libc.a(lib_a-readr.o)
 .ARM.attributes
                0x00000c46       0x2e c:/program files (x86)/atmel/studio/7.0/toolchain/arm/arm-gnu-toolchain/bin/../lib/gcc/arm-none-eabi/6.3.1/../../../../arm-none-eabi/lib/thumb/v7e-m\libc.a(lib_a-reent.o)
 .ARM.attributes
                0x00000c74       0x1e c:/program files (x86)/atmel/studio/7.0/toolchain/arm/arm-gnu-toolchain/bin/../lib/gcc/arm-none-eabi/6.3.1/thumb/v7e-m/crtn.o

.comment        0x00000000       0x59
 .comment       0x00000000       0x59 src/SAM_SPI.o
                                 0x5a (size before relaxing)
 .comment       0x00000059       0x5a src/ASF/common/services/delay/sam/cycle_counter.o
 .comment       0x00000059       0x5a src/ASF/common/utils/stdio/read.o
 .comment       0x00000059       0x5a src/ASF/sam/drivers/usart/usart.o
 .comment       0x00000059       0x5a src/nRF24.o
 .comment       0x00000059       0x5a src/ASF/common/utils/stdio/write.o
 .comment       0x00000059       0x5a src/ASF/sam/drivers/spi/spi.o
 .comment       0x00000059       0x5a src/ASF/sam/drivers/uart/uart.o
 .comment       0x00000059       0x5a src/ASF/common/services/clock/same70/sysclk.o
 .comment       0x00000059       0x5a src/ASF/common/utils/interrupt/interrupt_sam_nvic.o
 .comment       0x00000059       0x5a src/ASF/sam/boards/same70_xplained/init.o
 .comment       0x00000059       0x5a src/ASF/sam/drivers/pio/pio.o
 .comment       0x00000059       0x5a src/ASF/sam/drivers/pio/pio_handler.o
 .comment       0x00000059       0x5a src/ASF/sam/drivers/pmc/pmc.o
 .comment       0x00000059       0x5a src/ASF/sam/utils/cmsis/same70/source/templates/gcc/startup_same70.o
 .comment       0x00000059       0x5a src/ASF/sam/utils/cmsis/same70/source/templates/system_same70.o
 .comment       0x00000059       0x5a src/ASF/sam/utils/syscalls/gcc/syscalls.o
 .comment       0x00000059       0x5a src/main.o

.debug_info     0x00000000    0x188f3
 .debug_info    0x00000000     0x18ea src/SAM_SPI.o
 .debug_info    0x000018ea      0xa45 src/ASF/common/services/delay/sam/cycle_counter.o
 .debug_info    0x0000232f      0xac9 src/ASF/common/utils/stdio/read.o
 .debug_info    0x00002df8     0x23ac src/ASF/sam/drivers/usart/usart.o
 .debug_info    0x000051a4     0x2b45 src/nRF24.o
 .debug_info    0x00007ce9      0xac6 src/ASF/common/utils/stdio/write.o
 .debug_info    0x000087af     0x1181 src/ASF/sam/drivers/spi/spi.o
 .debug_info    0x00009930     0x1072 src/ASF/sam/drivers/uart/uart.o
 .debug_info    0x0000a9a2     0x12a4 src/ASF/common/services/clock/same70/sysclk.o
 .debug_info    0x0000bc46      0xaff src/ASF/common/utils/interrupt/interrupt_sam_nvic.o
 .debug_info    0x0000c745     0x230f src/ASF/sam/boards/same70_xplained/init.o
 .debug_info    0x0000ea54     0x2174 src/ASF/sam/drivers/pio/pio.o
 .debug_info    0x00010bc8     0x1bb2 src/ASF/sam/drivers/pio/pio_handler.o
 .debug_info    0x0001277a     0x1f1c src/ASF/sam/drivers/pmc/pmc.o
 .debug_info    0x00014696     0x15fe src/ASF/sam/utils/cmsis/same70/source/templates/gcc/startup_same70.o
 .debug_info    0x00015c94      0x5d0 src/ASF/sam/utils/cmsis/same70/source/templates/system_same70.o
 .debug_info    0x00016264      0xdb0 src/ASF/sam/utils/syscalls/gcc/syscalls.o
 .debug_info    0x00017014     0x18df src/main.o

.debug_abbrev   0x00000000     0x3589
 .debug_abbrev  0x00000000      0x35a src/SAM_SPI.o
 .debug_abbrev  0x0000035a      0x1b3 src/ASF/common/services/delay/sam/cycle_counter.o
 .debug_abbrev  0x0000050d      0x1fe src/ASF/common/utils/stdio/read.o
 .debug_abbrev  0x0000070b      0x3ca src/ASF/sam/drivers/usart/usart.o
 .debug_abbrev  0x00000ad5      0x543 src/nRF24.o
 .debug_abbrev  0x00001018      0x1e9 src/ASF/common/utils/stdio/write.o
 .debug_abbrev  0x00001201      0x3b2 src/ASF/sam/drivers/spi/spi.o
 .debug_abbrev  0x000015b3      0x27b src/ASF/sam/drivers/uart/uart.o
 .debug_abbrev  0x0000182e      0x31f src/ASF/common/services/clock/same70/sysclk.o
 .debug_abbrev  0x00001b4d      0x221 src/ASF/common/utils/interrupt/interrupt_sam_nvic.o
 .debug_abbrev  0x00001d6e      0x338 src/ASF/sam/boards/same70_xplained/init.o
 .debug_abbrev  0x000020a6      0x410 src/ASF/sam/drivers/pio/pio.o
 .debug_abbrev  0x000024b6      0x34d src/ASF/sam/drivers/pio/pio_handler.o
 .debug_abbrev  0x00002803      0x398 src/ASF/sam/drivers/pmc/pmc.o
 .debug_abbrev  0x00002b9b      0x2f3 src/ASF/sam/utils/cmsis/same70/source/templates/gcc/startup_same70.o
 .debug_abbrev  0x00002e8e      0x102 src/ASF/sam/utils/cmsis/same70/source/templates/system_same70.o
 .debug_abbrev  0x00002f90      0x264 src/ASF/sam/utils/syscalls/gcc/syscalls.o
 .debug_abbrev  0x000031f4      0x395 src/main.o

.debug_loc      0x00000000     0x57e7
 .debug_loc     0x00000000      0x22d src/SAM_SPI.o
 .debug_loc     0x0000022d       0xb3 src/ASF/common/utils/stdio/read.o
 .debug_loc     0x000002e0      0xf35 src/ASF/sam/drivers/usart/usart.o
 .debug_loc     0x00001215     0x11dc src/nRF24.o
 .debug_loc     0x000023f1      0x12b src/ASF/common/utils/stdio/write.o
 .debug_loc     0x0000251c      0x610 src/ASF/sam/drivers/spi/spi.o
 .debug_loc     0x00002b2c      0x2a3 src/ASF/sam/drivers/uart/uart.o
 .debug_loc     0x00002dcf      0x183 src/ASF/common/services/clock/same70/sysclk.o
 .debug_loc     0x00002f52      0x2fa src/ASF/sam/boards/same70_xplained/init.o
 .debug_loc     0x0000324c      0xea4 src/ASF/sam/drivers/pio/pio.o
 .debug_loc     0x000040f0      0x59f src/ASF/sam/drivers/pio/pio_handler.o
 .debug_loc     0x0000468f      0xc33 src/ASF/sam/drivers/pmc/pmc.o
 .debug_loc     0x000052c2       0x77 src/ASF/sam/utils/cmsis/same70/source/templates/gcc/startup_same70.o
 .debug_loc     0x00005339       0xfd src/ASF/sam/utils/syscalls/gcc/syscalls.o
 .debug_loc     0x00005436      0x3b1 src/main.o

.debug_aranges  0x00000000      0xba0
 .debug_aranges
                0x00000000       0x30 src/SAM_SPI.o
 .debug_aranges
                0x00000030       0x20 src/ASF/common/services/delay/sam/cycle_counter.o
 .debug_aranges
                0x00000050       0x20 src/ASF/common/utils/stdio/read.o
 .debug_aranges
                0x00000070      0x2a8 src/ASF/sam/drivers/usart/usart.o
 .debug_aranges
                0x00000318      0x118 src/nRF24.o
 .debug_aranges
                0x00000430       0x20 src/ASF/common/utils/stdio/write.o
 .debug_aranges
                0x00000450       0x90 src/ASF/sam/drivers/spi/spi.o
 .debug_aranges
                0x000004e0       0xd8 src/ASF/sam/drivers/uart/uart.o
 .debug_aranges
                0x000005b8       0x40 src/ASF/common/services/clock/same70/sysclk.o
 .debug_aranges
                0x000005f8       0x28 src/ASF/common/utils/interrupt/interrupt_sam_nvic.o
 .debug_aranges
                0x00000620       0x20 src/ASF/sam/boards/same70_xplained/init.o
 .debug_aranges
                0x00000640      0x1a8 src/ASF/sam/drivers/pio/pio.o
 .debug_aranges
                0x000007e8       0x60 src/ASF/sam/drivers/pio/pio_handler.o
 .debug_aranges
                0x00000848      0x270 src/ASF/sam/drivers/pmc/pmc.o
 .debug_aranges
                0x00000ab8       0x28 src/ASF/sam/utils/cmsis/same70/source/templates/gcc/startup_same70.o
 .debug_aranges
                0x00000ae0       0x30 src/ASF/sam/utils/cmsis/same70/source/templates/system_same70.o
 .debug_aranges
                0x00000b10       0x60 src/ASF/sam/utils/syscalls/gcc/syscalls.o
 .debug_aranges
                0x00000b70       0x30 src/main.o

.debug_ranges   0x00000000      0xbe8
 .debug_ranges  0x00000000       0x20 src/SAM_SPI.o
 .debug_ranges  0x00000020       0x10 src/ASF/common/services/delay/sam/cycle_counter.o
 .debug_ranges  0x00000030       0x10 src/ASF/common/utils/stdio/read.o
 .debug_ranges  0x00000040      0x298 src/ASF/sam/drivers/usart/usart.o
 .debug_ranges  0x000002d8      0x150 src/nRF24.o
 .debug_ranges  0x00000428       0x10 src/ASF/common/utils/stdio/write.o
 .debug_ranges  0x00000438       0x80 src/ASF/sam/drivers/spi/spi.o
 .debug_ranges  0x000004b8       0xc8 src/ASF/sam/drivers/uart/uart.o
 .debug_ranges  0x00000580       0x30 src/ASF/common/services/clock/same70/sysclk.o
 .debug_ranges  0x000005b0       0x18 src/ASF/common/utils/interrupt/interrupt_sam_nvic.o
 .debug_ranges  0x000005c8       0x10 src/ASF/sam/boards/same70_xplained/init.o
 .debug_ranges  0x000005d8      0x2a0 src/ASF/sam/drivers/pio/pio.o
 .debug_ranges  0x00000878       0x68 src/ASF/sam/drivers/pio/pio_handler.o
 .debug_ranges  0x000008e0      0x260 src/ASF/sam/drivers/pmc/pmc.o
 .debug_ranges  0x00000b40       0x18 src/ASF/sam/utils/cmsis/same70/source/templates/gcc/startup_same70.o
 .debug_ranges  0x00000b58       0x20 src/ASF/sam/utils/cmsis/same70/source/templates/system_same70.o
 .debug_ranges  0x00000b78       0x50 src/ASF/sam/utils/syscalls/gcc/syscalls.o
 .debug_ranges  0x00000bc8       0x20 src/main.o

.debug_macro    0x00000000    0x2236e
 .debug_macro   0x00000000      0x812 src/SAM_SPI.o
 .debug_macro   0x00000812      0x8ce src/SAM_SPI.o
 .debug_macro   0x000010e0      0x16d src/SAM_SPI.o
 .debug_macro   0x0000124d      0x708 src/SAM_SPI.o
 .debug_macro   0x00001955       0x76 src/SAM_SPI.o
 .debug_macro   0x000019cb       0x16 src/SAM_SPI.o
 .debug_macro   0x000019e1      0x6da src/SAM_SPI.o
 .debug_macro   0x000020bb       0x22 src/SAM_SPI.o
 .debug_macro   0x000020dd       0x87 src/SAM_SPI.o
 .debug_macro   0x00002164       0x51 src/SAM_SPI.o
 .debug_macro   0x000021b5       0xef src/SAM_SPI.o
 .debug_macro   0x000022a4       0x6a src/SAM_SPI.o
 .debug_macro   0x0000230e      0x1df src/SAM_SPI.o
 .debug_macro   0x000024ed       0x51 src/SAM_SPI.o
 .debug_macro   0x0000253e       0x1c src/SAM_SPI.o
 .debug_macro   0x0000255a       0x22 src/SAM_SPI.o
 .debug_macro   0x0000257c       0xdf src/SAM_SPI.o
 .debug_macro   0x0000265b     0x12cd src/SAM_SPI.o
 .debug_macro   0x00003928      0x11f src/SAM_SPI.o
 .debug_macro   0x00003a47       0x19 src/SAM_SPI.o
 .debug_macro   0x00003a60      0x191 src/SAM_SPI.o
 .debug_macro   0x00003bf1      0x2ee src/SAM_SPI.o
 .debug_macro   0x00003edf      0xa23 src/SAM_SPI.o
 .debug_macro   0x00004902      0x1b4 src/SAM_SPI.o
 .debug_macro   0x00004ab6      0x35f src/SAM_SPI.o
 .debug_macro   0x00004e15      0x15a src/SAM_SPI.o
 .debug_macro   0x00004f6f     0x18b3 src/SAM_SPI.o
 .debug_macro   0x00006822       0x1c src/SAM_SPI.o
 .debug_macro   0x0000683e      0x6a2 src/SAM_SPI.o
 .debug_macro   0x00006ee0      0x27f src/SAM_SPI.o
 .debug_macro   0x0000715f      0x3ba src/SAM_SPI.o
 .debug_macro   0x00007519      0x4f0 src/SAM_SPI.o
 .debug_macro   0x00007a09      0x5cb src/SAM_SPI.o
 .debug_macro   0x00007fd4     0x1527 src/SAM_SPI.o
 .debug_macro   0x000094fb     0x2a40 src/SAM_SPI.o
 .debug_macro   0x0000bf3b     0x113e src/SAM_SPI.o
 .debug_macro   0x0000d079      0xcdb src/SAM_SPI.o
 .debug_macro   0x0000dd54      0x3c6 src/SAM_SPI.o
 .debug_macro   0x0000e11a       0xa0 src/SAM_SPI.o
 .debug_macro   0x0000e1ba       0x76 src/SAM_SPI.o
 .debug_macro   0x0000e230      0x442 src/SAM_SPI.o
 .debug_macro   0x0000e672       0x64 src/SAM_SPI.o
 .debug_macro   0x0000e6d6      0x299 src/SAM_SPI.o
 .debug_macro   0x0000e96f      0x201 src/SAM_SPI.o
 .debug_macro   0x0000eb70      0x280 src/SAM_SPI.o
 .debug_macro   0x0000edf0      0x539 src/SAM_SPI.o
 .debug_macro   0x0000f329      0x64f src/SAM_SPI.o
 .debug_macro   0x0000f978      0x6fd src/SAM_SPI.o
 .debug_macro   0x00010075       0x64 src/SAM_SPI.o
 .debug_macro   0x000100d9      0x4c4 src/SAM_SPI.o
 .debug_macro   0x0001059d      0x237 src/SAM_SPI.o
 .debug_macro   0x000107d4      0xa06 src/SAM_SPI.o
 .debug_macro   0x000111da     0x14ec src/SAM_SPI.o
 .debug_macro   0x000126c6       0x40 src/SAM_SPI.o
 .debug_macro   0x00012706       0x76 src/SAM_SPI.o
 .debug_macro   0x0001277c      0xdd1 src/SAM_SPI.o
 .debug_macro   0x0001354d       0x88 src/SAM_SPI.o
 .debug_macro   0x000135d5       0x7c src/SAM_SPI.o
 .debug_macro   0x00013651       0x52 src/SAM_SPI.o
 .debug_macro   0x000136a3      0x133 src/SAM_SPI.o
 .debug_macro   0x000137d6      0x133 src/SAM_SPI.o
 .debug_macro   0x00013909      0x133 src/SAM_SPI.o
 .debug_macro   0x00013a3c       0x76 src/SAM_SPI.o
 .debug_macro   0x00013ab2       0x76 src/SAM_SPI.o
 .debug_macro   0x00013b28      0x2fe src/SAM_SPI.o
 .debug_macro   0x00013e26       0xca src/SAM_SPI.o
 .debug_macro   0x00013ef0       0xca src/SAM_SPI.o
 .debug_macro   0x00013fba       0xca src/SAM_SPI.o
 .debug_macro   0x00014084      0x13b src/SAM_SPI.o
 .debug_macro   0x000141bf      0x13b src/SAM_SPI.o
 .debug_macro   0x000142fa      0x2cd src/SAM_SPI.o
 .debug_macro   0x000145c7       0xbe src/SAM_SPI.o
 .debug_macro   0x00014685       0x64 src/SAM_SPI.o
 .debug_macro   0x000146e9       0x46 src/SAM_SPI.o
 .debug_macro   0x0001472f       0x64 src/SAM_SPI.o
 .debug_macro   0x00014793       0xa6 src/SAM_SPI.o
 .debug_macro   0x00014839      0x4b7 src/SAM_SPI.o
 .debug_macro   0x00014cf0      0x133 src/SAM_SPI.o
 .debug_macro   0x00014e23       0x52 src/SAM_SPI.o
 .debug_macro   0x00014e75      0x2fe src/SAM_SPI.o
 .debug_macro   0x00015173       0x76 src/SAM_SPI.o
 .debug_macro   0x000151e9       0xbe src/SAM_SPI.o
 .debug_macro   0x000152a7       0x70 src/SAM_SPI.o
 .debug_macro   0x00015317       0x34 src/SAM_SPI.o
 .debug_macro   0x0001534b      0x9b8 src/SAM_SPI.o
 .debug_macro   0x00015d03       0x70 src/SAM_SPI.o
 .debug_macro   0x00015d73       0x8e src/SAM_SPI.o
 .debug_macro   0x00015e01       0x5e src/SAM_SPI.o
 .debug_macro   0x00015e5f       0xfa src/SAM_SPI.o
 .debug_macro   0x00015f59       0x4c src/SAM_SPI.o
 .debug_macro   0x00015fa5       0x4c src/SAM_SPI.o
 .debug_macro   0x00015ff1       0x16 src/SAM_SPI.o
 .debug_macro   0x00016007       0xfa src/SAM_SPI.o
 .debug_macro   0x00016101       0x52 src/SAM_SPI.o
 .debug_macro   0x00016153       0x16 src/SAM_SPI.o
 .debug_macro   0x00016169       0x52 src/SAM_SPI.o
 .debug_macro   0x000161bb       0x2e src/SAM_SPI.o
 .debug_macro   0x000161e9      0x1b3 src/SAM_SPI.o
 .debug_macro   0x0001639c      0x1b3 src/SAM_SPI.o
 .debug_macro   0x0001654f      0x1b3 src/SAM_SPI.o
 .debug_macro   0x00016702      0x1b3 src/SAM_SPI.o
 .debug_macro   0x000168b5      0x1b3 src/SAM_SPI.o
 .debug_macro   0x00016a68       0x1c src/SAM_SPI.o
 .debug_macro   0x00016a84       0x34 src/SAM_SPI.o
 .debug_macro   0x00016ab8       0x22 src/SAM_SPI.o
 .debug_macro   0x00016ada       0x1c src/SAM_SPI.o
 .debug_macro   0x00016af6       0x5e src/SAM_SPI.o
 .debug_macro   0x00016b54       0x10 src/SAM_SPI.o
 .debug_macro   0x00016b64       0x1c src/SAM_SPI.o
 .debug_macro   0x00016b80       0x52 src/SAM_SPI.o
 .debug_macro   0x00016bd2       0x52 src/SAM_SPI.o
 .debug_macro   0x00016c24       0x52 src/SAM_SPI.o
 .debug_macro   0x00016c76      0x33e src/SAM_SPI.o
 .debug_macro   0x00016fb4     0x10ab src/SAM_SPI.o
 .debug_macro   0x0001805f      0x107 src/SAM_SPI.o
 .debug_macro   0x00018166       0x58 src/SAM_SPI.o
 .debug_macro   0x000181be       0x35 src/SAM_SPI.o
 .debug_macro   0x000181f3       0x9c src/SAM_SPI.o
 .debug_macro   0x0001828f       0x16 src/SAM_SPI.o
 .debug_macro   0x000182a5       0x35 src/SAM_SPI.o
 .debug_macro   0x000182da      0x34d src/SAM_SPI.o
 .debug_macro   0x00018627       0x10 src/SAM_SPI.o
 .debug_macro   0x00018637       0x58 src/SAM_SPI.o
 .debug_macro   0x0001868f       0x1f src/SAM_SPI.o
 .debug_macro   0x000186ae       0x43 src/SAM_SPI.o
 .debug_macro   0x000186f1       0x20 src/SAM_SPI.o
 .debug_macro   0x00018711      0x187 src/SAM_SPI.o
 .debug_macro   0x00018898       0x10 src/SAM_SPI.o
 .debug_macro   0x000188a8       0x1c src/SAM_SPI.o
 .debug_macro   0x000188c4       0x52 src/SAM_SPI.o
 .debug_macro   0x00018916       0x40 src/SAM_SPI.o
 .debug_macro   0x00018956       0x10 src/SAM_SPI.o
 .debug_macro   0x00018966       0x40 src/SAM_SPI.o
 .debug_macro   0x000189a6       0xd7 src/SAM_SPI.o
 .debug_macro   0x00018a7d       0x16 src/SAM_SPI.o
 .debug_macro   0x00018a93      0x18b src/SAM_SPI.o
 .debug_macro   0x00018c1e       0x22 src/SAM_SPI.o
 .debug_macro   0x00018c40       0x16 src/SAM_SPI.o
 .debug_macro   0x00018c56       0x16 src/SAM_SPI.o
 .debug_macro   0x00018c6c       0x29 src/SAM_SPI.o
 .debug_macro   0x00018c95       0x73 src/SAM_SPI.o
 .debug_macro   0x00018d08       0x3e src/SAM_SPI.o
 .debug_macro   0x00018d46      0x3ca src/SAM_SPI.o
 .debug_macro   0x00019110       0x3a src/SAM_SPI.o
 .debug_macro   0x0001914a      0x2d8 src/SAM_SPI.o
 .debug_macro   0x00019422      0xa91 src/SAM_SPI.o
 .debug_macro   0x00019eb3       0x70 src/SAM_SPI.o
 .debug_macro   0x00019f23       0x64 src/SAM_SPI.o
 .debug_macro   0x00019f87       0x5f src/SAM_SPI.o
 .debug_macro   0x00019fe6       0xac src/SAM_SPI.o
 .debug_macro   0x0001a092       0x16 src/SAM_SPI.o
 .debug_macro   0x0001a0a8       0x28 src/SAM_SPI.o
 .debug_macro   0x0001a0d0       0x2e src/SAM_SPI.o
 .debug_macro   0x0001a0fe       0x40 src/SAM_SPI.o
 .debug_macro   0x0001a13e       0x28 src/SAM_SPI.o
 .debug_macro   0x0001a166       0x22 src/SAM_SPI.o
 .debug_macro   0x0001a188       0x94 src/SAM_SPI.o
 .debug_macro   0x0001a21c       0x40 src/SAM_SPI.o
 .debug_macro   0x0001a25c       0x88 src/SAM_SPI.o
 .debug_macro   0x0001a2e4      0x1cf src/SAM_SPI.o
 .debug_macro   0x0001a4b3       0x34 src/SAM_SPI.o
 .debug_macro   0x0001a4e7       0x16 src/SAM_SPI.o
 .debug_macro   0x0001a4fd       0x1c src/SAM_SPI.o
 .debug_macro   0x0001a519       0x1c src/SAM_SPI.o
 .debug_macro   0x0001a535       0x2e src/SAM_SPI.o
 .debug_macro   0x0001a563       0x28 src/SAM_SPI.o
 .debug_macro   0x0001a58b      0x69b src/ASF/common/services/delay/sam/cycle_counter.o
 .debug_macro   0x0001ac26       0x22 src/ASF/common/services/delay/sam/cycle_counter.o
 .debug_macro   0x0001ac48      0x68a src/ASF/common/utils/stdio/read.o
 .debug_macro   0x0001b2d2      0x6d1 src/ASF/sam/drivers/usart/usart.o
 .debug_macro   0x0001b9a3       0x28 src/ASF/sam/drivers/usart/usart.o
 .debug_macro   0x0001b9cb      0x84a src/nRF24.o
 .debug_macro   0x0001c215      0x227 src/nRF24.o
 .debug_macro   0x0001c43c       0x46 src/nRF24.o
 .debug_macro   0x0001c482       0x16 src/nRF24.o
 .debug_macro   0x0001c498      0x68a src/ASF/common/utils/stdio/write.o
 .debug_macro   0x0001cb22      0x70f src/ASF/sam/drivers/spi/spi.o
 .debug_macro   0x0001d231       0x10 src/ASF/sam/drivers/spi/spi.o
 .debug_macro   0x0001d241      0x69b src/ASF/sam/drivers/uart/uart.o
 .debug_macro   0x0001d8dc       0x16 src/ASF/sam/drivers/uart/uart.o
 .debug_macro   0x0001d8f2      0x706 src/ASF/common/services/clock/same70/sysclk.o
 .debug_macro   0x0001dff8      0x2d2 src/ASF/common/services/clock/same70/sysclk.o
 .debug_macro   0x0001e2ca      0x68a src/ASF/common/utils/interrupt/interrupt_sam_nvic.o
 .debug_macro   0x0001e954      0x742 src/ASF/sam/boards/same70_xplained/init.o
 .debug_macro   0x0001f096       0x2e src/ASF/sam/boards/same70_xplained/init.o
 .debug_macro   0x0001f0c4       0x82 src/ASF/sam/boards/same70_xplained/init.o
 .debug_macro   0x0001f146      0x6a1 src/ASF/sam/drivers/pio/pio.o
 .debug_macro   0x0001f7e7       0x8e src/ASF/sam/drivers/pio/pio.o
 .debug_macro   0x0001f875      0x6ac src/ASF/sam/drivers/pio/pio_handler.o
 .debug_macro   0x0001ff21      0x6a1 src/ASF/sam/drivers/pmc/pmc.o
 .debug_macro   0x000205c2       0x6a src/ASF/sam/drivers/pmc/pmc.o
 .debug_macro   0x0002062c      0x69a src/ASF/sam/utils/cmsis/same70/source/templates/gcc/startup_same70.o
 .debug_macro   0x00020cc6       0x10 src/ASF/sam/utils/cmsis/same70/source/templates/gcc/startup_same70.o
 .debug_macro   0x00020cd6      0x486 src/ASF/sam/utils/cmsis/same70/source/templates/system_same70.o
 .debug_macro   0x0002115c      0x1d6 src/ASF/sam/utils/syscalls/gcc/syscalls.o
 .debug_macro   0x00021332       0x52 src/ASF/sam/utils/syscalls/gcc/syscalls.o
 .debug_macro   0x00021384       0x8d src/ASF/sam/utils/syscalls/gcc/syscalls.o
 .debug_macro   0x00021411       0x57 src/ASF/sam/utils/syscalls/gcc/syscalls.o
 .debug_macro   0x00021468       0x97 src/ASF/sam/utils/syscalls/gcc/syscalls.o
 .debug_macro   0x000214ff      0x353 src/ASF/sam/utils/syscalls/gcc/syscalls.o
 .debug_macro   0x00021852       0xf6 src/ASF/sam/utils/syscalls/gcc/syscalls.o
 .debug_macro   0x00021948       0x4c src/ASF/sam/utils/syscalls/gcc/syscalls.o
 .debug_macro   0x00021994       0x16 src/ASF/sam/utils/syscalls/gcc/syscalls.o
 .debug_macro   0x000219aa       0x10 src/ASF/sam/utils/syscalls/gcc/syscalls.o
 .debug_macro   0x000219ba       0x10 src/ASF/sam/utils/syscalls/gcc/syscalls.o
 .debug_macro   0x000219ca       0x35 src/ASF/sam/utils/syscalls/gcc/syscalls.o
 .debug_macro   0x000219ff      0x122 src/ASF/sam/utils/syscalls/gcc/syscalls.o
 .debug_macro   0x00021b21      0x84d src/main.o

.debug_line     0x00000000     0xdbc1
 .debug_line    0x00000000      0xf0d src/SAM_SPI.o
 .debug_line    0x00000f0d      0xa20 src/ASF/common/services/delay/sam/cycle_counter.o
 .debug_line    0x0000192d      0xa1a src/ASF/common/utils/stdio/read.o
 .debug_line    0x00002347     0x10a9 src/ASF/sam/drivers/usart/usart.o
 .debug_line    0x000033f0     0x120f src/nRF24.o
 .debug_line    0x000045ff      0xa12 src/ASF/common/utils/stdio/write.o
 .debug_line    0x00005011      0xc73 src/ASF/sam/drivers/spi/spi.o
 .debug_line    0x00005c84      0xbac src/ASF/sam/drivers/uart/uart.o
 .debug_line    0x00006830      0xb82 src/ASF/common/services/clock/same70/sysclk.o
 .debug_line    0x000073b2      0xa2f src/ASF/common/utils/interrupt/interrupt_sam_nvic.o
 .debug_line    0x00007de1      0xcad src/ASF/sam/boards/same70_xplained/init.o
 .debug_line    0x00008a8e      0xf16 src/ASF/sam/drivers/pio/pio.o
 .debug_line    0x000099a4      0xafe src/ASF/sam/drivers/pio/pio_handler.o
 .debug_line    0x0000a4a2     0x10da src/ASF/sam/drivers/pmc/pmc.o
 .debug_line    0x0000b57c      0xa9f src/ASF/sam/utils/cmsis/same70/source/templates/gcc/startup_same70.o
 .debug_line    0x0000c01b      0x81b src/ASF/sam/utils/cmsis/same70/source/templates/system_same70.o
 .debug_line    0x0000c836      0x40b src/ASF/sam/utils/syscalls/gcc/syscalls.o
 .debug_line    0x0000cc41      0xf80 src/main.o

.debug_str      0x00000000    0x94d81
 .debug_str     0x00000000    0x905c7 src/SAM_SPI.o
                              0x90dc7 (size before relaxing)
 .debug_str     0x000905c7       0x35 src/ASF/common/services/delay/sam/cycle_counter.o
                              0x8a69b (size before relaxing)
 .debug_str     0x000905fc       0x2c src/ASF/common/utils/stdio/read.o
                              0x8a514 (size before relaxing)
 .debug_str     0x00090628      0xae9 src/ASF/sam/drivers/usart/usart.o
                              0x8b0a6 (size before relaxing)
 .debug_str     0x00091111      0xd20 src/nRF24.o
                              0x91416 (size before relaxing)
 .debug_str     0x00091e31       0x26 src/ASF/common/utils/stdio/write.o
                              0x8a515 (size before relaxing)
 .debug_str     0x00091e57      0x2b3 src/ASF/sam/drivers/spi/spi.o
                              0x8eba9 (size before relaxing)
 .debug_str     0x0009210a      0x2a4 src/ASF/sam/drivers/uart/uart.o
                              0x8a832 (size before relaxing)
 .debug_str     0x000923ae      0x41b src/ASF/common/services/clock/same70/sysclk.o
                              0x8ec41 (size before relaxing)
 .debug_str     0x000927c9       0x94 src/ASF/common/utils/interrupt/interrupt_sam_nvic.o
                              0x8a56b (size before relaxing)
 .debug_str     0x0009285d      0x5c6 src/ASF/sam/boards/same70_xplained/init.o
                              0x8f86c (size before relaxing)
 .debug_str     0x00092e23      0x5a6 src/ASF/sam/drivers/pio/pio.o
                              0x8b0cd (size before relaxing)
 .debug_str     0x000933c9      0x101 src/ASF/sam/drivers/pio/pio_handler.o
                              0x8b2a8 (size before relaxing)
 .debug_str     0x000934ca      0x6da src/ASF/sam/drivers/pmc/pmc.o
                              0x8b2a3 (size before relaxing)
 .debug_str     0x00093ba4      0x718 src/ASF/sam/utils/cmsis/same70/source/templates/gcc/startup_same70.o
                              0x8ae04 (size before relaxing)
 .debug_str     0x000942bc      0x137 src/ASF/sam/utils/cmsis/same70/source/templates/system_same70.o
                              0x7a0be (size before relaxing)
 .debug_str     0x000943f3      0x77b src/ASF/sam/utils/syscalls/gcc/syscalls.o
                               0x7476 (size before relaxing)
 .debug_str     0x00094b6e      0x213 src/main.o
                              0x9127b (size before relaxing)

.debug_frame    0x00000000     0x26cc
 .debug_frame   0x00000000       0x6c src/SAM_SPI.o
 .debug_frame   0x0000006c       0x20 src/ASF/common/services/delay/sam/cycle_counter.o
 .debug_frame   0x0000008c       0x30 src/ASF/common/utils/stdio/read.o
 .debug_frame   0x000000bc      0x5c0 src/ASF/sam/drivers/usart/usart.o
 .debug_frame   0x0000067c      0x3a4 src/nRF24.o
 .debug_frame   0x00000a20       0x48 src/ASF/common/utils/stdio/write.o
 .debug_frame   0x00000a68      0x140 src/ASF/sam/drivers/spi/spi.o
 .debug_frame   0x00000ba8      0x19c src/ASF/sam/drivers/uart/uart.o
 .debug_frame   0x00000d44       0x88 src/ASF/common/services/clock/same70/sysclk.o
 .debug_frame   0x00000dcc       0x30 src/ASF/common/utils/interrupt/interrupt_sam_nvic.o
 .debug_frame   0x00000dfc       0x30 src/ASF/sam/boards/same70_xplained/init.o
 .debug_frame   0x00000e2c      0x390 src/ASF/sam/drivers/pio/pio.o
 .debug_frame   0x000011bc      0x110 src/ASF/sam/drivers/pio/pio_handler.o
 .debug_frame   0x000012cc      0x4ec src/ASF/sam/drivers/pmc/pmc.o
 .debug_frame   0x000017b8       0x38 src/ASF/sam/utils/cmsis/same70/source/templates/gcc/startup_same70.o
 .debug_frame   0x000017f0       0x40 src/ASF/sam/utils/cmsis/same70/source/templates/system_same70.o
 .debug_frame   0x00001830       0xa0 src/ASF/sam/utils/syscalls/gcc/syscalls.o
 .debug_frame   0x000018d0       0x7c src/main.o
 .debug_frame   0x0000194c       0x2c c:/program files (x86)/atmel/studio/7.0/toolchain/arm/arm-gnu-toolchain/bin/../lib/gcc/arm-none-eabi/6.3.1/thumb/v7e-m\libgcc.a(_aeabi_uldivmod.o)
 .debug_frame   0x00001978       0x34 c:/program files (x86)/atmel/studio/7.0/toolchain/arm/arm-gnu-toolchain/bin/../lib/gcc/arm-none-eabi/6.3.1/thumb/v7e-m\libgcc.a(_udivmoddi4.o)
 .debug_frame   0x000019ac       0x2c c:/program files (x86)/atmel/studio/7.0/toolchain/arm/arm-gnu-toolchain/bin/../lib/gcc/arm-none-eabi/6.3.1/../../../../arm-none-eabi/lib/thumb/v7e-m\libc.a(lib_a-init.o)
 .debug_frame   0x000019d8       0x74 c:/program files (x86)/atmel/studio/7.0/toolchain/arm/arm-gnu-toolchain/bin/../lib/gcc/arm-none-eabi/6.3.1/../../../../arm-none-eabi/lib/thumb/v7e-m\libc.a(lib_a-iprintf.o)
 .debug_frame   0x00001a4c       0x34 c:/program files (x86)/atmel/studio/7.0/toolchain/arm/arm-gnu-toolchain/bin/../lib/gcc/arm-none-eabi/6.3.1/../../../../arm-none-eabi/lib/thumb/v7e-m\libc.a(lib_a-memset.o)
 .debug_frame   0x00001a80       0x4c c:/program files (x86)/atmel/studio/7.0/toolchain/arm/arm-gnu-toolchain/bin/../lib/gcc/arm-none-eabi/6.3.1/../../../../arm-none-eabi/lib/thumb/v7e-m\libc.a(lib_a-puts.o)
 .debug_frame   0x00001acc       0x20 c:/program files (x86)/atmel/studio/7.0/toolchain/arm/arm-gnu-toolchain/bin/../lib/gcc/arm-none-eabi/6.3.1/../../../../arm-none-eabi/lib/thumb/v7e-m\libc.a(lib_a-setbuf.o)
 .debug_frame   0x00001aec       0x48 c:/program files (x86)/atmel/studio/7.0/toolchain/arm/arm-gnu-toolchain/bin/../lib/gcc/arm-none-eabi/6.3.1/../../../../arm-none-eabi/lib/thumb/v7e-m\libc.a(lib_a-setvbuf.o)
 .debug_frame   0x00001b34       0xd8 c:/program files (x86)/atmel/studio/7.0/toolchain/arm/arm-gnu-toolchain/bin/../lib/gcc/arm-none-eabi/6.3.1/../../../../arm-none-eabi/lib/thumb/v7e-m\libc.a(lib_a-vfiprintf.o)
 .debug_frame   0x00001c0c       0x2c c:/program files (x86)/atmel/studio/7.0/toolchain/arm/arm-gnu-toolchain/bin/../lib/gcc/arm-none-eabi/6.3.1/../../../../arm-none-eabi/lib/thumb/v7e-m\libc.a(lib_a-wsetup.o)
 .debug_frame   0x00001c38       0x5c c:/program files (x86)/atmel/studio/7.0/toolchain/arm/arm-gnu-toolchain/bin/../lib/gcc/arm-none-eabi/6.3.1/../../../../arm-none-eabi/lib/thumb/v7e-m\libc.a(lib_a-__call_atexit.o)
 .debug_frame   0x00001c94       0x20 c:/program files (x86)/atmel/studio/7.0/toolchain/arm/arm-gnu-toolchain/bin/../lib/gcc/arm-none-eabi/6.3.1/../../../../arm-none-eabi/lib/thumb/v7e-m\libc.a(lib_a-atexit.o)
 .debug_frame   0x00001cb4       0x5c c:/program files (x86)/atmel/studio/7.0/toolchain/arm/arm-gnu-toolchain/bin/../lib/gcc/arm-none-eabi/6.3.1/../../../../arm-none-eabi/lib/thumb/v7e-m\libc.a(lib_a-fflush.o)